Archive member included to satisfy reference by file (symbol)

/Applications/ArmGNUToolchain/13.2.Rel1/arm-none-eabi/bin/../lib/gcc/arm-none-eabi/13.2.1/thumb/v6-m/nofp/libgcc.a(_dvmd_tls.o)
                              CMakeFiles/pico_wireless.dir/Users/jin/.pico-sdk/sdk/1.5.1/src/rp2_common/pico_divider/divider.S.obj (__aeabi_idiv0)
/Applications/ArmGNUToolchain/13.2.Rel1/arm-none-eabi/bin/../lib/gcc/arm-none-eabi/13.2.1/../../../../arm-none-eabi/lib/thumb/v6-m/nofp/libg.a(libc_a-calloc.o)
                              CMakeFiles/pico_wireless.dir/Users/jin/.pico-sdk/sdk/1.5.1/src/rp2_common/pico_malloc/pico_malloc.c.obj (calloc)
/Applications/ArmGNUToolchain/13.2.Rel1/arm-none-eabi/bin/../lib/gcc/arm-none-eabi/13.2.1/../../../../arm-none-eabi/lib/thumb/v6-m/nofp/libg.a(libc_a-callocr.o)
                              /Applications/ArmGNUToolchain/13.2.Rel1/arm-none-eabi/bin/../lib/gcc/arm-none-eabi/13.2.1/../../../../arm-none-eabi/lib/thumb/v6-m/nofp/libg.a(libc_a-calloc.o) (_calloc_r)
/Applications/ArmGNUToolchain/13.2.Rel1/arm-none-eabi/bin/../lib/gcc/arm-none-eabi/13.2.1/../../../../arm-none-eabi/lib/thumb/v6-m/nofp/libg.a(libc_a-malloc.o)
                              CMakeFiles/pico_wireless.dir/Users/jin/.pico-sdk/sdk/1.5.1/src/rp2_common/pico_malloc/pico_malloc.c.obj (malloc)
/Applications/ArmGNUToolchain/13.2.Rel1/arm-none-eabi/bin/../lib/gcc/arm-none-eabi/13.2.1/../../../../arm-none-eabi/lib/thumb/v6-m/nofp/libg.a(libc_a-mallocr.o)
                              /Applications/ArmGNUToolchain/13.2.Rel1/arm-none-eabi/bin/../lib/gcc/arm-none-eabi/13.2.1/../../../../arm-none-eabi/lib/thumb/v6-m/nofp/libg.a(libc_a-callocr.o) (_malloc_r)
/Applications/ArmGNUToolchain/13.2.Rel1/arm-none-eabi/bin/../lib/gcc/arm-none-eabi/13.2.1/../../../../arm-none-eabi/lib/thumb/v6-m/nofp/libg.a(libc_a-mlock.o)
                              /Applications/ArmGNUToolchain/13.2.Rel1/arm-none-eabi/bin/../lib/gcc/arm-none-eabi/13.2.1/../../../../arm-none-eabi/lib/thumb/v6-m/nofp/libg.a(libc_a-mallocr.o) (__malloc_lock)
/Applications/ArmGNUToolchain/13.2.Rel1/arm-none-eabi/bin/../lib/gcc/arm-none-eabi/13.2.1/../../../../arm-none-eabi/lib/thumb/v6-m/nofp/libg.a(libc_a-realloc.o)
                              CMakeFiles/pico_wireless.dir/Users/jin/.pico-sdk/sdk/1.5.1/src/rp2_common/pico_malloc/pico_malloc.c.obj (realloc)
/Applications/ArmGNUToolchain/13.2.Rel1/arm-none-eabi/bin/../lib/gcc/arm-none-eabi/13.2.1/../../../../arm-none-eabi/lib/thumb/v6-m/nofp/libg.a(libc_a-reallocr.o)
                              /Applications/ArmGNUToolchain/13.2.Rel1/arm-none-eabi/bin/../lib/gcc/arm-none-eabi/13.2.1/../../../../arm-none-eabi/lib/thumb/v6-m/nofp/libg.a(libc_a-realloc.o) (_realloc_r)
/Applications/ArmGNUToolchain/13.2.Rel1/arm-none-eabi/bin/../lib/gcc/arm-none-eabi/13.2.1/../../../../arm-none-eabi/lib/thumb/v6-m/nofp/libg.a(libc_a-memmove.o)
                              /Applications/ArmGNUToolchain/13.2.Rel1/arm-none-eabi/bin/../lib/gcc/arm-none-eabi/13.2.1/../../../../arm-none-eabi/lib/thumb/v6-m/nofp/libg.a(libc_a-reallocr.o) (memmove)
/Applications/ArmGNUToolchain/13.2.Rel1/arm-none-eabi/bin/../lib/gcc/arm-none-eabi/13.2.1/../../../../arm-none-eabi/lib/thumb/v6-m/nofp/libg.a(libc_a-impure.o)
                              /Applications/ArmGNUToolchain/13.2.Rel1/arm-none-eabi/bin/../lib/gcc/arm-none-eabi/13.2.1/../../../../arm-none-eabi/lib/thumb/v6-m/nofp/libg.a(libc_a-calloc.o) (_impure_ptr)
/Applications/ArmGNUToolchain/13.2.Rel1/arm-none-eabi/bin/../lib/gcc/arm-none-eabi/13.2.1/../../../../arm-none-eabi/lib/thumb/v6-m/nofp/libg.a(libc_a-sbrkr.o)
                              /Applications/ArmGNUToolchain/13.2.Rel1/arm-none-eabi/bin/../lib/gcc/arm-none-eabi/13.2.1/../../../../arm-none-eabi/lib/thumb/v6-m/nofp/libg.a(libc_a-mallocr.o) (_sbrk_r)
/Applications/ArmGNUToolchain/13.2.Rel1/arm-none-eabi/bin/../lib/gcc/arm-none-eabi/13.2.1/../../../../arm-none-eabi/lib/thumb/v6-m/nofp/libg.a(libc_a-errno.o)
                              /Applications/ArmGNUToolchain/13.2.Rel1/arm-none-eabi/bin/../lib/gcc/arm-none-eabi/13.2.1/../../../../arm-none-eabi/lib/thumb/v6-m/nofp/libg.a(libc_a-callocr.o) (__errno)
/Applications/ArmGNUToolchain/13.2.Rel1/arm-none-eabi/bin/../lib/gcc/arm-none-eabi/13.2.1/../../../../arm-none-eabi/lib/thumb/v6-m/nofp/libg.a(libc_a-sysconf.o)
                              /Applications/ArmGNUToolchain/13.2.Rel1/arm-none-eabi/bin/../lib/gcc/arm-none-eabi/13.2.1/../../../../arm-none-eabi/lib/thumb/v6-m/nofp/libg.a(libc_a-mallocr.o) (sysconf)
/Applications/ArmGNUToolchain/13.2.Rel1/arm-none-eabi/bin/../lib/gcc/arm-none-eabi/13.2.1/../../../../arm-none-eabi/lib/thumb/v6-m/nofp/libg.a(libc_a-init.o)
                              /Applications/ArmGNUToolchain/13.2.Rel1/arm-none-eabi/bin/../lib/gcc/arm-none-eabi/13.2.1/../../../../arm-none-eabi/lib/thumb/v6-m/nofp/crt0.o (__libc_init_array)
[...]
Memory Configuration

Name             Origin             Length             Attributes
FLASH            0x10000000         0x00200000         xr
RAM              0x20000000         0x00040000         xrw
SCRATCH_X        0x20040000         0x00001000         xrw
SCRATCH_Y        0x20041000         0x00001000         xrw
*default*        0x00000000         0xffffffff

Linker script and memory map

LOAD /Applications/ArmGNUToolchain/13.2.Rel1/arm-none-eabi/bin/../lib/gcc/arm-none-eabi/13.2.1/thumb/v6-m/nofp/crti.o
LOAD /Applications/ArmGNUToolchain/13.2.Rel1/arm-none-eabi/bin/../lib/gcc/arm-none-eabi/13.2.1/thumb/v6-m/nofp/crtbegin.o
LOAD /Applications/ArmGNUToolchain/13.2.Rel1/arm-none-eabi/bin/../lib/gcc/arm-none-eabi/13.2.1/../../../../arm-none-eabi/lib/thumb/v6-m/nofp/crt0.o

.flash_begin    0x10000000        0x0
                0x10000000                        __flash_binary_start = .

.boot2          0x10000000      0x100
                0x10000000                        __boot2_start__ = .
 *(.boot2)
 .boot2         0x10000000      0x100 /var/folders/dt/771_f9hs13731x0fqnqc0nk80000gn/T//ccV2sIiu.o
                0x10000100                        __boot2_end__ = .
                0x00000001                        ASSERT (((__boot2_end__ - __boot2_start__) == 0x100), ERROR: Pico second stage bootloader must be 256 bytes in size)

.text           0x10000100     0x4128
                0x10000100                        __logical_binary_start = .
 *(.vectors)
 .vectors       0x10000100       0xd4 CMakeFiles/pico_wireless.dir/Users/jin/.pico-sdk/sdk/1.5.1/src/rp2_common/pico_standard_link/crt0.S.obj
                0x10000100                __VECTOR_TABLE
                0x10000100                __vectors
                0x100001c0                __default_isrs_start
                0x100001c0                isr_invalid
                0x100001c2                isr_nmi
                0x100001c4                isr_hardfault
                0x100001c6                isr_svcall
                0x100001c8                isr_pendsv
                0x100001ca                isr_systick
                0x100001cc                isr_irq28
                0x100001cc                isr_irq19
                0x100001cc                isr_irq0
                0x100001cc                isr_irq6
                0x100001cc                isr_irq22
                0x100001cc                isr_irq17
                0x100001cc                isr_irq14
                0x100001cc                isr_irq2
                0x100001cc                isr_irq10
                0x100001cc                isr_irq8
                0x100001cc                isr_irq24
                0x100001cc                isr_irq1
                0x100001cc                isr_irq7
                0x100001cc                isr_irq21
                0x100001cc                isr_irq20
                0x100001cc                isr_irq15
                0x100001cc                isr_irq25
                0x100001cc                isr_irq4
                0x100001cc                isr_irq16
                0x100001cc                isr_irq29
                0x100001cc                isr_irq26
                0x100001cc                __default_isrs_end
                0x100001cc                isr_irq3
                0x100001cc                isr_irq9
                0x100001cc                __unhandled_user_irq
                0x100001cc                isr_irq13
                0x100001cc                isr_irq27
                0x100001cc                isr_irq31
                0x100001cc                isr_irq5
                0x100001cc                isr_irq11
                0x100001cc                isr_irq23
                0x100001cc                isr_irq18
                0x100001cc                isr_irq30
                0x100001cc                isr_irq12
                0x100001d2                unhandled_user_irq_num_in_r0
 *(.binary_info_header)
 .binary_info_header
                0x100001d4       0x14 CMakeFiles/pico_wireless.dir/Users/jin/.pico-sdk/sdk/1.5.1/src/rp2_common/pico_standard_link/crt0.S.obj
                0x100001e8                        __binary_info_header_end = .
 *(.reset)
 .reset         0x100001e8       0xa0 CMakeFiles/pico_wireless.dir/Users/jin/.pico-sdk/sdk/1.5.1/src/rp2_common/pico_standard_link/crt0.S.obj
                0x100001e8                _entry_point
 .reset         0x10000288       0x30 CMakeFiles/pico_wireless.dir/Users/jin/.pico-sdk/sdk/1.5.1/src/rp2_common/pico_standard_link/binary_info.c.obj
 *(.init)
 .init          0x100002b8        0x4 /Applications/ArmGNUToolchain/13.2.Rel1/arm-none-eabi/bin/../lib/gcc/arm-none-eabi/13.2.1/thumb/v6-m/nofp/crti.o
                0x100002b8                _init
 *(EXCLUDE_FILE(*libm.a: *libc.a:*lib_a-mem*.o *libgcc.a:) .text*)
 .text.register_tm_clones
                0x100002bc       0x28 /Applications/ArmGNUToolchain/13.2.Rel1/arm-none-eabi/bin/../lib/gcc/arm-none-eabi/13.2.1/thumb/v6-m/nofp/crtbegin.o
 .text.frame_dummy
                0x100002e4       0x24 /Applications/ArmGNUToolchain/13.2.Rel1/arm-none-eabi/bin/../lib/gcc/arm-none-eabi/13.2.1/thumb/v6-m/nofp/crtbegin.o
 .text.nrf24l01_init
                0x10000308       0x4c CMakeFiles/pico_wireless.dir/pico_wireless.c.obj
                0x10000308                nrf24l01_init
 .text.main     0x10000354       0x1c CMakeFiles/pico_wireless.dir/pico_wireless.c.obj
                0x10000354                main
 .text.gpio_set_function
                0x10000370       0x30 CMakeFiles/pico_wireless.dir/Users/jin/.pico-sdk/sdk/1.5.1/src/rp2_common/hardware_gpio/gpio.c.obj
                0x10000370                gpio_set_function
 .text.gpio_init
                0x100003a0       0x16 CMakeFiles/pico_wireless.dir/Users/jin/.pico-sdk/sdk/1.5.1/src/rp2_common/hardware_gpio/gpio.c.obj
                0x100003a0                gpio_init
 *fill*         0x100003b6        0x2 
 .text.running_on_fpga
                0x100003b8       0x14 CMakeFiles/pico_wireless.dir/Users/jin/.pico-sdk/sdk/1.5.1/src/rp2_common/pico_platform/platform.c.obj
                0x100003b8                running_on_fpga
 .text.hw_claim_lock
                0x100003cc       0x18 CMakeFiles/pico_wireless.dir/Users/jin/.pico-sdk/sdk/1.5.1/src/rp2_common/hardware_claim/claim.c.obj
                0x100003cc                hw_claim_lock
 .text.hw_claim_unlock
                0x100003e4       0x14 CMakeFiles/pico_wireless.dir/Users/jin/.pico-sdk/sdk/1.5.1/src/rp2_common/hardware_claim/claim.c.obj
                0x100003e4                hw_claim_unlock
 .text.hw_claim_or_assert
                0x100003f8       0x32 CMakeFiles/pico_wireless.dir/Users/jin/.pico-sdk/sdk/1.5.1/src/rp2_common/hardware_claim/claim.c.obj
                0x100003f8                hw_claim_or_assert
 *fill*         0x1000042a        0x2 
 .text.spin_locks_reset
                0x1000042c       0x20 CMakeFiles/pico_wireless.dir/Users/jin/.pico-sdk/sdk/1.5.1/src/rp2_common/hardware_sync/sync.c.obj
                0x1000042c                spin_locks_reset
 .text.next_striped_spin_lock_num
                0x1000044c       0x1c CMakeFiles/pico_wireless.dir/Users/jin/.pico-sdk/sdk/1.5.1/src/rp2_common/hardware_sync/sync.c.obj
                0x1000044c                next_striped_spin_lock_num
 .text.set_raw_irq_handler_and_unlock
                0x10000468       0x28 CMakeFiles/pico_wireless.dir/Users/jin/.pico-sdk/sdk/1.5.1/src/rp2_common/hardware_irq/irq.c.obj
 .text.resolve_branch
                0x10000490       0x30 CMakeFiles/pico_wireless.dir/Users/jin/.pico-sdk/sdk/1.5.1/src/rp2_common/hardware_irq/irq.c.obj
 .text.make_branch
                0x100004c0       0x48 CMakeFiles/pico_wireless.dir/Users/jin/.pico-sdk/sdk/1.5.1/src/rp2_common/hardware_irq/irq.c.obj
 .text.insert_branch_and_link
                0x10000508       0x40 CMakeFiles/pico_wireless.dir/Users/jin/.pico-sdk/sdk/1.5.1/src/rp2_common/hardware_irq/irq.c.obj
 .text.irq_is_enabled
                0x10000548       0x18 CMakeFiles/pico_wireless.dir/Users/jin/.pico-sdk/sdk/1.5.1/src/rp2_common/hardware_irq/irq.c.obj
                0x10000548                irq_is_enabled
 .text.irq_set_mask_enabled
                0x10000560       0x20 CMakeFiles/pico_wireless.dir/Users/jin/.pico-sdk/sdk/1.5.1/src/rp2_common/hardware_irq/irq.c.obj
                0x10000560                irq_set_mask_enabled
 .text.irq_set_enabled
                0x10000580        0xe CMakeFiles/pico_wireless.dir/Users/jin/.pico-sdk/sdk/1.5.1/src/rp2_common/hardware_irq/irq.c.obj
                0x10000580                irq_set_enabled
 *fill*         0x1000058e        0x2 
 .text.irq_get_vtable_handler
                0x10000590       0x10 CMakeFiles/pico_wireless.dir/Users/jin/.pico-sdk/sdk/1.5.1/src/rp2_common/hardware_irq/irq.c.obj
                0x10000590                irq_get_vtable_handler
 .text.irq_set_exclusive_handler
                0x100005a0       0x54 CMakeFiles/pico_wireless.dir/Users/jin/.pico-sdk/sdk/1.5.1/src/rp2_common/hardware_irq/irq.c.obj
                0x100005a0                irq_set_exclusive_handler
 .text.irq_remove_handler
                0x100005f4      0x188 CMakeFiles/pico_wireless.dir/Users/jin/.pico-sdk/sdk/1.5.1/src/rp2_common/hardware_irq/irq.c.obj
                0x100005f4                irq_remove_handler
 .text.irq_add_tail_to_free_list
                0x1000077c       0xf0 CMakeFiles/pico_wireless.dir/Users/jin/.pico-sdk/sdk/1.5.1/src/rp2_common/hardware_irq/irq.c.obj
                0x1000077c                irq_add_tail_to_free_list
 .text.irq_init_priorities
                0x1000086c       0x1c CMakeFiles/pico_wireless.dir/Users/jin/.pico-sdk/sdk/1.5.1/src/rp2_common/hardware_irq/irq.c.obj
                0x1000086c                irq_init_priorities
 .text.lock_init
                0x10000888       0x10 CMakeFiles/pico_wireless.dir/Users/jin/.pico-sdk/sdk/1.5.1/src/common/pico_sync/lock_core.c.obj
                0x10000888                lock_init
 .text.mutex_init
                0x10000898       0x1a CMakeFiles/pico_wireless.dir/Users/jin/.pico-sdk/sdk/1.5.1/src/common/pico_sync/mutex.c.obj
                0x10000898                mutex_init
 .text.recursive_mutex_init
                0x100008b2       0x1e CMakeFiles/pico_wireless.dir/Users/jin/.pico-sdk/sdk/1.5.1/src/common/pico_sync/mutex.c.obj
                0x100008b2                recursive_mutex_init
 .text.time_reached
                0x100008d0       0x28 CMakeFiles/pico_wireless.dir/Users/jin/.pico-sdk/sdk/1.5.1/src/common/pico_time/time.c.obj
 .text.get_entry
                0x100008f8       0x38 CMakeFiles/pico_wireless.dir/Users/jin/.pico-sdk/sdk/1.5.1/src/common/pico_time/time.c.obj
 .text.timer_pool_entry_comparator
                0x10000930       0x2e CMakeFiles/pico_wireless.dir/Users/jin/.pico-sdk/sdk/1.5.1/src/common/pico_time/time.c.obj
                0x10000930                timer_pool_entry_comparator
 *fill*         0x1000095e        0x2 
 .text.update_us_since_boot
                0x10000960       0x24 CMakeFiles/pico_wireless.dir/Users/jin/.pico-sdk/sdk/1.5.1/src/common/pico_time/time.c.obj
 .text.delayed_by_us
                0x10000984       0x34 CMakeFiles/pico_wireless.dir/Users/jin/.pico-sdk/sdk/1.5.1/src/common/pico_time/time.c.obj
 .text.ph_get_node
                0x100009b8       0x30 CMakeFiles/pico_wireless.dir/Users/jin/.pico-sdk/sdk/1.5.1/src/common/pico_time/time.c.obj
 .text.ph_contains_node
                0x100009e8       0x1e CMakeFiles/pico_wireless.dir/Users/jin/.pico-sdk/sdk/1.5.1/src/common/pico_time/time.c.obj
 .text.ph_new_node
                0x10000a06       0x28 CMakeFiles/pico_wireless.dir/Users/jin/.pico-sdk/sdk/1.5.1/src/common/pico_time/time.c.obj
 *fill*         0x10000a2e        0x2 
 .text.ph_add_child_node
                0x10000a30       0x6c CMakeFiles/pico_wireless.dir/Users/jin/.pico-sdk/sdk/1.5.1/src/common/pico_time/time.c.obj
 .text.ph_merge_nodes
                0x10000a9c       0x3e CMakeFiles/pico_wireless.dir/Users/jin/.pico-sdk/sdk/1.5.1/src/common/pico_time/time.c.obj
 *fill*         0x10000ada        0x2 
 .text.ph_insert_node
                0x10000adc       0x3c CMakeFiles/pico_wireless.dir/Users/jin/.pico-sdk/sdk/1.5.1/src/common/pico_time/time.c.obj
 .text.ph_free_node
                0x10000b18       0x5c CMakeFiles/pico_wireless.dir/Users/jin/.pico-sdk/sdk/1.5.1/src/common/pico_time/time.c.obj
 .text.get_entry_id_high
                0x10000b74       0x30 CMakeFiles/pico_wireless.dir/Users/jin/.pico-sdk/sdk/1.5.1/src/common/pico_time/time.c.obj
 .text.alarm_pool_post_alloc_init
                0x10000ba4       0x40 CMakeFiles/pico_wireless.dir/Users/jin/.pico-sdk/sdk/1.5.1/src/common/pico_time/time.c.obj
 .text.sleep_until_callback
                0x10000be4       0x30 CMakeFiles/pico_wireless.dir/Users/jin/.pico-sdk/sdk/1.5.1/src/common/pico_time/time.c.obj
 .text.get_absolute_time
                0x10000c14       0x22 CMakeFiles/pico_wireless.dir/Users/jin/.pico-sdk/sdk/1.5.1/src/common/pico_time/time.c.obj
 .text.make_timeout_time_us
                0x10000c36       0x24 CMakeFiles/pico_wireless.dir/Users/jin/.pico-sdk/sdk/1.5.1/src/common/pico_time/time.c.obj
 *fill*         0x10000c5a        0x2 
 .text.add_alarm_under_lock
                0x10000c5c       0x94 CMakeFiles/pico_wireless.dir/Users/jin/.pico-sdk/sdk/1.5.1/src/common/pico_time/time.c.obj
 .text.alarm_pool_alarm_callback
                0x10000cf0      0x210 CMakeFiles/pico_wireless.dir/Users/jin/.pico-sdk/sdk/1.5.1/src/common/pico_time/time.c.obj
 .text.alarm_pool_init_default
                0x10000f00       0x40 CMakeFiles/pico_wireless.dir/Users/jin/.pico-sdk/sdk/1.5.1/src/common/pico_time/time.c.obj
                0x10000f00                alarm_pool_init_default
 .text.alarm_pool_get_default
                0x10000f40       0x2c CMakeFiles/pico_wireless.dir/Users/jin/.pico-sdk/sdk/1.5.1/src/common/pico_time/time.c.obj
                0x10000f40                alarm_pool_get_default
 .text.alarm_pool_add_alarm_at
                0x10000f6c      0x10e CMakeFiles/pico_wireless.dir/Users/jin/.pico-sdk/sdk/1.5.1/src/common/pico_time/time.c.obj
                0x10000f6c                alarm_pool_add_alarm_at
 .text.add_alarm_at
                0x1000107a       0x2e CMakeFiles/pico_wireless.dir/Users/jin/.pico-sdk/sdk/1.5.1/src/common/pico_time/time.c.obj
 .text.alarm_pool_cancel_alarm
                0x100010a8       0xa8 CMakeFiles/pico_wireless.dir/Users/jin/.pico-sdk/sdk/1.5.1/src/common/pico_time/time.c.obj
                0x100010a8                alarm_pool_cancel_alarm
 .text.cancel_alarm
                0x10001150       0x10 CMakeFiles/pico_wireless.dir/Users/jin/.pico-sdk/sdk/1.5.1/src/common/pico_time/time.c.obj
 .text.sleep_until
                0x10001160       0xb0 CMakeFiles/pico_wireless.dir/Users/jin/.pico-sdk/sdk/1.5.1/src/common/pico_time/time.c.obj
                0x10001160                sleep_until
 .text.sleep_us
                0x10001210       0x1a CMakeFiles/pico_wireless.dir/Users/jin/.pico-sdk/sdk/1.5.1/src/common/pico_time/time.c.obj
                0x10001210                sleep_us
 .text.sleep_ms
                0x1000122a       0x14 CMakeFiles/pico_wireless.dir/Users/jin/.pico-sdk/sdk/1.5.1/src/common/pico_time/time.c.obj
                0x1000122a                sleep_ms
 *fill*         0x1000123e        0x2 
 .text.best_effort_wfe_or_timeout
                0x10001240       0x44 CMakeFiles/pico_wireless.dir/Users/jin/.pico-sdk/sdk/1.5.1/src/common/pico_time/time.c.obj
                0x10001240                best_effort_wfe_or_timeout
 .text.hardware_alarm_irq_handler
                0x10001284       0x8c CMakeFiles/pico_wireless.dir/Users/jin/.pico-sdk/sdk/1.5.1/src/rp2_common/hardware_timer/timer.c.obj
 .text.hardware_alarm_claim
                0x10001310       0x18 CMakeFiles/pico_wireless.dir/Users/jin/.pico-sdk/sdk/1.5.1/src/rp2_common/hardware_timer/timer.c.obj
                0x10001310                hardware_alarm_claim
 .text.time_us_64
                0x10001328       0x18 CMakeFiles/pico_wireless.dir/Users/jin/.pico-sdk/sdk/1.5.1/src/rp2_common/hardware_timer/timer.c.obj
                0x10001328                time_us_64
 .text.busy_wait_until
                0x10001340       0x28 CMakeFiles/pico_wireless.dir/Users/jin/.pico-sdk/sdk/1.5.1/src/rp2_common/hardware_timer/timer.c.obj
                0x10001340                busy_wait_until
 .text.hardware_alarm_set_callback
                0x10001368       0x90 CMakeFiles/pico_wireless.dir/Users/jin/.pico-sdk/sdk/1.5.1/src/rp2_common/hardware_timer/timer.c.obj
                0x10001368                hardware_alarm_set_callback
 .text.hardware_alarm_set_target
                0x100013f8       0xe8 CMakeFiles/pico_wireless.dir/Users/jin/.pico-sdk/sdk/1.5.1/src/rp2_common/hardware_timer/timer.c.obj
                0x100013f8                hardware_alarm_set_target
 .text.hardware_alarm_cancel
                0x100014e0       0x40 CMakeFiles/pico_wireless.dir/Users/jin/.pico-sdk/sdk/1.5.1/src/rp2_common/hardware_timer/timer.c.obj
                0x100014e0                hardware_alarm_cancel
 .text.ph_get_node
                0x10001520       0x30 CMakeFiles/pico_wireless.dir/Users/jin/.pico-sdk/sdk/1.5.1/src/common/pico_util/pheap.c.obj
 .text.ph_add_child_node
                0x10001550       0x6c CMakeFiles/pico_wireless.dir/Users/jin/.pico-sdk/sdk/1.5.1/src/common/pico_util/pheap.c.obj
 .text.ph_merge_nodes
                0x100015bc       0x3e CMakeFiles/pico_wireless.dir/Users/jin/.pico-sdk/sdk/1.5.1/src/common/pico_util/pheap.c.obj
 .text.ph_clear
                0x100015fa       0x34 CMakeFiles/pico_wireless.dir/Users/jin/.pico-sdk/sdk/1.5.1/src/common/pico_util/pheap.c.obj
                0x100015fa                ph_clear
 .text.ph_post_alloc_init
                0x1000162e        0xe CMakeFiles/pico_wireless.dir/Users/jin/.pico-sdk/sdk/1.5.1/src/common/pico_util/pheap.c.obj
                0x1000162e                ph_post_alloc_init
 .text.ph_merge_two_pass
                0x1000163c       0x5c CMakeFiles/pico_wireless.dir/Users/jin/.pico-sdk/sdk/1.5.1/src/common/pico_util/pheap.c.obj
                0x1000163c                ph_merge_two_pass
 .text.ph_remove_any_head
                0x10001698       0xc0 CMakeFiles/pico_wireless.dir/Users/jin/.pico-sdk/sdk/1.5.1/src/common/pico_util/pheap.c.obj
 .text.ph_remove_head
                0x10001758       0x14 CMakeFiles/pico_wireless.dir/Users/jin/.pico-sdk/sdk/1.5.1/src/common/pico_util/pheap.c.obj
                0x10001758                ph_remove_head
 .text.ph_remove_and_free_node
                0x1000176c       0xa0 CMakeFiles/pico_wireless.dir/Users/jin/.pico-sdk/sdk/1.5.1/src/common/pico_util/pheap.c.obj
                0x1000176c                ph_remove_and_free_node
 .text.clock_configure
                0x1000180c      0x108 CMakeFiles/pico_wireless.dir/Users/jin/.pico-sdk/sdk/1.5.1/src/rp2_common/hardware_clocks/clocks.c.obj
                0x1000180c                clock_configure
 .text.clocks_init
                0x10001914      0x100 CMakeFiles/pico_wireless.dir/Users/jin/.pico-sdk/sdk/1.5.1/src/rp2_common/hardware_clocks/clocks.c.obj
                0x10001914                clocks_init
 .text.clock_get_hz
                0x10001a14        0xc CMakeFiles/pico_wireless.dir/Users/jin/.pico-sdk/sdk/1.5.1/src/rp2_common/hardware_clocks/clocks.c.obj
                0x10001a14                clock_get_hz
 .text.pll_init
                0x10001a20      0x120 CMakeFiles/pico_wireless.dir/Users/jin/.pico-sdk/sdk/1.5.1/src/rp2_common/hardware_pll/pll.c.obj
                0x10001a20                pll_init
 .text.watchdog_start_tick
                0x10001b40       0x10 CMakeFiles/pico_wireless.dir/Users/jin/.pico-sdk/sdk/1.5.1/src/rp2_common/hardware_watchdog/watchdog.c.obj
                0x10001b40                watchdog_start_tick
 .text.xosc_init
                0x10001b50       0x28 CMakeFiles/pico_wireless.dir/Users/jin/.pico-sdk/sdk/1.5.1/src/rp2_common/hardware_xosc/xosc.c.obj
                0x10001b50                xosc_init
 .text._exit    0x10001b78        0x4 CMakeFiles/pico_wireless.dir/Users/jin/.pico-sdk/sdk/1.5.1/src/rp2_common/pico_runtime/runtime.c.obj
                0x10001b78                _exit
 .text.exit     0x10001b7c        0x6 CMakeFiles/pico_wireless.dir/Users/jin/.pico-sdk/sdk/1.5.1/src/rp2_common/pico_runtime/runtime.c.obj
                0x10001b7c                exit
 *fill*         0x10001b82        0x2 
 .text.__assert_func
                0x10001b84       0x38 CMakeFiles/pico_wireless.dir/Users/jin/.pico-sdk/sdk/1.5.1/src/rp2_common/pico_runtime/runtime.c.obj
                0x10001b84                __assert_func
 .text.runtime_init
                0x10001bbc       0xf8 CMakeFiles/pico_wireless.dir/Users/jin/.pico-sdk/sdk/1.5.1/src/rp2_common/pico_runtime/runtime.c.obj
                0x10001bbc                runtime_init
 .text.panic    0x10001cb4       0x30 CMakeFiles/pico_wireless.dir/Users/jin/.pico-sdk/sdk/1.5.1/src/rp2_common/pico_runtime/runtime.c.obj
                0x10001cb4                panic
 .text._out_null
                0x10001ce4        0x2 CMakeFiles/pico_wireless.dir/Users/jin/.pico-sdk/sdk/1.5.1/src/rp2_common/pico_printf/printf.c.obj
 .text._out_fct
                0x10001ce6        0xe CMakeFiles/pico_wireless.dir/Users/jin/.pico-sdk/sdk/1.5.1/src/rp2_common/pico_printf/printf.c.obj
 .text._atoi    0x10001cf4       0x24 CMakeFiles/pico_wireless.dir/Users/jin/.pico-sdk/sdk/1.5.1/src/rp2_common/pico_printf/printf.c.obj
 .text._out_rev
                0x10001d18       0xae CMakeFiles/pico_wireless.dir/Users/jin/.pico-sdk/sdk/1.5.1/src/rp2_common/pico_printf/printf.c.obj
 .text._ntoa_format
                0x10001dc6      0x110 CMakeFiles/pico_wireless.dir/Users/jin/.pico-sdk/sdk/1.5.1/src/rp2_common/pico_printf/printf.c.obj
 .text._ntoa_long
                0x10001ed6       0xbc CMakeFiles/pico_wireless.dir/Users/jin/.pico-sdk/sdk/1.5.1/src/rp2_common/pico_printf/printf.c.obj
 .text._ntoa_long_long
                0x10001f92      0x10e CMakeFiles/pico_wireless.dir/Users/jin/.pico-sdk/sdk/1.5.1/src/rp2_common/pico_printf/printf.c.obj
 .text._etoa    0x100020a0      0x420 CMakeFiles/pico_wireless.dir/Users/jin/.pico-sdk/sdk/1.5.1/src/rp2_common/pico_printf/printf.c.obj
 .text._ftoa    0x100024c0      0x354 CMakeFiles/pico_wireless.dir/Users/jin/.pico-sdk/sdk/1.5.1/src/rp2_common/pico_printf/printf.c.obj
 .text._vsnprintf
                0x10002814      0x668 CMakeFiles/pico_wireless.dir/Users/jin/.pico-sdk/sdk/1.5.1/src/rp2_common/pico_printf/printf.c.obj
 .text.vfctprintf
                0x10002e7c       0x20 CMakeFiles/pico_wireless.dir/Users/jin/.pico-sdk/sdk/1.5.1/src/rp2_common/pico_printf/printf.c.obj
                0x10002e7c                vfctprintf
 .text          0x10002e9c       0x10 CMakeFiles/pico_wireless.dir/Users/jin/.pico-sdk/sdk/1.5.1/src/rp2_common/pico_bit_ops/bit_ops_aeabi.S.obj
 .text.rom_func_lookup
                0x10002eac       0x10 CMakeFiles/pico_wireless.dir/Users/jin/.pico-sdk/sdk/1.5.1/src/rp2_common/pico_bootrom/bootrom.c.obj
                0x10002eac                rom_func_lookup
 .text.rom_data_lookup
                0x10002ebc       0x10 CMakeFiles/pico_wireless.dir/Users/jin/.pico-sdk/sdk/1.5.1/src/rp2_common/pico_bootrom/bootrom.c.obj
                0x10002ebc                rom_data_lookup
 .text.rom_funcs_lookup
                0x10002ecc       0x36 CMakeFiles/pico_wireless.dir/Users/jin/.pico-sdk/sdk/1.5.1/src/rp2_common/pico_bootrom/bootrom.c.obj
                0x10002ecc                rom_funcs_lookup
 *fill*         0x10002f02        0x2 
 .text.__wrap___aeabi_idiv
                0x10002f04       0x50 CMakeFiles/pico_wireless.dir/Users/jin/.pico-sdk/sdk/1.5.1/src/rp2_common/pico_divider/divider.S.obj
                0x10002f04                __wrap___aeabi_idivmod
                0x10002f04                divmod_s32s32
                0x10002f04                div_s32s32
                0x10002f04                __wrap___aeabi_idiv
                0x10002f0c                divmod_s32s32_unsafe
                0x10002f38                divmod_s32s32_savestate
 .text.__wrap___aeabi_uidiv
                0x10002f54       0x4c CMakeFiles/pico_wireless.dir/Users/jin/.pico-sdk/sdk/1.5.1/src/rp2_common/pico_divider/divider.S.obj
                0x10002f54                __wrap___aeabi_uidiv
                0x10002f54                __wrap___aeabi_uidivmod
                0x10002f54                div_u32u32
                0x10002f54                divmod_u32u32
                0x10002f5c                divmod_u32u32_unsafe
                0x10002f84                divmod_u32u32_savestate
 .text.__wrap___aeabi_ldiv
                0x10002fa0      0x424 CMakeFiles/pico_wireless.dir/Users/jin/.pico-sdk/sdk/1.5.1/src/rp2_common/pico_divider/divider.S.obj
                0x10002fa0                __wrap___aeabi_ldivmod
                0x10002fa0                div_s64s64
                0x10002fa0                divmod_s64s64
                0x10002fd0                divmod_u64u64
                0x10002fd0                div_u64u64
                0x10002fd0                __wrap___aeabi_uldivmod
                0x10002fe0                divmod_u64u64_savestate
                0x10003000                divmod_s64s64_unsafe
                0x10003088                divmod_u64u64_unsafe
 .text.__wrap___aeabi_darithmetic
                0x100033c4       0x80 CMakeFiles/pico_wireless.dir/Users/jin/.pico-sdk/sdk/1.5.1/src/rp2_common/pico_double/double_aeabi.S.obj
                0x100033c4                __wrap___aeabi_drsub
                0x100033ca                __wrap___aeabi_dsub
                0x100033dc                __wrap___aeabi_dadd
                0x100033ee                __wrap___aeabi_ddiv
                0x1000342a                __wrap___aeabi_dmul
 .text.__wrap___aeabi_cdcmple
                0x10003444       0x6c CMakeFiles/pico_wireless.dir/Users/jin/.pico-sdk/sdk/1.5.1/src/rp2_common/pico_double/double_aeabi.S.obj
                0x10003444                __wrap___aeabi_cdrcmple
                0x10003454                __wrap___aeabi_cdcmple
                0x10003454                __wrap___aeabi_cdcmpeq
 .text.__wrap___aeabi_dcmplt
                0x100034b0        0xc CMakeFiles/pico_wireless.dir/Users/jin/.pico-sdk/sdk/1.5.1/src/rp2_common/pico_double/double_aeabi.S.obj
                0x100034b0                __wrap___aeabi_dcmplt
 .text.__wrap___aeabi_dcmple
                0x100034bc       0x10 CMakeFiles/pico_wireless.dir/Users/jin/.pico-sdk/sdk/1.5.1/src/rp2_common/pico_double/double_aeabi.S.obj
                0x100034bc                __wrap___aeabi_dcmple
 .text.__wrap___aeabi_dcmpge
                0x100034cc       0x10 CMakeFiles/pico_wireless.dir/Users/jin/.pico-sdk/sdk/1.5.1/src/rp2_common/pico_double/double_aeabi.S.obj
                0x100034cc                __wrap___aeabi_dcmpge
 .text.__wrap___aeabi_dcmpgt
                0x100034dc        0xa CMakeFiles/pico_wireless.dir/Users/jin/.pico-sdk/sdk/1.5.1/src/rp2_common/pico_double/double_aeabi.S.obj
                0x100034dc                __wrap___aeabi_dcmpgt
 .text.__wrap___aeabi_dcmpun
                0x100034e6       0x1c CMakeFiles/pico_wireless.dir/Users/jin/.pico-sdk/sdk/1.5.1/src/rp2_common/pico_double/double_aeabi.S.obj
                0x100034e6                __wrap___aeabi_dcmpun
 *fill*         0x10003502        0x2 
 .text.__wrap___aeabi_i2d
                0x10003504       0x38 CMakeFiles/pico_wireless.dir/Users/jin/.pico-sdk/sdk/1.5.1/src/rp2_common/pico_double/double_aeabi.S.obj
                0x10003504                __wrap___aeabi_ui2d
                0x1000350c                __wrap___aeabi_i2d
 .text.__wrap___aeabi_d2iz
                0x1000353c       0x48 CMakeFiles/pico_wireless.dir/Users/jin/.pico-sdk/sdk/1.5.1/src/rp2_common/pico_double/double_aeabi.S.obj
                0x1000353c                __wrap___aeabi_d2iz
                0x1000353c                double2int_z
 .text.__wrap___aeabi_d2uiz
                0x10003584       0x18 CMakeFiles/pico_wireless.dir/Users/jin/.pico-sdk/sdk/1.5.1/src/rp2_common/pico_double/double_aeabi.S.obj
                0x10003584                double2uint
                0x10003584                __wrap___aeabi_d2uiz
 .text.__aeabi_double_init
                0x1000359c       0xcc CMakeFiles/pico_wireless.dir/Users/jin/.pico-sdk/sdk/1.5.1/src/rp2_common/pico_double/double_init_rom.c.obj
                0x1000359c                __aeabi_double_init
 .text.double_table_shim_on_use_helper
                0x10003668       0x34 CMakeFiles/pico_wireless.dir/Users/jin/.pico-sdk/sdk/1.5.1/src/rp2_common/pico_double/double_v1_rom_shim.S.obj
                0x10003668                double_table_shim_on_use_helper
 .text.__wrap___aeabi_dsub
                0x1000369c       0x10 CMakeFiles/pico_wireless.dir/Users/jin/.pico-sdk/sdk/1.5.1/src/rp2_common/pico_double/double_v1_rom_shim.S.obj
                0x1000369c                drsub_shim
                0x100036a2                dsub_shim
 .text.dadd_shim
                0x100036ac      0x15c CMakeFiles/pico_wireless.dir/Users/jin/.pico-sdk/sdk/1.5.1/src/rp2_common/pico_double/double_v1_rom_shim.S.obj
                0x100036ac                dadd_shim
 .text.dmul_shim
                0x10003808      0x15c CMakeFiles/pico_wireless.dir/Users/jin/.pico-sdk/sdk/1.5.1/src/rp2_common/pico_double/double_v1_rom_shim.S.obj
                0x10003808                dmul_shim
 .text.ddiv_shim
                0x10003964      0x1b0 CMakeFiles/pico_wireless.dir/Users/jin/.pico-sdk/sdk/1.5.1/src/rp2_common/pico_double/double_v1_rom_shim.S.obj
                0x10003964                ddiv_shim
 .text.double2uint_shim
                0x10003b14        0xe CMakeFiles/pico_wireless.dir/Users/jin/.pico-sdk/sdk/1.5.1/src/rp2_common/pico_double/double_v1_rom_shim.S.obj
                0x10003b14                double2uint_shim
                0x10003b16                double2ufix_shim
 *fill*         0x10003b22        0x2 
 .text.double2uint64_shim
                0x10003b24       0x70 CMakeFiles/pico_wireless.dir/Users/jin/.pico-sdk/sdk/1.5.1/src/rp2_common/pico_double/double_v1_rom_shim.S.obj
                0x10003b24                double2uint64_shim
                0x10003b26                double2ufix64_shim
                0x10003b46                d2fix_a
 .text.dunpacks
                0x10003b94       0x3c CMakeFiles/pico_wireless.dir/Users/jin/.pico-sdk/sdk/1.5.1/src/rp2_common/pico_double/double_v1_rom_shim.S.obj
                0x10003b94                dunpacks
 .text.__aeabi_lmul
                0x10003bd0       0x32 CMakeFiles/pico_wireless.dir/Users/jin/.pico-sdk/sdk/1.5.1/src/rp2_common/pico_int64_ops/pico_int64_ops_aeabi.S.obj
                0x10003bd0                __wrap___aeabi_lmul
 *fill*         0x10003c02        0x2 
 .text.__aeabi_float_init
                0x10003c04       0xfc CMakeFiles/pico_wireless.dir/Users/jin/.pico-sdk/sdk/1.5.1/src/rp2_common/pico_float/float_init_rom.c.obj
                0x10003c04                __aeabi_float_init
 .text.float_table_shim_on_use_helper
                0x10003d00       0x34 CMakeFiles/pico_wireless.dir/Users/jin/.pico-sdk/sdk/1.5.1/src/rp2_common/pico_float/float_v1_rom_shim.S.obj
                0x10003d00                float_table_shim_on_use_helper
 .text          0x10003d34       0x10 CMakeFiles/pico_wireless.dir/Users/jin/.pico-sdk/sdk/1.5.1/src/rp2_common/pico_mem_ops/mem_ops_aeabi.S.obj
                0x10003d34                __aeabi_mem_init
 .text.memcpy   0x10003d44        0xc CMakeFiles/pico_wireless.dir/Users/jin/.pico-sdk/sdk/1.5.1/src/rp2_common/pico_mem_ops/mem_ops_aeabi.S.obj
                0x10003d44                __wrap___aeabi_memcpy
                0x10003d44                __wrap_memcpy
 .text.stdio_out_chars_no_crlf
                0x10003d50        0xe CMakeFiles/pico_wireless.dir/Users/jin/.pico-sdk/sdk/1.5.1/src/rp2_common/pico_stdio/stdio.c.obj
 *fill*         0x10003d5e        0x2 
 .text.stdio_out_chars_crlf
                0x10003d60       0x80 CMakeFiles/pico_wireless.dir/Users/jin/.pico-sdk/sdk/1.5.1/src/rp2_common/pico_stdio/stdio.c.obj
 .text.stdio_stack_buffer_flush
                0x10003de0       0x44 CMakeFiles/pico_wireless.dir/Users/jin/.pico-sdk/sdk/1.5.1/src/rp2_common/pico_stdio/stdio.c.obj
 .text.stdio_buffered_printer
                0x10003e24       0x20 CMakeFiles/pico_wireless.dir/Users/jin/.pico-sdk/sdk/1.5.1/src/rp2_common/pico_stdio/stdio.c.obj
 .text.update_us_since_boot
                0x10003e44       0x24 CMakeFiles/pico_wireless.dir/Users/jin/.pico-sdk/sdk/1.5.1/src/rp2_common/pico_stdio/stdio.c.obj
 .text.get_absolute_time
                0x10003e68       0x22 CMakeFiles/pico_wireless.dir/Users/jin/.pico-sdk/sdk/1.5.1/src/rp2_common/pico_stdio/stdio.c.obj
 *fill*         0x10003e8a        0x2 
 .text.delayed_by_ms
                0x10003e8c       0x44 CMakeFiles/pico_wireless.dir/Users/jin/.pico-sdk/sdk/1.5.1/src/rp2_common/pico_stdio/stdio.c.obj
 .text.make_timeout_time_ms
                0x10003ed0       0x20 CMakeFiles/pico_wireless.dir/Users/jin/.pico-sdk/sdk/1.5.1/src/rp2_common/pico_stdio/stdio.c.obj
 .text.stdout_serialize_begin
                0x10003ef0       0x20 CMakeFiles/pico_wireless.dir/Users/jin/.pico-sdk/sdk/1.5.1/src/rp2_common/pico_stdio/stdio.c.obj
                0x10003ef0                stdout_serialize_begin
 .text.stdout_serialize_end
                0x10003f10       0x10 CMakeFiles/pico_wireless.dir/Users/jin/.pico-sdk/sdk/1.5.1/src/rp2_common/pico_stdio/stdio.c.obj
                0x10003f10                stdout_serialize_end
 .text.stdio_put_string
                0x10003f20       0x98 CMakeFiles/pico_wireless.dir/Users/jin/.pico-sdk/sdk/1.5.1/src/rp2_common/pico_stdio/stdio.c.obj
 .text.stdio_flush
                0x10003fb8       0x20 CMakeFiles/pico_wireless.dir/Users/jin/.pico-sdk/sdk/1.5.1/src/rp2_common/pico_stdio/stdio.c.obj
                0x10003fb8                stdio_flush
 .text.__wrap_puts
                0x10003fd8       0x1e CMakeFiles/pico_wireless.dir/Users/jin/.pico-sdk/sdk/1.5.1/src/rp2_common/pico_stdio/stdio.c.obj
                0x10003fd8                __wrap_puts
 *fill*         0x10003ff6        0x2 
 .text.__wrap_vprintf
                0x10003ff8       0x40 CMakeFiles/pico_wireless.dir/Users/jin/.pico-sdk/sdk/1.5.1/src/rp2_common/pico_stdio/stdio.c.obj
                0x10003ff8                __wrap_vprintf
 .text.__wrap_printf
                0x10004038       0x18 CMakeFiles/pico_wireless.dir/Users/jin/.pico-sdk/sdk/1.5.1/src/rp2_common/pico_stdio/stdio.c.obj
                0x10004038                __wrap_printf
 .text.spi_set_baudrate
                0x10004050       0xc2 CMakeFiles/pico_wireless.dir/Users/jin/.pico-sdk/sdk/1.5.1/src/rp2_common/hardware_spi/spi.c.obj
                0x10004050                spi_set_baudrate
 *fill*         0x10004112        0x2 
 .text.spi_init
                0x10004114       0x74 CMakeFiles/pico_wireless.dir/Users/jin/.pico-sdk/sdk/1.5.1/src/rp2_common/hardware_spi/spi.c.obj
                0x10004114                spi_init
 .text.strlen   0x10004188       0x5c /Applications/ArmGNUToolchain/13.2.Rel1/arm-none-eabi/bin/../lib/gcc/arm-none-eabi/13.2.1/../../../../arm-none-eabi/lib/thumb/v6-m/nofp/libg.a(libc_a-strlen-stub.o)
                0x10004188                strlen
 *(.fini)
 .fini          0x100041e4        0x4 /Applications/ArmGNUToolchain/13.2.Rel1/arm-none-eabi/bin/../lib/gcc/arm-none-eabi/13.2.1/thumb/v6-m/nofp/crti.o
                0x100041e4                _fini
 .fini.__stub   0x100041e8       0x40 linker stubs
 *crtbegin.o(.ctors)
 *crtbegin?.o(.ctors)
 *(EXCLUDE_FILE(*crtend.o *crtend?.o) .ctors)
 *(SORT_BY_NAME(.ctors.*))
 *(.ctors)
 *crtbegin.o(.dtors)
 *crtbegin?.o(.dtors)
 *(EXCLUDE_FILE(*crtend.o *crtend?.o) .dtors)
 *(SORT_BY_NAME(.dtors.*))
 *(.dtors)
 *(.eh_frame*)
 .eh_frame      0x10004228        0x0 /Applications/ArmGNUToolchain/13.2.Rel1/arm-none-eabi/bin/../lib/gcc/arm-none-eabi/13.2.1/thumb/v6-m/nofp/crtbegin.o
                0x10004228                        . = ALIGN (0x4)

.glue_7         0x10004228        0x0
 .glue_7        0x10004228        0x0 linker stubs

.glue_7t        0x10004228        0x0
 .glue_7t       0x10004228        0x0 linker stubs

.vfp11_veneer   0x10004228        0x0
 .vfp11_veneer  0x10004228        0x0 linker stubs

.v4_bx          0x10004228        0x0
 .v4_bx         0x10004228        0x0 linker stubs

.iplt           0x10004228        0x0
 .iplt          0x10004228        0x0 /Applications/ArmGNUToolchain/13.2.Rel1/arm-none-eabi/bin/../lib/gcc/arm-none-eabi/13.2.1/thumb/v6-m/nofp/crtbegin.o

.rodata         0x10004228      0xe24
 *(EXCLUDE_FILE(*libm.a: *libc.a:*lib_a-mem*.o *libgcc.a:) .rodata*)
 .rodata.main.str1.4
                0x10004228      0x9b0 CMakeFiles/pico_wireless.dir/pico_wireless.c.obj
                                  0xe (size before relaxing)
 .rodata.resolve_branch.str1.4
                0x10004bd8       0x59 CMakeFiles/pico_wireless.dir/Users/jin/.pico-sdk/sdk/1.5.1/src/rp2_common/hardware_irq/irq.c.obj
 .rodata.make_branch.str1.4
                0x10004bd8       0x30 CMakeFiles/pico_wireless.dir/Users/jin/.pico-sdk/sdk/1.5.1/src/rp2_common/hardware_irq/irq.c.obj
 .rodata.insert_branch_and_link.str1.4
                0x10004bd8       0x10 CMakeFiles/pico_wireless.dir/Users/jin/.pico-sdk/sdk/1.5.1/src/rp2_common/hardware_irq/irq.c.obj
 .rodata.irq_set_exclusive_handler.str1.4
                0x10004bd8       0x36 CMakeFiles/pico_wireless.dir/Users/jin/.pico-sdk/sdk/1.5.1/src/rp2_common/hardware_irq/irq.c.obj
 .rodata.irq_remove_handler.str1.4
                0x10004bd8       0x3a CMakeFiles/pico_wireless.dir/Users/jin/.pico-sdk/sdk/1.5.1/src/rp2_common/hardware_irq/irq.c.obj
 .rodata.irq_add_tail_to_free_list.str1.4
                0x10004bd8       0x3a CMakeFiles/pico_wireless.dir/Users/jin/.pico-sdk/sdk/1.5.1/src/rp2_common/hardware_irq/irq.c.obj
 .rodata.__func__.0
                0x10004bd8       0x1a CMakeFiles/pico_wireless.dir/Users/jin/.pico-sdk/sdk/1.5.1/src/rp2_common/hardware_irq/irq.c.obj
 *fill*         0x10004bf2        0x2 
 .rodata.__func__.1
                0x10004bf4       0x17 CMakeFiles/pico_wireless.dir/Users/jin/.pico-sdk/sdk/1.5.1/src/rp2_common/hardware_irq/irq.c.obj
 *fill*         0x10004c0b        0x1 
 .rodata.__func__.2
                0x10004c0c       0x13 CMakeFiles/pico_wireless.dir/Users/jin/.pico-sdk/sdk/1.5.1/src/rp2_common/hardware_irq/irq.c.obj
 *fill*         0x10004c1f        0x1 
 .rodata.__func__.3
                0x10004c20        0xc CMakeFiles/pico_wireless.dir/Users/jin/.pico-sdk/sdk/1.5.1/src/rp2_common/hardware_irq/irq.c.obj
 .rodata.__func__.4
                0x10004c2c        0xf CMakeFiles/pico_wireless.dir/Users/jin/.pico-sdk/sdk/1.5.1/src/rp2_common/hardware_irq/irq.c.obj
 *fill*         0x10004c3b        0x1 
 .rodata.__func__.6
                0x10004c3c       0x1a CMakeFiles/pico_wireless.dir/Users/jin/.pico-sdk/sdk/1.5.1/src/rp2_common/hardware_irq/irq.c.obj
 .rodata.str1.4
                0x10004c56       0x8d CMakeFiles/pico_wireless.dir/Users/jin/.pico-sdk/sdk/1.5.1/src/common/pico_sync/mutex.c.obj
 *fill*         0x10004c56        0x2 
 .rodata.__func__.1
                0x10004c58        0xb CMakeFiles/pico_wireless.dir/Users/jin/.pico-sdk/sdk/1.5.1/src/common/pico_sync/mutex.c.obj
 *fill*         0x10004c63        0x1 
 .rodata.__func__.3
                0x10004c64       0x18 CMakeFiles/pico_wireless.dir/Users/jin/.pico-sdk/sdk/1.5.1/src/common/pico_sync/mutex.c.obj
 .rodata.get_entry.str1.4
                0x10004c7c       0x5f CMakeFiles/pico_wireless.dir/Users/jin/.pico-sdk/sdk/1.5.1/src/common/pico_time/time.c.obj
 .rodata.update_us_since_boot.str1.4
                0x10004c7c       0x65 CMakeFiles/pico_wireless.dir/Users/jin/.pico-sdk/sdk/1.5.1/src/common/pico_time/time.c.obj
 .rodata.ph_get_node.str1.4
                0x10004c7c       0x6a CMakeFiles/pico_wireless.dir/Users/jin/.pico-sdk/sdk/1.5.1/src/common/pico_time/time.c.obj
 .rodata.ph_add_child_node.str1.4
                0x10004c7c       0x2e CMakeFiles/pico_wireless.dir/Users/jin/.pico-sdk/sdk/1.5.1/src/common/pico_time/time.c.obj
 .rodata.ph_insert_node.str1.4
                0x10004c7c        0x3 CMakeFiles/pico_wireless.dir/Users/jin/.pico-sdk/sdk/1.5.1/src/common/pico_time/time.c.obj
 .rodata.ph_free_node.str1.4
                0x10004c7c       0x38 CMakeFiles/pico_wireless.dir/Users/jin/.pico-sdk/sdk/1.5.1/src/common/pico_time/time.c.obj
 .rodata.add_alarm_under_lock.str1.4
                0x10004c7c       0x28 CMakeFiles/pico_wireless.dir/Users/jin/.pico-sdk/sdk/1.5.1/src/common/pico_time/time.c.obj
 .rodata.alarm_pool_alarm_callback.str1.4
                0x10004c7c       0x60 CMakeFiles/pico_wireless.dir/Users/jin/.pico-sdk/sdk/1.5.1/src/common/pico_time/time.c.obj
 .rodata.alarm_pool_get_default.str1.4
                0x10004c7c       0x21 CMakeFiles/pico_wireless.dir/Users/jin/.pico-sdk/sdk/1.5.1/src/common/pico_time/time.c.obj
 .rodata.alarm_pool_cancel_alarm.str1.4
                0x10004c7c       0x27 CMakeFiles/pico_wireless.dir/Users/jin/.pico-sdk/sdk/1.5.1/src/common/pico_time/time.c.obj
 .rodata.sleep_until.str1.4
                0x10004c7c       0x4d CMakeFiles/pico_wireless.dir/Users/jin/.pico-sdk/sdk/1.5.1/src/common/pico_time/time.c.obj
 .rodata.__func__.1
                0x10004c7c       0x18 CMakeFiles/pico_wireless.dir/Users/jin/.pico-sdk/sdk/1.5.1/src/common/pico_time/time.c.obj
 .rodata.__func__.3
                0x10004c94       0x17 CMakeFiles/pico_wireless.dir/Users/jin/.pico-sdk/sdk/1.5.1/src/common/pico_time/time.c.obj
 *fill*         0x10004cab        0x1 
 .rodata.__func__.4
                0x10004cac       0x12 CMakeFiles/pico_wireless.dir/Users/jin/.pico-sdk/sdk/1.5.1/src/common/pico_time/time.c.obj
 *fill*         0x10004cbe        0x2 
 .rodata.__func__.5
                0x10004cc0        0xd CMakeFiles/pico_wireless.dir/Users/jin/.pico-sdk/sdk/1.5.1/src/common/pico_time/time.c.obj
 *fill*         0x10004ccd        0x3 
 .rodata.__func__.6
                0x10004cd0       0x12 CMakeFiles/pico_wireless.dir/Users/jin/.pico-sdk/sdk/1.5.1/src/common/pico_time/time.c.obj
 *fill*         0x10004ce2        0x2 
 .rodata.__func__.7
                0x10004ce4        0xf CMakeFiles/pico_wireless.dir/Users/jin/.pico-sdk/sdk/1.5.1/src/common/pico_time/time.c.obj
 *fill*         0x10004cf3        0x1 
 .rodata.__func__.8
                0x10004cf4        0xc CMakeFiles/pico_wireless.dir/Users/jin/.pico-sdk/sdk/1.5.1/src/common/pico_time/time.c.obj
 .rodata.__func__.9
                0x10004d00       0x15 CMakeFiles/pico_wireless.dir/Users/jin/.pico-sdk/sdk/1.5.1/src/common/pico_time/time.c.obj
 *fill*         0x10004d15        0x3 
 .rodata.__func__.10
                0x10004d18       0x15 CMakeFiles/pico_wireless.dir/Users/jin/.pico-sdk/sdk/1.5.1/src/common/pico_time/time.c.obj
 *fill*         0x10004d2d        0x3 
 .rodata.__func__.11
                0x10004d30       0x1a CMakeFiles/pico_wireless.dir/Users/jin/.pico-sdk/sdk/1.5.1/src/common/pico_time/time.c.obj
 *fill*         0x10004d4a        0x2 
 .rodata.__func__.12
                0x10004d4c        0xa CMakeFiles/pico_wireless.dir/Users/jin/.pico-sdk/sdk/1.5.1/src/common/pico_time/time.c.obj
 .rodata.hardware_alarm_claim.str1.4
                0x10004d56       0x22 CMakeFiles/pico_wireless.dir/Users/jin/.pico-sdk/sdk/1.5.1/src/rp2_common/hardware_timer/timer.c.obj
 .rodata.hardware_alarm_set_target.str1.4
                0x10004d56       0x69 CMakeFiles/pico_wireless.dir/Users/jin/.pico-sdk/sdk/1.5.1/src/rp2_common/hardware_timer/timer.c.obj
 *fill*         0x10004d56        0x2 
 .rodata.__func__.0
                0x10004d58       0x1a CMakeFiles/pico_wireless.dir/Users/jin/.pico-sdk/sdk/1.5.1/src/rp2_common/hardware_timer/timer.c.obj
 .rodata.ph_get_node.str1.4
                0x10004d72       0x6a CMakeFiles/pico_wireless.dir/Users/jin/.pico-sdk/sdk/1.5.1/src/common/pico_util/pheap.c.obj
 .rodata.ph_add_child_node.str1.4
                0x10004d72       0x2e CMakeFiles/pico_wireless.dir/Users/jin/.pico-sdk/sdk/1.5.1/src/common/pico_util/pheap.c.obj
 .rodata.ph_remove_any_head.str1.4
                0x10004d72       0xa4 CMakeFiles/pico_wireless.dir/Users/jin/.pico-sdk/sdk/1.5.1/src/common/pico_util/pheap.c.obj
 .rodata.ph_remove_and_free_node.str1.4
                0x10004d72       0x26 CMakeFiles/pico_wireless.dir/Users/jin/.pico-sdk/sdk/1.5.1/src/common/pico_util/pheap.c.obj
 *fill*         0x10004d72        0x2 
 .rodata.__func__.0
                0x10004d74       0x18 CMakeFiles/pico_wireless.dir/Users/jin/.pico-sdk/sdk/1.5.1/src/common/pico_util/pheap.c.obj
 .rodata.__func__.1
                0x10004d8c       0x13 CMakeFiles/pico_wireless.dir/Users/jin/.pico-sdk/sdk/1.5.1/src/common/pico_util/pheap.c.obj
 *fill*         0x10004d9f        0x1 
 .rodata.__func__.2
                0x10004da0       0x12 CMakeFiles/pico_wireless.dir/Users/jin/.pico-sdk/sdk/1.5.1/src/common/pico_util/pheap.c.obj
 *fill*         0x10004db2        0x2 
 .rodata.__func__.3
                0x10004db4        0xc CMakeFiles/pico_wireless.dir/Users/jin/.pico-sdk/sdk/1.5.1/src/common/pico_util/pheap.c.obj
 .rodata.clock_configure.str1.4
                0x10004dc0       0x5b CMakeFiles/pico_wireless.dir/Users/jin/.pico-sdk/sdk/1.5.1/src/rp2_common/hardware_clocks/clocks.c.obj
 .rodata.__func__.1
                0x10004dc0       0x10 CMakeFiles/pico_wireless.dir/Users/jin/.pico-sdk/sdk/1.5.1/src/rp2_common/hardware_clocks/clocks.c.obj
 .rodata.pll_init.str1.4
                0x10004dd0      0x128 CMakeFiles/pico_wireless.dir/Users/jin/.pico-sdk/sdk/1.5.1/src/rp2_common/hardware_pll/pll.c.obj
 .rodata.__func__.0
                0x10004dd0        0x9 CMakeFiles/pico_wireless.dir/Users/jin/.pico-sdk/sdk/1.5.1/src/rp2_common/hardware_pll/pll.c.obj
 .rodata.__assert_func.str1.4
                0x10004dd9       0x43 CMakeFiles/pico_wireless.dir/Users/jin/.pico-sdk/sdk/1.5.1/src/rp2_common/pico_runtime/runtime.c.obj
 .rodata.runtime_init.str1.4
                0x10004dd9       0x65 CMakeFiles/pico_wireless.dir/Users/jin/.pico-sdk/sdk/1.5.1/src/rp2_common/pico_runtime/runtime.c.obj
 .rodata.panic.str1.4
                0x10004dd9       0x12 CMakeFiles/pico_wireless.dir/Users/jin/.pico-sdk/sdk/1.5.1/src/rp2_common/pico_runtime/runtime.c.obj
 *fill*         0x10004dd9        0x3 
 .rodata.__func__.2
                0x10004ddc        0xd CMakeFiles/pico_wireless.dir/Users/jin/.pico-sdk/sdk/1.5.1/src/rp2_common/pico_runtime/runtime.c.obj
 .rodata._ftoa.str1.4
                0x10004de9       0x15 CMakeFiles/pico_wireless.dir/Users/jin/.pico-sdk/sdk/1.5.1/src/rp2_common/pico_printf/printf.c.obj
 *fill*         0x10004de9        0x3 
 .rodata._vsnprintf
                0x10004dec      0x19c CMakeFiles/pico_wireless.dir/Users/jin/.pico-sdk/sdk/1.5.1/src/rp2_common/pico_printf/printf.c.obj
 .rodata.pow10.0
                0x10004f88       0x50 CMakeFiles/pico_wireless.dir/Users/jin/.pico-sdk/sdk/1.5.1/src/rp2_common/pico_printf/printf.c.obj
 .rodata.__aeabi_double_init.str1.4
                0x10004fd8       0xa0 CMakeFiles/pico_wireless.dir/Users/jin/.pico-sdk/sdk/1.5.1/src/rp2_common/pico_double/double_init_rom.c.obj
 .rodata.__func__.0
                0x10004fd8       0x14 CMakeFiles/pico_wireless.dir/Users/jin/.pico-sdk/sdk/1.5.1/src/rp2_common/pico_double/double_init_rom.c.obj
 .rodata.__aeabi_float_init.str1.4
                0x10004fec       0x82 CMakeFiles/pico_wireless.dir/Users/jin/.pico-sdk/sdk/1.5.1/src/rp2_common/pico_float/float_init_rom.c.obj
 .rodata.__func__.0
                0x10004fec       0x13 CMakeFiles/pico_wireless.dir/Users/jin/.pico-sdk/sdk/1.5.1/src/rp2_common/pico_float/float_init_rom.c.obj
 .rodata.str1.4
                0x10004fff       0x48 CMakeFiles/pico_wireless.dir/Users/jin/.pico-sdk/sdk/1.5.1/src/rp2_common/pico_standard_link/binary_info.c.obj
 *fill*         0x10004fff        0x1 
 .rodata.__bi_81
                0x10005000        0xc CMakeFiles/pico_wireless.dir/Users/jin/.pico-sdk/sdk/1.5.1/src/rp2_common/pico_standard_link/binary_info.c.obj
 .rodata.__bi_75
                0x1000500c        0xc CMakeFiles/pico_wireless.dir/Users/jin/.pico-sdk/sdk/1.5.1/src/rp2_common/pico_standard_link/binary_info.c.obj
 .rodata.__bi_56
                0x10005018        0xc CMakeFiles/pico_wireless.dir/Users/jin/.pico-sdk/sdk/1.5.1/src/rp2_common/pico_standard_link/binary_info.c.obj
 .rodata.__bi_44
                0x10005024        0xc CMakeFiles/pico_wireless.dir/Users/jin/.pico-sdk/sdk/1.5.1/src/rp2_common/pico_standard_link/binary_info.c.obj
 .rodata.update_us_since_boot.str1.4
                0x10005030       0x65 CMakeFiles/pico_wireless.dir/Users/jin/.pico-sdk/sdk/1.5.1/src/rp2_common/pico_stdio/stdio.c.obj
 .rodata.crlf_str.2
                0x10005030        0x2 CMakeFiles/pico_wireless.dir/Users/jin/.pico-sdk/sdk/1.5.1/src/rp2_common/pico_stdio/stdio.c.obj
 *fill*         0x10005032        0x2 
 .rodata.__func__.3
                0x10005034       0x15 CMakeFiles/pico_wireless.dir/Users/jin/.pico-sdk/sdk/1.5.1/src/rp2_common/pico_stdio/stdio.c.obj
                0x1000504c                        . = ALIGN (0x4)
 *fill*         0x10005049        0x3 
 *(SORT_BY_ALIGNMENT(SORT_BY_NAME(.flashdata*)))
                0x1000504c                        . = ALIGN (0x4)

.ARM.extab
 *(.ARM.extab* .gnu.linkonce.armextab.*)
                0x1000504c                        __exidx_start = .

.ARM.exidx
 *(.ARM.exidx* .gnu.linkonce.armexidx.*)
                0x1000504c                        __exidx_end = .
                0x1000504c                        . = ALIGN (0x4)
                0x1000504c                        __binary_info_start = .

.binary_info    0x1000504c       0x20
 *(.binary_info.keep.*)
 .binary_info.keep.__bi_ptr81
                0x1000504c        0x4 CMakeFiles/pico_wireless.dir/Users/jin/.pico-sdk/sdk/1.5.1/src/rp2_common/pico_standard_link/binary_info.c.obj
 .binary_info.keep.__bi_ptr75
                0x10005050        0x4 CMakeFiles/pico_wireless.dir/Users/jin/.pico-sdk/sdk/1.5.1/src/rp2_common/pico_standard_link/binary_info.c.obj
 .binary_info.keep.__bi_ptr56
                0x10005054        0x4 CMakeFiles/pico_wireless.dir/Users/jin/.pico-sdk/sdk/1.5.1/src/rp2_common/pico_standard_link/binary_info.c.obj
 .binary_info.keep.__bi_ptr50
                0x10005058        0x4 CMakeFiles/pico_wireless.dir/Users/jin/.pico-sdk/sdk/1.5.1/src/rp2_common/pico_standard_link/binary_info.c.obj
 .binary_info.keep.__bi_ptr44
                0x1000505c        0x4 CMakeFiles/pico_wireless.dir/Users/jin/.pico-sdk/sdk/1.5.1/src/rp2_common/pico_standard_link/binary_info.c.obj
 .binary_info.keep.__bi_ptr38
                0x10005060        0x4 CMakeFiles/pico_wireless.dir/Users/jin/.pico-sdk/sdk/1.5.1/src/rp2_common/pico_standard_link/binary_info.c.obj
 .binary_info.keep.__bi_ptr30
                0x10005064        0x4 CMakeFiles/pico_wireless.dir/Users/jin/.pico-sdk/sdk/1.5.1/src/rp2_common/pico_standard_link/binary_info.c.obj
 .binary_info.keep.__bi_ptr22
                0x10005068        0x4 CMakeFiles/pico_wireless.dir/Users/jin/.pico-sdk/sdk/1.5.1/src/rp2_common/pico_standard_link/binary_info.c.obj
 *(.binary_info.*)
                0x1000506c                        __binary_info_end = .

.rel.dyn        0x1000506c        0x0
 .rel.iplt      0x1000506c        0x0 /Applications/ArmGNUToolchain/13.2.Rel1/arm-none-eabi/bin/../lib/gcc/arm-none-eabi/13.2.1/thumb/v6-m/nofp/crtbegin.o
                0x1000506c                        . = ALIGN (0x4)

.ram_vector_table
                0x20000000       0xc0
 *(.ram_vector_table)
 .ram_vector_table
                0x20000000       0xc0 CMakeFiles/pico_wireless.dir/Users/jin/.pico-sdk/sdk/1.5.1/src/rp2_common/pico_runtime/runtime.c.obj
                0x20000000                ram_vector_table

.data           0x200000c0      0x22c load address 0x1000506c
                0x200000c0                        __data_start__ = .
 *(vtable)
 *(.time_critical*)
 .time_critical.mutex_try_enter
                0x200000c0       0x46 CMakeFiles/pico_wireless.dir/Users/jin/.pico-sdk/sdk/1.5.1/src/common/pico_sync/mutex.c.obj
                0x200000c0                mutex_try_enter
 *fill*         0x20000106        0x2 
 .time_critical.mutex_enter_block_until
                0x20000108       0x8c CMakeFiles/pico_wireless.dir/Users/jin/.pico-sdk/sdk/1.5.1/src/common/pico_sync/mutex.c.obj
                0x20000108                mutex_enter_block_until
 .time_critical.mutex_try_enter_block_until
                0x20000194       0x34 CMakeFiles/pico_wireless.dir/Users/jin/.pico-sdk/sdk/1.5.1/src/common/pico_sync/mutex.c.obj
                0x20000194                mutex_try_enter_block_until
 .time_critical.mutex_exit
                0x200001c8       0x4c CMakeFiles/pico_wireless.dir/Users/jin/.pico-sdk/sdk/1.5.1/src/common/pico_sync/mutex.c.obj
                0x200001c8                mutex_exit
 *(.text*)
 .text          0x20000214        0x4 /Applications/ArmGNUToolchain/13.2.Rel1/arm-none-eabi/bin/../lib/gcc/arm-none-eabi/13.2.1/thumb/v6-m/nofp/libgcc.a(_dvmd_tls.o)
                0x20000214                __aeabi_ldiv0
                0x20000214                __aeabi_idiv0
 .text.__stub   0x20000218       0x20 linker stubs
                0x20000238                        . = ALIGN (0x4)
 *(.rodata*)
                0x20000238                        . = ALIGN (0x4)
 *(.data*)
 .data.striped_spin_lock_num
                0x20000238        0x1 CMakeFiles/pico_wireless.dir/Users/jin/.pico-sdk/sdk/1.5.1/src/rp2_common/hardware_sync/sync.c.obj
 *fill*         0x20000239        0x3 
 .data          0x2000023c       0x48 CMakeFiles/pico_wireless.dir/Users/jin/.pico-sdk/sdk/1.5.1/src/rp2_common/hardware_irq/irq_handler_chain.S.obj
                0x2000023c                irq_handler_chain_slots
                0x2000026c                irq_handler_chain_first_slot
                0x20000276                irq_handler_chain_remove_tail
 .data.default_alarm_pool
                0x20000284       0x18 CMakeFiles/pico_wireless.dir/Users/jin/.pico-sdk/sdk/1.5.1/src/common/pico_time/time.c.obj
 .data.default_alarm_pool_heap
                0x2000029c       0x10 CMakeFiles/pico_wireless.dir/Users/jin/.pico-sdk/sdk/1.5.1/src/common/pico_time/time.c.obj
 *fill*         0x200002ac        0x4 
 .data.aeabi_bits_funcs
                0x200002b0       0x10 CMakeFiles/pico_wireless.dir/Users/jin/.pico-sdk/sdk/1.5.1/src/rp2_common/pico_bit_ops/bit_ops_aeabi.S.obj
                0x200002b0                aeabi_bits_funcs
                0x200002c0                aeabi_bits_funcs_end
 .data.aeabi_mem_funcs
                0x200002c0       0x10 CMakeFiles/pico_wireless.dir/Users/jin/.pico-sdk/sdk/1.5.1/src/rp2_common/pico_mem_ops/mem_ops_aeabi.S.obj
                0x200002c0                aeabi_mem_funcs
                0x200002d0                aeabi_mem_funcs_end
                0x200002d0                        . = ALIGN (0x4)
 *(.after_data.*)
                0x200002d0                        . = ALIGN (0x4)
                0x200002d0                        PROVIDE (__mutex_array_start = .)
 *(SORT_BY_NAME(.mutex_array.*))
 *(.mutex_array)
 .mutex_array   0x200002d0        0x8 CMakeFiles/pico_wireless.dir/Users/jin/.pico-sdk/sdk/1.5.1/src/rp2_common/pico_stdio/stdio.c.obj
                0x200002d8                        PROVIDE (__mutex_array_end = .)
                0x200002d8                        . = ALIGN (0x4)
                0x200002d8                        PROVIDE (__preinit_array_start = .)
 *(SORT_BY_NAME(.preinit_array.*))
 .preinit_array.00001
                0x200002d8        0x4 CMakeFiles/pico_wireless.dir/Users/jin/.pico-sdk/sdk/1.5.1/src/rp2_common/pico_mem_ops/mem_ops_aeabi.S.obj
 .preinit_array.00010
                0x200002dc        0x4 CMakeFiles/pico_wireless.dir/Users/jin/.pico-sdk/sdk/1.5.1/src/rp2_common/pico_bit_ops/bit_ops_aeabi.S.obj
 .preinit_array.00020
                0x200002e0        0x4 CMakeFiles/pico_wireless.dir/Users/jin/.pico-sdk/sdk/1.5.1/src/rp2_common/pico_double/double_aeabi.S.obj
 .preinit_array.00020
                0x200002e4        0x4 CMakeFiles/pico_wireless.dir/Users/jin/.pico-sdk/sdk/1.5.1/src/rp2_common/pico_float/float_aeabi.S.obj
 *(.preinit_array)
                0x200002e8                        PROVIDE (__preinit_array_end = .)
                0x200002e8                        . = ALIGN (0x4)
                0x200002e8                        PROVIDE (__init_array_start = .)
 *(SORT_BY_NAME(.init_array.*))
 *(.init_array)
 .init_array    0x200002e8        0x4 /Applications/ArmGNUToolchain/13.2.Rel1/arm-none-eabi/bin/../lib/gcc/arm-none-eabi/13.2.1/thumb/v6-m/nofp/crtbegin.o
                0x200002ec                        PROVIDE (__init_array_end = .)
                0x200002ec                        . = ALIGN (0x4)
                [!provide]                        PROVIDE (__fini_array_start = .)
 *(SORT_BY_NAME(.fini_array.*))
 *(.fini_array)
                [!provide]                        PROVIDE (__fini_array_end = .)
 *(.jcr)
                0x200002ec                        . = ALIGN (0x4)
                0x200002ec                        __data_end__ = .
                0x1000506c                        __etext = LOADADDR (.data)

.tm_clone_table
                0x200002ec        0x0 load address 0x10005298
 .tm_clone_table
                0x200002ec        0x0 /Applications/ArmGNUToolchain/13.2.Rel1/arm-none-eabi/bin/../lib/gcc/arm-none-eabi/13.2.1/thumb/v6-m/nofp/crtbegin.o
 .tm_clone_table
                0x200002ec        0x0 /Applications/ArmGNUToolchain/13.2.Rel1/arm-none-eabi/bin/../lib/gcc/arm-none-eabi/13.2.1/thumb/v6-m/nofp/crtend.o

.igot.plt       0x200002ec        0x0 load address 0x10005298
 .igot.plt      0x200002ec        0x0 /Applications/ArmGNUToolchain/13.2.Rel1/arm-none-eabi/bin/../lib/gcc/arm-none-eabi/13.2.1/thumb/v6-m/nofp/crtbegin.o

.uninitialized_data
                0x200002ec        0x0 load address 0x10005298
                0x200002ec                        . = ALIGN (0x4)
 *(.uninitialized_data*)

.scratch_x      0x20040000        0x0 load address 0x10005298
                0x20040000                        __scratch_x_start__ = .
 *(.scratch_x.*)
                0x20040000                        . = ALIGN (0x4)
                0x20040000                        __scratch_x_end__ = .
                0x10005298                        __scratch_x_source__ = LOADADDR (.scratch_x)

.scratch_y      0x20041000        0x0 load address 0x10005298
                0x20041000                        __scratch_y_start__ = .
 *(.scratch_y.*)
                0x20041000                        . = ALIGN (0x4)
                0x20041000                        __scratch_y_end__ = .
                0x10005298                        __scratch_y_source__ = LOADADDR (.scratch_y)

.bss            0x200002f0      0x3c4
                0x200002f0                        . = ALIGN (0x4)
                0x200002f0                        __bss_start__ = .
 *(SORT_BY_ALIGNMENT(SORT_BY_NAME(.bss*)))
 .bss.default_alarm_pool_entries
                0x200002f0      0x100 CMakeFiles/pico_wireless.dir/Users/jin/.pico-sdk/sdk/1.5.1/src/common/pico_time/time.c.obj
 .bss.alarm_callbacks
                0x200003f0       0x10 CMakeFiles/pico_wireless.dir/Users/jin/.pico-sdk/sdk/1.5.1/src/rp2_common/hardware_timer/timer.c.obj
 .bss.configured_freq
                0x20000400       0x28 CMakeFiles/pico_wireless.dir/Users/jin/.pico-sdk/sdk/1.5.1/src/rp2_common/hardware_clocks/clocks.c.obj
 .bss.default_alarm_pool_entry_ids_high
                0x20000428       0x10 CMakeFiles/pico_wireless.dir/Users/jin/.pico-sdk/sdk/1.5.1/src/common/pico_time/time.c.obj
 .bss.default_alarm_pool_heap_nodes
                0x20000438       0x30 CMakeFiles/pico_wireless.dir/Users/jin/.pico-sdk/sdk/1.5.1/src/common/pico_time/time.c.obj
 .bss.drivers   0x20000468        0x4 CMakeFiles/pico_wireless.dir/Users/jin/.pico-sdk/sdk/1.5.1/src/rp2_common/pico_stdio/stdio.c.obj
 .bss.filter    0x2000046c        0x4 CMakeFiles/pico_wireless.dir/Users/jin/.pico-sdk/sdk/1.5.1/src/rp2_common/pico_stdio/stdio.c.obj
 .bss.object.0  0x20000470       0x18 /Applications/ArmGNUToolchain/13.2.Rel1/arm-none-eabi/bin/../lib/gcc/arm-none-eabi/13.2.1/thumb/v6-m/nofp/crtbegin.o
 .bss.pools     0x20000488       0x10 CMakeFiles/pico_wireless.dir/Users/jin/.pico-sdk/sdk/1.5.1/src/common/pico_time/time.c.obj
 .bss.sd_table  0x20000498      0x100 CMakeFiles/pico_wireless.dir/Users/jin/.pico-sdk/sdk/1.5.1/src/rp2_common/pico_double/double_init_rom.c.obj
                0x20000498                sd_table
 .bss.sf_clz_func
                0x20000598        0x4 CMakeFiles/pico_wireless.dir/Users/jin/.pico-sdk/sdk/1.5.1/src/rp2_common/pico_double/double_init_rom.c.obj
                0x20000598                sf_clz_func
 .bss.sf_table  0x2000059c      0x100 CMakeFiles/pico_wireless.dir/Users/jin/.pico-sdk/sdk/1.5.1/src/rp2_common/pico_float/float_init_rom.c.obj
                0x2000059c                sf_table
 .bss.sleep_notifier
                0x2000069c        0x4 CMakeFiles/pico_wireless.dir/Users/jin/.pico-sdk/sdk/1.5.1/src/common/pico_time/time.c.obj
 .bss.target_hi
                0x200006a0       0x10 CMakeFiles/pico_wireless.dir/Users/jin/.pico-sdk/sdk/1.5.1/src/rp2_common/hardware_timer/timer.c.obj
 .bss.claimed   0x200006b0        0x1 CMakeFiles/pico_wireless.dir/Users/jin/.pico-sdk/sdk/1.5.1/src/rp2_common/hardware_timer/timer.c.obj
 .bss.irq_hander_chain_free_slot_head
                0x200006b1        0x1 CMakeFiles/pico_wireless.dir/Users/jin/.pico-sdk/sdk/1.5.1/src/rp2_common/hardware_irq/irq.c.obj
 .bss.timer_callbacks_pending
                0x200006b2        0x1 CMakeFiles/pico_wireless.dir/Users/jin/.pico-sdk/sdk/1.5.1/src/rp2_common/hardware_timer/timer.c.obj
 *(COMMON)
                0x200006b4                        . = ALIGN (0x4)
 *fill*         0x200006b3        0x1 
                0x200006b4                        __bss_end__ = .

.heap           0x200006b4      0x800
                0x200006b4                        __end__ = .
                0x200006b4                        end = __end__
 *(.heap*)
 .heap          0x200006b4      0x800 CMakeFiles/pico_wireless.dir/Users/jin/.pico-sdk/sdk/1.5.1/src/rp2_common/pico_standard_link/crt0.S.obj
                0x20000eb4                        __HeapLimit = .

.stack1_dummy
 *(.stack1*)

.stack_dummy    0x20041000      0x800
 *(.stack*)
 .stack         0x20041000      0x800 CMakeFiles/pico_wireless.dir/Users/jin/.pico-sdk/sdk/1.5.1/src/rp2_common/pico_standard_link/crt0.S.obj

.flash_end      0x10005298        0x0
                0x10005298                        PROVIDE (__flash_binary_end = .)
                0x20040000                        __StackLimit = (ORIGIN (RAM) + LENGTH (RAM))
                0x20041000                        __StackOneTop = (ORIGIN (SCRATCH_X) + LENGTH (SCRATCH_X))
                0x20042000                        __StackTop = (ORIGIN (SCRATCH_Y) + LENGTH (SCRATCH_Y))
                0x20041000                        __StackOneBottom = (__StackOneTop - SIZEOF (.stack1_dummy))
                0x20041800                        __StackBottom = (__StackTop - SIZEOF (.stack_dummy))
                0x20042000                        PROVIDE (__stack = __StackTop)
                0x00000001                        ASSERT ((__StackLimit >= __HeapLimit), region RAM overflowed)
                0x00000001                        ASSERT (((__binary_info_header_end - __logical_binary_start) <= 0x100), Binary info must be in first 256 bytes of the binary)
LOAD CMakeFiles/pico_wireless.dir/pico_wireless.c.obj
LOAD CMakeFiles/pico_wireless.dir/Users/jin/.pico-sdk/sdk/1.5.1/src/rp2_common/pico_stdlib/stdlib.c.obj
LOAD CMakeFiles/pico_wireless.dir/Users/jin/.pico-sdk/sdk/1.5.1/src/rp2_common/hardware_gpio/gpio.c.obj
LOAD CMakeFiles/pico_wireless.dir/Users/jin/.pico-sdk/sdk/1.5.1/src/rp2_common/pico_platform/platform.c.obj
LOAD CMakeFiles/pico_wireless.dir/Users/jin/.pico-sdk/sdk/1.5.1/src/rp2_common/hardware_claim/claim.c.obj
LOAD CMakeFiles/pico_wireless.dir/Users/jin/.pico-sdk/sdk/1.5.1/src/rp2_common/hardware_sync/sync.c.obj
LOAD CMakeFiles/pico_wireless.dir/Users/jin/.pico-sdk/sdk/1.5.1/src/rp2_common/hardware_irq/irq.c.obj
LOAD CMakeFiles/pico_wireless.dir/Users/jin/.pico-sdk/sdk/1.5.1/src/rp2_common/hardware_irq/irq_handler_chain.S.obj
LOAD CMakeFiles/pico_wireless.dir/Users/jin/.pico-sdk/sdk/1.5.1/src/common/pico_sync/sem.c.obj
LOAD CMakeFiles/pico_wireless.dir/Users/jin/.pico-sdk/sdk/1.5.1/src/common/pico_sync/lock_core.c.obj
LOAD CMakeFiles/pico_wireless.dir/Users/jin/.pico-sdk/sdk/1.5.1/src/common/pico_sync/mutex.c.obj
LOAD CMakeFiles/pico_wireless.dir/Users/jin/.pico-sdk/sdk/1.5.1/src/common/pico_sync/critical_section.c.obj
LOAD CMakeFiles/pico_wireless.dir/Users/jin/.pico-sdk/sdk/1.5.1/src/common/pico_time/time.c.obj
LOAD CMakeFiles/pico_wireless.dir/Users/jin/.pico-sdk/sdk/1.5.1/src/common/pico_time/timeout_helper.c.obj
LOAD CMakeFiles/pico_wireless.dir/Users/jin/.pico-sdk/sdk/1.5.1/src/rp2_common/hardware_timer/timer.c.obj
LOAD CMakeFiles/pico_wireless.dir/Users/jin/.pico-sdk/sdk/1.5.1/src/common/pico_util/datetime.c.obj
LOAD CMakeFiles/pico_wireless.dir/Users/jin/.pico-sdk/sdk/1.5.1/src/common/pico_util/pheap.c.obj
LOAD CMakeFiles/pico_wireless.dir/Users/jin/.pico-sdk/sdk/1.5.1/src/common/pico_util/queue.c.obj
LOAD CMakeFiles/pico_wireless.dir/Users/jin/.pico-sdk/sdk/1.5.1/src/rp2_common/hardware_uart/uart.c.obj
LOAD CMakeFiles/pico_wireless.dir/Users/jin/.pico-sdk/sdk/1.5.1/src/rp2_common/hardware_clocks/clocks.c.obj
LOAD CMakeFiles/pico_wireless.dir/Users/jin/.pico-sdk/sdk/1.5.1/src/rp2_common/hardware_pll/pll.c.obj
LOAD CMakeFiles/pico_wireless.dir/Users/jin/.pico-sdk/sdk/1.5.1/src/rp2_common/hardware_vreg/vreg.c.obj
LOAD CMakeFiles/pico_wireless.dir/Users/jin/.pico-sdk/sdk/1.5.1/src/rp2_common/hardware_watchdog/watchdog.c.obj
LOAD CMakeFiles/pico_wireless.dir/Users/jin/.pico-sdk/sdk/1.5.1/src/rp2_common/hardware_xosc/xosc.c.obj
LOAD CMakeFiles/pico_wireless.dir/Users/jin/.pico-sdk/sdk/1.5.1/src/rp2_common/hardware_divider/divider.S.obj
LOAD CMakeFiles/pico_wireless.dir/Users/jin/.pico-sdk/sdk/1.5.1/src/rp2_common/pico_runtime/runtime.c.obj
LOAD CMakeFiles/pico_wireless.dir/Users/jin/.pico-sdk/sdk/1.5.1/src/rp2_common/pico_printf/printf.c.obj
LOAD CMakeFiles/pico_wireless.dir/Users/jin/.pico-sdk/sdk/1.5.1/src/rp2_common/pico_bit_ops/bit_ops_aeabi.S.obj
LOAD CMakeFiles/pico_wireless.dir/Users/jin/.pico-sdk/sdk/1.5.1/src/rp2_common/pico_bootrom/bootrom.c.obj
LOAD CMakeFiles/pico_wireless.dir/Users/jin/.pico-sdk/sdk/1.5.1/src/rp2_common/pico_divider/divider.S.obj
LOAD CMakeFiles/pico_wireless.dir/Users/jin/.pico-sdk/sdk/1.5.1/src/rp2_common/pico_double/double_aeabi.S.obj
LOAD CMakeFiles/pico_wireless.dir/Users/jin/.pico-sdk/sdk/1.5.1/src/rp2_common/pico_double/double_init_rom.c.obj
LOAD CMakeFiles/pico_wireless.dir/Users/jin/.pico-sdk/sdk/1.5.1/src/rp2_common/pico_double/double_math.c.obj
LOAD CMakeFiles/pico_wireless.dir/Users/jin/.pico-sdk/sdk/1.5.1/src/rp2_common/pico_double/double_v1_rom_shim.S.obj
LOAD CMakeFiles/pico_wireless.dir/Users/jin/.pico-sdk/sdk/1.5.1/src/rp2_common/pico_int64_ops/pico_int64_ops_aeabi.S.obj
LOAD CMakeFiles/pico_wireless.dir/Users/jin/.pico-sdk/sdk/1.5.1/src/rp2_common/pico_float/float_aeabi.S.obj
LOAD CMakeFiles/pico_wireless.dir/Users/jin/.pico-sdk/sdk/1.5.1/src/rp2_common/pico_float/float_init_rom.c.obj
LOAD CMakeFiles/pico_wireless.dir/Users/jin/.pico-sdk/sdk/1.5.1/src/rp2_common/pico_float/float_math.c.obj
LOAD CMakeFiles/pico_wireless.dir/Users/jin/.pico-sdk/sdk/1.5.1/src/rp2_common/pico_float/float_v1_rom_shim.S.obj
LOAD CMakeFiles/pico_wireless.dir/Users/jin/.pico-sdk/sdk/1.5.1/src/rp2_common/pico_malloc/pico_malloc.c.obj
LOAD CMakeFiles/pico_wireless.dir/Users/jin/.pico-sdk/sdk/1.5.1/src/rp2_common/pico_mem_ops/mem_ops_aeabi.S.obj
LOAD CMakeFiles/pico_wireless.dir/Users/jin/.pico-sdk/sdk/1.5.1/src/rp2_common/pico_standard_link/crt0.S.obj
LOAD CMakeFiles/pico_wireless.dir/Users/jin/.pico-sdk/sdk/1.5.1/src/rp2_common/pico_standard_link/new_delete.cpp.obj
LOAD CMakeFiles/pico_wireless.dir/Users/jin/.pico-sdk/sdk/1.5.1/src/rp2_common/pico_standard_link/binary_info.c.obj
LOAD CMakeFiles/pico_wireless.dir/Users/jin/.pico-sdk/sdk/1.5.1/src/rp2_common/pico_stdio/stdio.c.obj
LOAD CMakeFiles/pico_wireless.dir/Users/jin/.pico-sdk/sdk/1.5.1/src/rp2_common/hardware_spi/spi.c.obj
LOAD /var/folders/dt/771_f9hs13731x0fqnqc0nk80000gn/T//ccV2sIiu.o
LOAD /Applications/ArmGNUToolchain/13.2.Rel1/arm-none-eabi/bin/../lib/gcc/arm-none-eabi/13.2.1/../../../../arm-none-eabi/lib/thumb/v6-m/nofp/libstdc++.a
LOAD /Applications/ArmGNUToolchain/13.2.Rel1/arm-none-eabi/bin/../lib/gcc/arm-none-eabi/13.2.1/../../../../arm-none-eabi/lib/thumb/v6-m/nofp/libm.a
START GROUP
LOAD /Applications/ArmGNUToolchain/13.2.Rel1/arm-none-eabi/bin/../lib/gcc/arm-none-eabi/13.2.1/thumb/v6-m/nofp/libgcc.a
LOAD /Applications/ArmGNUToolchain/13.2.Rel1/arm-none-eabi/bin/../lib/gcc/arm-none-eabi/13.2.1/../../../../arm-none-eabi/lib/thumb/v6-m/nofp/libg.a
LOAD /Applications/ArmGNUToolchain/13.2.Rel1/arm-none-eabi/bin/../lib/gcc/arm-none-eabi/13.2.1/../../../../arm-none-eabi/lib/thumb/v6-m/nofp/libc.a
END GROUP
START GROUP
LOAD /Applications/ArmGNUToolchain/13.2.Rel1/arm-none-eabi/bin/../lib/gcc/arm-none-eabi/13.2.1/thumb/v6-m/nofp/libgcc.a
LOAD /Applications/ArmGNUToolchain/13.2.Rel1/arm-none-eabi/bin/../lib/gcc/arm-none-eabi/13.2.1/../../../../arm-none-eabi/lib/thumb/v6-m/nofp/libc.a
LOAD /Applications/ArmGNUToolchain/13.2.Rel1/arm-none-eabi/bin/../lib/gcc/arm-none-eabi/13.2.1/../../../../arm-none-eabi/lib/thumb/v6-m/nofp/libnosys.a
END GROUP
LOAD /Applications/ArmGNUToolchain/13.2.Rel1/arm-none-eabi/bin/../lib/gcc/arm-none-eabi/13.2.1/thumb/v6-m/nofp/crtend.o
LOAD /Applications/ArmGNUToolchain/13.2.Rel1/arm-none-eabi/bin/../lib/gcc/arm-none-eabi/13.2.1/thumb/v6-m/nofp/crtn.o
OUTPUT(pico_wireless.elf elf32-littlearm)
LOAD linker stubs

.ARM.attributes
                0x00000000       0x28
 .ARM.attributes
                0x00000000       0x1e /Applications/ArmGNUToolchain/13.2.Rel1/arm-none-eabi/bin/../lib/gcc/arm-none-eabi/13.2.1/thumb/v6-m/nofp/crti.o
 .ARM.attributes
                0x0000001e       0x2c /Applications/ArmGNUToolchain/13.2.Rel1/arm-none-eabi/bin/../lib/gcc/arm-none-eabi/13.2.1/thumb/v6-m/nofp/crtbegin.o
 .ARM.attributes
                0x0000004a       0x2c CMakeFiles/pico_wireless.dir/pico_wireless.c.obj
 .ARM.attributes
                0x00000076       0x2c CMakeFiles/pico_wireless.dir/Users/jin/.pico-sdk/sdk/1.5.1/src/rp2_common/hardware_gpio/gpio.c.obj
 .ARM.attributes
                0x000000a2       0x2c CMakeFiles/pico_wireless.dir/Users/jin/.pico-sdk/sdk/1.5.1/src/rp2_common/pico_platform/platform.c.obj
 .ARM.attributes
                0x000000ce       0x2c CMakeFiles/pico_wireless.dir/Users/jin/.pico-sdk/sdk/1.5.1/src/rp2_common/hardware_claim/claim.c.obj
 .ARM.attributes
                0x000000fa       0x2c CMakeFiles/pico_wireless.dir/Users/jin/.pico-sdk/sdk/1.5.1/src/rp2_common/hardware_sync/sync.c.obj
 .ARM.attributes
                0x00000126       0x2c CMakeFiles/pico_wireless.dir/Users/jin/.pico-sdk/sdk/1.5.1/src/rp2_common/hardware_irq/irq.c.obj
 .ARM.attributes
                0x00000152       0x22 CMakeFiles/pico_wireless.dir/Users/jin/.pico-sdk/sdk/1.5.1/src/rp2_common/hardware_irq/irq_handler_chain.S.obj
 .ARM.attributes
                0x00000174       0x2c CMakeFiles/pico_wireless.dir/Users/jin/.pico-sdk/sdk/1.5.1/src/common/pico_sync/lock_core.c.obj
 .ARM.attributes
                0x000001a0       0x2c CMakeFiles/pico_wireless.dir/Users/jin/.pico-sdk/sdk/1.5.1/src/common/pico_sync/mutex.c.obj
 .ARM.attributes
                0x000001cc       0x2c CMakeFiles/pico_wireless.dir/Users/jin/.pico-sdk/sdk/1.5.1/src/common/pico_time/time.c.obj
 .ARM.attributes
                0x000001f8       0x2c CMakeFiles/pico_wireless.dir/Users/jin/.pico-sdk/sdk/1.5.1/src/rp2_common/hardware_timer/timer.c.obj
 .ARM.attributes
                0x00000224       0x2c CMakeFiles/pico_wireless.dir/Users/jin/.pico-sdk/sdk/1.5.1/src/common/pico_util/pheap.c.obj
 .ARM.attributes
                0x00000250       0x2c CMakeFiles/pico_wireless.dir/Users/jin/.pico-sdk/sdk/1.5.1/src/rp2_common/hardware_clocks/clocks.c.obj
 .ARM.attributes
                0x0000027c       0x2c CMakeFiles/pico_wireless.dir/Users/jin/.pico-sdk/sdk/1.5.1/src/rp2_common/hardware_pll/pll.c.obj
 .ARM.attributes
                0x000002a8       0x2c CMakeFiles/pico_wireless.dir/Users/jin/.pico-sdk/sdk/1.5.1/src/rp2_common/hardware_watchdog/watchdog.c.obj
 .ARM.attributes
                0x000002d4       0x2c CMakeFiles/pico_wireless.dir/Users/jin/.pico-sdk/sdk/1.5.1/src/rp2_common/hardware_xosc/xosc.c.obj
 .ARM.attributes
                0x00000300       0x2c CMakeFiles/pico_wireless.dir/Users/jin/.pico-sdk/sdk/1.5.1/src/rp2_common/pico_runtime/runtime.c.obj
 .ARM.attributes
                0x0000032c       0x2c CMakeFiles/pico_wireless.dir/Users/jin/.pico-sdk/sdk/1.5.1/src/rp2_common/pico_printf/printf.c.obj
 .ARM.attributes
                0x00000358       0x22 CMakeFiles/pico_wireless.dir/Users/jin/.pico-sdk/sdk/1.5.1/src/rp2_common/pico_bit_ops/bit_ops_aeabi.S.obj
 .ARM.attributes
                0x0000037a       0x2c CMakeFiles/pico_wireless.dir/Users/jin/.pico-sdk/sdk/1.5.1/src/rp2_common/pico_bootrom/bootrom.c.obj
 .ARM.attributes
                0x000003a6       0x22 CMakeFiles/pico_wireless.dir/Users/jin/.pico-sdk/sdk/1.5.1/src/rp2_common/pico_divider/divider.S.obj
 .ARM.attributes
                0x000003c8       0x22 CMakeFiles/pico_wireless.dir/Users/jin/.pico-sdk/sdk/1.5.1/src/rp2_common/pico_double/double_aeabi.S.obj
 .ARM.attributes
                0x000003ea       0x2c CMakeFiles/pico_wireless.dir/Users/jin/.pico-sdk/sdk/1.5.1/src/rp2_common/pico_double/double_init_rom.c.obj
 .ARM.attributes
                0x00000416       0x22 CMakeFiles/pico_wireless.dir/Users/jin/.pico-sdk/sdk/1.5.1/src/rp2_common/pico_double/double_v1_rom_shim.S.obj
 .ARM.attributes
                0x00000438       0x22 CMakeFiles/pico_wireless.dir/Users/jin/.pico-sdk/sdk/1.5.1/src/rp2_common/pico_int64_ops/pico_int64_ops_aeabi.S.obj
 .ARM.attributes
                0x0000045a       0x22 CMakeFiles/pico_wireless.dir/Users/jin/.pico-sdk/sdk/1.5.1/src/rp2_common/pico_float/float_aeabi.S.obj
 .ARM.attributes
                0x0000047c       0x2c CMakeFiles/pico_wireless.dir/Users/jin/.pico-sdk/sdk/1.5.1/src/rp2_common/pico_float/float_init_rom.c.obj
 .ARM.attributes
                0x000004a8       0x22 CMakeFiles/pico_wireless.dir/Users/jin/.pico-sdk/sdk/1.5.1/src/rp2_common/pico_float/float_v1_rom_shim.S.obj
 .ARM.attributes
                0x000004ca       0x22 CMakeFiles/pico_wireless.dir/Users/jin/.pico-sdk/sdk/1.5.1/src/rp2_common/pico_mem_ops/mem_ops_aeabi.S.obj
 .ARM.attributes
                0x000004ec       0x22 CMakeFiles/pico_wireless.dir/Users/jin/.pico-sdk/sdk/1.5.1/src/rp2_common/pico_standard_link/crt0.S.obj
 .ARM.attributes
                0x0000050e       0x2c CMakeFiles/pico_wireless.dir/Users/jin/.pico-sdk/sdk/1.5.1/src/rp2_common/pico_standard_link/binary_info.c.obj
 .ARM.attributes
                0x0000053a       0x2c CMakeFiles/pico_wireless.dir/Users/jin/.pico-sdk/sdk/1.5.1/src/rp2_common/pico_stdio/stdio.c.obj
 .ARM.attributes
                0x00000566       0x2c CMakeFiles/pico_wireless.dir/Users/jin/.pico-sdk/sdk/1.5.1/src/rp2_common/hardware_spi/spi.c.obj
 .ARM.attributes
                0x00000592       0x22 /var/folders/dt/771_f9hs13731x0fqnqc0nk80000gn/T//ccV2sIiu.o
 .ARM.attributes
                0x000005b4       0x1e /Applications/ArmGNUToolchain/13.2.Rel1/arm-none-eabi/bin/../lib/gcc/arm-none-eabi/13.2.1/thumb/v6-m/nofp/libgcc.a(_dvmd_tls.o)
 .ARM.attributes
                0x000005d2       0x2c /Applications/ArmGNUToolchain/13.2.Rel1/arm-none-eabi/bin/../lib/gcc/arm-none-eabi/13.2.1/../../../../arm-none-eabi/lib/thumb/v6-m/nofp/libg.a(libc_a-strlen-stub.o)
 .ARM.attributes
                0x000005fe       0x2c /Applications/ArmGNUToolchain/13.2.Rel1/arm-none-eabi/bin/../lib/gcc/arm-none-eabi/13.2.1/thumb/v6-m/nofp/crtend.o

.comment        0x00000000       0x44
 .comment       0x00000000       0x44 CMakeFiles/pico_wireless.dir/pico_wireless.c.obj
                                 0x45 (size before relaxing)
 .comment       0x00000044       0x45 CMakeFiles/pico_wireless.dir/Users/jin/.pico-sdk/sdk/1.5.1/src/rp2_common/hardware_gpio/gpio.c.obj
 .comment       0x00000044       0x45 CMakeFiles/pico_wireless.dir/Users/jin/.pico-sdk/sdk/1.5.1/src/rp2_common/pico_platform/platform.c.obj
 .comment       0x00000044       0x45 CMakeFiles/pico_wireless.dir/Users/jin/.pico-sdk/sdk/1.5.1/src/rp2_common/hardware_claim/claim.c.obj
 .comment       0x00000044       0x45 CMakeFiles/pico_wireless.dir/Users/jin/.pico-sdk/sdk/1.5.1/src/rp2_common/hardware_sync/sync.c.obj
 .comment       0x00000044       0x45 CMakeFiles/pico_wireless.dir/Users/jin/.pico-sdk/sdk/1.5.1/src/rp2_common/hardware_irq/irq.c.obj
 .comment       0x00000044       0x45 CMakeFiles/pico_wireless.dir/Users/jin/.pico-sdk/sdk/1.5.1/src/common/pico_sync/lock_core.c.obj
 .comment       0x00000044       0x45 CMakeFiles/pico_wireless.dir/Users/jin/.pico-sdk/sdk/1.5.1/src/common/pico_sync/mutex.c.obj
 .comment       0x00000044       0x45 CMakeFiles/pico_wireless.dir/Users/jin/.pico-sdk/sdk/1.5.1/src/common/pico_time/time.c.obj
 .comment       0x00000044       0x45 CMakeFiles/pico_wireless.dir/Users/jin/.pico-sdk/sdk/1.5.1/src/rp2_common/hardware_timer/timer.c.obj
 .comment       0x00000044       0x45 CMakeFiles/pico_wireless.dir/Users/jin/.pico-sdk/sdk/1.5.1/src/common/pico_util/pheap.c.obj
 .comment       0x00000044       0x45 CMakeFiles/pico_wireless.dir/Users/jin/.pico-sdk/sdk/1.5.1/src/rp2_common/hardware_clocks/clocks.c.obj
 .comment       0x00000044       0x45 CMakeFiles/pico_wireless.dir/Users/jin/.pico-sdk/sdk/1.5.1/src/rp2_common/hardware_pll/pll.c.obj
 .comment       0x00000044       0x45 CMakeFiles/pico_wireless.dir/Users/jin/.pico-sdk/sdk/1.5.1/src/rp2_common/hardware_watchdog/watchdog.c.obj
 .comment       0x00000044       0x45 CMakeFiles/pico_wireless.dir/Users/jin/.pico-sdk/sdk/1.5.1/src/rp2_common/hardware_xosc/xosc.c.obj
 .comment       0x00000044       0x45 CMakeFiles/pico_wireless.dir/Users/jin/.pico-sdk/sdk/1.5.1/src/rp2_common/pico_runtime/runtime.c.obj
 .comment       0x00000044       0x45 CMakeFiles/pico_wireless.dir/Users/jin/.pico-sdk/sdk/1.5.1/src/rp2_common/pico_printf/printf.c.obj
 .comment       0x00000044       0x45 CMakeFiles/pico_wireless.dir/Users/jin/.pico-sdk/sdk/1.5.1/src/rp2_common/pico_bootrom/bootrom.c.obj
 .comment       0x00000044       0x45 CMakeFiles/pico_wireless.dir/Users/jin/.pico-sdk/sdk/1.5.1/src/rp2_common/pico_double/double_init_rom.c.obj
 .comment       0x00000044       0x45 CMakeFiles/pico_wireless.dir/Users/jin/.pico-sdk/sdk/1.5.1/src/rp2_common/pico_float/float_init_rom.c.obj
 .comment       0x00000044       0x45 CMakeFiles/pico_wireless.dir/Users/jin/.pico-sdk/sdk/1.5.1/src/rp2_common/pico_standard_link/binary_info.c.obj
 .comment       0x00000044       0x45 CMakeFiles/pico_wireless.dir/Users/jin/.pico-sdk/sdk/1.5.1/src/rp2_common/pico_stdio/stdio.c.obj
 .comment       0x00000044       0x45 CMakeFiles/pico_wireless.dir/Users/jin/.pico-sdk/sdk/1.5.1/src/rp2_common/hardware_spi/spi.c.obj

.debug_info     0x00000000    0x13e54
 .debug_info    0x00000000      0xa73 CMakeFiles/pico_wireless.dir/pico_wireless.c.obj
 .debug_info    0x00000a73     0x184b CMakeFiles/pico_wireless.dir/Users/jin/.pico-sdk/sdk/1.5.1/src/rp2_common/hardware_gpio/gpio.c.obj
 .debug_info    0x000022be      0x1fb CMakeFiles/pico_wireless.dir/Users/jin/.pico-sdk/sdk/1.5.1/src/rp2_common/pico_platform/platform.c.obj
 .debug_info    0x000024b9      0x69a CMakeFiles/pico_wireless.dir/Users/jin/.pico-sdk/sdk/1.5.1/src/rp2_common/hardware_claim/claim.c.obj
 .debug_info    0x00002b53      0x5fa CMakeFiles/pico_wireless.dir/Users/jin/.pico-sdk/sdk/1.5.1/src/rp2_common/hardware_sync/sync.c.obj
 .debug_info    0x0000314d     0x1c43 CMakeFiles/pico_wireless.dir/Users/jin/.pico-sdk/sdk/1.5.1/src/rp2_common/hardware_irq/irq.c.obj
 .debug_info    0x00004d90      0x1a3 CMakeFiles/pico_wireless.dir/Users/jin/.pico-sdk/sdk/1.5.1/src/common/pico_sync/lock_core.c.obj
 .debug_info    0x00004f33     0x1d29 CMakeFiles/pico_wireless.dir/Users/jin/.pico-sdk/sdk/1.5.1/src/common/pico_sync/mutex.c.obj
 .debug_info    0x00006c5c     0x33f9 CMakeFiles/pico_wireless.dir/Users/jin/.pico-sdk/sdk/1.5.1/src/common/pico_time/time.c.obj
 .debug_info    0x0000a055     0x145b CMakeFiles/pico_wireless.dir/Users/jin/.pico-sdk/sdk/1.5.1/src/rp2_common/hardware_timer/timer.c.obj
 .debug_info    0x0000b4b0      0xe82 CMakeFiles/pico_wireless.dir/Users/jin/.pico-sdk/sdk/1.5.1/src/common/pico_util/pheap.c.obj
 .debug_info    0x0000c332      0xfe7 CMakeFiles/pico_wireless.dir/Users/jin/.pico-sdk/sdk/1.5.1/src/rp2_common/hardware_clocks/clocks.c.obj
 .debug_info    0x0000d319      0x505 CMakeFiles/pico_wireless.dir/Users/jin/.pico-sdk/sdk/1.5.1/src/rp2_common/hardware_pll/pll.c.obj
 .debug_info    0x0000d81e      0x4d8 CMakeFiles/pico_wireless.dir/Users/jin/.pico-sdk/sdk/1.5.1/src/rp2_common/hardware_watchdog/watchdog.c.obj
 .debug_info    0x0000dcf6      0x1c7 CMakeFiles/pico_wireless.dir/Users/jin/.pico-sdk/sdk/1.5.1/src/rp2_common/hardware_xosc/xosc.c.obj
 .debug_info    0x0000debd      0xf23 CMakeFiles/pico_wireless.dir/Users/jin/.pico-sdk/sdk/1.5.1/src/rp2_common/pico_runtime/runtime.c.obj
 .debug_info    0x0000ede0     0x19db CMakeFiles/pico_wireless.dir/Users/jin/.pico-sdk/sdk/1.5.1/src/rp2_common/pico_printf/printf.c.obj
 .debug_info    0x000107bb       0x23 CMakeFiles/pico_wireless.dir/Users/jin/.pico-sdk/sdk/1.5.1/src/rp2_common/pico_bit_ops/bit_ops_aeabi.S.obj
 .debug_info    0x000107de      0x331 CMakeFiles/pico_wireless.dir/Users/jin/.pico-sdk/sdk/1.5.1/src/rp2_common/pico_bootrom/bootrom.c.obj
 .debug_info    0x00010b0f       0x23 CMakeFiles/pico_wireless.dir/Users/jin/.pico-sdk/sdk/1.5.1/src/rp2_common/pico_divider/divider.S.obj
 .debug_info    0x00010b32       0x23 CMakeFiles/pico_wireless.dir/Users/jin/.pico-sdk/sdk/1.5.1/src/rp2_common/pico_double/double_aeabi.S.obj
 .debug_info    0x00010b55      0x33b CMakeFiles/pico_wireless.dir/Users/jin/.pico-sdk/sdk/1.5.1/src/rp2_common/pico_double/double_init_rom.c.obj
 .debug_info    0x00010e90       0x23 CMakeFiles/pico_wireless.dir/Users/jin/.pico-sdk/sdk/1.5.1/src/rp2_common/pico_double/double_v1_rom_shim.S.obj
 .debug_info    0x00010eb3       0x24 CMakeFiles/pico_wireless.dir/Users/jin/.pico-sdk/sdk/1.5.1/src/rp2_common/pico_int64_ops/pico_int64_ops_aeabi.S.obj
 .debug_info    0x00010ed7       0x23 CMakeFiles/pico_wireless.dir/Users/jin/.pico-sdk/sdk/1.5.1/src/rp2_common/pico_float/float_aeabi.S.obj
 .debug_info    0x00010efa      0x34f CMakeFiles/pico_wireless.dir/Users/jin/.pico-sdk/sdk/1.5.1/src/rp2_common/pico_float/float_init_rom.c.obj
 .debug_info    0x00011249       0x23 CMakeFiles/pico_wireless.dir/Users/jin/.pico-sdk/sdk/1.5.1/src/rp2_common/pico_float/float_v1_rom_shim.S.obj
 .debug_info    0x0001126c       0x23 CMakeFiles/pico_wireless.dir/Users/jin/.pico-sdk/sdk/1.5.1/src/rp2_common/pico_mem_ops/mem_ops_aeabi.S.obj
 .debug_info    0x0001128f       0x23 CMakeFiles/pico_wireless.dir/Users/jin/.pico-sdk/sdk/1.5.1/src/rp2_common/pico_standard_link/crt0.S.obj
 .debug_info    0x000112b2      0x2e2 CMakeFiles/pico_wireless.dir/Users/jin/.pico-sdk/sdk/1.5.1/src/rp2_common/pico_standard_link/binary_info.c.obj
 .debug_info    0x00011594     0x172c CMakeFiles/pico_wireless.dir/Users/jin/.pico-sdk/sdk/1.5.1/src/rp2_common/pico_stdio/stdio.c.obj
 .debug_info    0x00012cc0     0x1194 CMakeFiles/pico_wireless.dir/Users/jin/.pico-sdk/sdk/1.5.1/src/rp2_common/hardware_spi/spi.c.obj

.debug_abbrev   0x00000000     0x4199
 .debug_abbrev  0x00000000      0x29e CMakeFiles/pico_wireless.dir/pico_wireless.c.obj
 .debug_abbrev  0x0000029e      0x3a6 CMakeFiles/pico_wireless.dir/Users/jin/.pico-sdk/sdk/1.5.1/src/rp2_common/hardware_gpio/gpio.c.obj
 .debug_abbrev  0x00000644       0xf8 CMakeFiles/pico_wireless.dir/Users/jin/.pico-sdk/sdk/1.5.1/src/rp2_common/pico_platform/platform.c.obj
 .debug_abbrev  0x0000073c      0x2ce CMakeFiles/pico_wireless.dir/Users/jin/.pico-sdk/sdk/1.5.1/src/rp2_common/hardware_claim/claim.c.obj
 .debug_abbrev  0x00000a0a      0x249 CMakeFiles/pico_wireless.dir/Users/jin/.pico-sdk/sdk/1.5.1/src/rp2_common/hardware_sync/sync.c.obj
 .debug_abbrev  0x00000c53      0x500 CMakeFiles/pico_wireless.dir/Users/jin/.pico-sdk/sdk/1.5.1/src/rp2_common/hardware_irq/irq.c.obj
 .debug_abbrev  0x00001153      0x116 CMakeFiles/pico_wireless.dir/Users/jin/.pico-sdk/sdk/1.5.1/src/common/pico_sync/lock_core.c.obj
 .debug_abbrev  0x00001269      0x3f1 CMakeFiles/pico_wireless.dir/Users/jin/.pico-sdk/sdk/1.5.1/src/common/pico_sync/mutex.c.obj
 .debug_abbrev  0x0000165a      0x5c3 CMakeFiles/pico_wireless.dir/Users/jin/.pico-sdk/sdk/1.5.1/src/common/pico_time/time.c.obj
 .debug_abbrev  0x00001c1d      0x3d5 CMakeFiles/pico_wireless.dir/Users/jin/.pico-sdk/sdk/1.5.1/src/rp2_common/hardware_timer/timer.c.obj
 .debug_abbrev  0x00001ff2      0x290 CMakeFiles/pico_wireless.dir/Users/jin/.pico-sdk/sdk/1.5.1/src/common/pico_util/pheap.c.obj
 .debug_abbrev  0x00002282      0x434 CMakeFiles/pico_wireless.dir/Users/jin/.pico-sdk/sdk/1.5.1/src/rp2_common/hardware_clocks/clocks.c.obj
 .debug_abbrev  0x000026b6      0x1e7 CMakeFiles/pico_wireless.dir/Users/jin/.pico-sdk/sdk/1.5.1/src/rp2_common/hardware_pll/pll.c.obj
 .debug_abbrev  0x0000289d      0x1a8 CMakeFiles/pico_wireless.dir/Users/jin/.pico-sdk/sdk/1.5.1/src/rp2_common/hardware_watchdog/watchdog.c.obj
 .debug_abbrev  0x00002a45      0x10c CMakeFiles/pico_wireless.dir/Users/jin/.pico-sdk/sdk/1.5.1/src/rp2_common/hardware_xosc/xosc.c.obj
 .debug_abbrev  0x00002b51      0x530 CMakeFiles/pico_wireless.dir/Users/jin/.pico-sdk/sdk/1.5.1/src/rp2_common/pico_runtime/runtime.c.obj
 .debug_abbrev  0x00003081      0x371 CMakeFiles/pico_wireless.dir/Users/jin/.pico-sdk/sdk/1.5.1/src/rp2_common/pico_printf/printf.c.obj
 .debug_abbrev  0x000033f2       0x12 CMakeFiles/pico_wireless.dir/Users/jin/.pico-sdk/sdk/1.5.1/src/rp2_common/pico_bit_ops/bit_ops_aeabi.S.obj
 .debug_abbrev  0x00003404      0x167 CMakeFiles/pico_wireless.dir/Users/jin/.pico-sdk/sdk/1.5.1/src/rp2_common/pico_bootrom/bootrom.c.obj
 .debug_abbrev  0x0000356b       0x12 CMakeFiles/pico_wireless.dir/Users/jin/.pico-sdk/sdk/1.5.1/src/rp2_common/pico_divider/divider.S.obj
 .debug_abbrev  0x0000357d       0x12 CMakeFiles/pico_wireless.dir/Users/jin/.pico-sdk/sdk/1.5.1/src/rp2_common/pico_double/double_aeabi.S.obj
 .debug_abbrev  0x0000358f      0x1c3 CMakeFiles/pico_wireless.dir/Users/jin/.pico-sdk/sdk/1.5.1/src/rp2_common/pico_double/double_init_rom.c.obj
 .debug_abbrev  0x00003752       0x12 CMakeFiles/pico_wireless.dir/Users/jin/.pico-sdk/sdk/1.5.1/src/rp2_common/pico_double/double_v1_rom_shim.S.obj
 .debug_abbrev  0x00003764       0x14 CMakeFiles/pico_wireless.dir/Users/jin/.pico-sdk/sdk/1.5.1/src/rp2_common/pico_int64_ops/pico_int64_ops_aeabi.S.obj
 .debug_abbrev  0x00003778       0x12 CMakeFiles/pico_wireless.dir/Users/jin/.pico-sdk/sdk/1.5.1/src/rp2_common/pico_float/float_aeabi.S.obj
 .debug_abbrev  0x0000378a      0x1c6 CMakeFiles/pico_wireless.dir/Users/jin/.pico-sdk/sdk/1.5.1/src/rp2_common/pico_float/float_init_rom.c.obj
 .debug_abbrev  0x00003950       0x12 CMakeFiles/pico_wireless.dir/Users/jin/.pico-sdk/sdk/1.5.1/src/rp2_common/pico_float/float_v1_rom_shim.S.obj
 .debug_abbrev  0x00003962       0x12 CMakeFiles/pico_wireless.dir/Users/jin/.pico-sdk/sdk/1.5.1/src/rp2_common/pico_mem_ops/mem_ops_aeabi.S.obj
 .debug_abbrev  0x00003974       0x12 CMakeFiles/pico_wireless.dir/Users/jin/.pico-sdk/sdk/1.5.1/src/rp2_common/pico_standard_link/crt0.S.obj
 .debug_abbrev  0x00003986       0xb8 CMakeFiles/pico_wireless.dir/Users/jin/.pico-sdk/sdk/1.5.1/src/rp2_common/pico_standard_link/binary_info.c.obj
 .debug_abbrev  0x00003a3e      0x478 CMakeFiles/pico_wireless.dir/Users/jin/.pico-sdk/sdk/1.5.1/src/rp2_common/pico_stdio/stdio.c.obj
 .debug_abbrev  0x00003eb6      0x2e3 CMakeFiles/pico_wireless.dir/Users/jin/.pico-sdk/sdk/1.5.1/src/rp2_common/hardware_spi/spi.c.obj

.debug_loclists
                0x00000000     0x83d4
 .debug_loclists
                0x00000000      0x1cf CMakeFiles/pico_wireless.dir/pico_wireless.c.obj
 .debug_loclists
                0x000001cf      0xb61 CMakeFiles/pico_wireless.dir/Users/jin/.pico-sdk/sdk/1.5.1/src/rp2_common/hardware_gpio/gpio.c.obj
 .debug_loclists
                0x00000d30       0xad CMakeFiles/pico_wireless.dir/Users/jin/.pico-sdk/sdk/1.5.1/src/rp2_common/pico_platform/platform.c.obj
 .debug_loclists
                0x00000ddd      0x2af CMakeFiles/pico_wireless.dir/Users/jin/.pico-sdk/sdk/1.5.1/src/rp2_common/hardware_claim/claim.c.obj
 .debug_loclists
                0x0000108c      0x182 CMakeFiles/pico_wireless.dir/Users/jin/.pico-sdk/sdk/1.5.1/src/rp2_common/hardware_sync/sync.c.obj
 .debug_loclists
                0x0000120e      0xdb7 CMakeFiles/pico_wireless.dir/Users/jin/.pico-sdk/sdk/1.5.1/src/rp2_common/hardware_irq/irq.c.obj
 .debug_loclists
                0x00001fc5       0x50 CMakeFiles/pico_wireless.dir/Users/jin/.pico-sdk/sdk/1.5.1/src/common/pico_sync/lock_core.c.obj
 .debug_loclists
                0x00002015      0xa5b CMakeFiles/pico_wireless.dir/Users/jin/.pico-sdk/sdk/1.5.1/src/common/pico_sync/mutex.c.obj
 .debug_loclists
                0x00002a70     0x146a CMakeFiles/pico_wireless.dir/Users/jin/.pico-sdk/sdk/1.5.1/src/common/pico_time/time.c.obj
 .debug_loclists
                0x00003eda      0x698 CMakeFiles/pico_wireless.dir/Users/jin/.pico-sdk/sdk/1.5.1/src/rp2_common/hardware_timer/timer.c.obj
 .debug_loclists
                0x00004572      0x7aa CMakeFiles/pico_wireless.dir/Users/jin/.pico-sdk/sdk/1.5.1/src/common/pico_util/pheap.c.obj
 .debug_loclists
                0x00004d1c      0x5c2 CMakeFiles/pico_wireless.dir/Users/jin/.pico-sdk/sdk/1.5.1/src/rp2_common/hardware_clocks/clocks.c.obj
 .debug_loclists
                0x000052de      0x214 CMakeFiles/pico_wireless.dir/Users/jin/.pico-sdk/sdk/1.5.1/src/rp2_common/hardware_pll/pll.c.obj
 .debug_loclists
                0x000054f2      0x1fd CMakeFiles/pico_wireless.dir/Users/jin/.pico-sdk/sdk/1.5.1/src/rp2_common/hardware_watchdog/watchdog.c.obj
 .debug_loclists
                0x000056ef       0x48 CMakeFiles/pico_wireless.dir/Users/jin/.pico-sdk/sdk/1.5.1/src/rp2_common/hardware_xosc/xosc.c.obj
 .debug_loclists
                0x00005737      0x3d9 CMakeFiles/pico_wireless.dir/Users/jin/.pico-sdk/sdk/1.5.1/src/rp2_common/pico_runtime/runtime.c.obj
 .debug_loclists
                0x00005b10     0x16f9 CMakeFiles/pico_wireless.dir/Users/jin/.pico-sdk/sdk/1.5.1/src/rp2_common/pico_printf/printf.c.obj
 .debug_loclists
                0x00007209      0x14d CMakeFiles/pico_wireless.dir/Users/jin/.pico-sdk/sdk/1.5.1/src/rp2_common/pico_bootrom/bootrom.c.obj
 .debug_loclists
                0x00007356       0x41 CMakeFiles/pico_wireless.dir/Users/jin/.pico-sdk/sdk/1.5.1/src/rp2_common/pico_double/double_init_rom.c.obj
 .debug_loclists
                0x00007397       0x4f CMakeFiles/pico_wireless.dir/Users/jin/.pico-sdk/sdk/1.5.1/src/rp2_common/pico_float/float_init_rom.c.obj
 .debug_loclists
                0x000073e6      0x8ad CMakeFiles/pico_wireless.dir/Users/jin/.pico-sdk/sdk/1.5.1/src/rp2_common/pico_stdio/stdio.c.obj
 .debug_loclists
                0x00007c93      0x741 CMakeFiles/pico_wireless.dir/Users/jin/.pico-sdk/sdk/1.5.1/src/rp2_common/hardware_spi/spi.c.obj

.debug_aranges  0x00000000      0xf38
 .debug_aranges
                0x00000000       0x38 CMakeFiles/pico_wireless.dir/pico_wireless.c.obj
 .debug_aranges
                0x00000038      0x100 CMakeFiles/pico_wireless.dir/Users/jin/.pico-sdk/sdk/1.5.1/src/rp2_common/hardware_gpio/gpio.c.obj
 .debug_aranges
                0x00000138       0x28 CMakeFiles/pico_wireless.dir/Users/jin/.pico-sdk/sdk/1.5.1/src/rp2_common/pico_platform/platform.c.obj
 .debug_aranges
                0x00000160       0x48 CMakeFiles/pico_wireless.dir/Users/jin/.pico-sdk/sdk/1.5.1/src/rp2_common/hardware_claim/claim.c.obj
 .debug_aranges
                0x000001a8       0x58 CMakeFiles/pico_wireless.dir/Users/jin/.pico-sdk/sdk/1.5.1/src/rp2_common/hardware_sync/sync.c.obj
 .debug_aranges
                0x00000200       0xd0 CMakeFiles/pico_wireless.dir/Users/jin/.pico-sdk/sdk/1.5.1/src/rp2_common/hardware_irq/irq.c.obj
 .debug_aranges
                0x000002d0       0x20 CMakeFiles/pico_wireless.dir/Users/jin/.pico-sdk/sdk/1.5.1/src/common/pico_sync/lock_core.c.obj
 .debug_aranges
                0x000002f0       0xc0 CMakeFiles/pico_wireless.dir/Users/jin/.pico-sdk/sdk/1.5.1/src/common/pico_sync/mutex.c.obj
 .debug_aranges
                0x000003b0      0x158 CMakeFiles/pico_wireless.dir/Users/jin/.pico-sdk/sdk/1.5.1/src/common/pico_time/time.c.obj
 .debug_aranges
                0x00000508       0x90 CMakeFiles/pico_wireless.dir/Users/jin/.pico-sdk/sdk/1.5.1/src/rp2_common/hardware_timer/timer.c.obj
 .debug_aranges
                0x00000598       0x80 CMakeFiles/pico_wireless.dir/Users/jin/.pico-sdk/sdk/1.5.1/src/common/pico_util/pheap.c.obj
 .debug_aranges
                0x00000618       0x70 CMakeFiles/pico_wireless.dir/Users/jin/.pico-sdk/sdk/1.5.1/src/rp2_common/hardware_clocks/clocks.c.obj
 .debug_aranges
                0x00000688       0x28 CMakeFiles/pico_wireless.dir/Users/jin/.pico-sdk/sdk/1.5.1/src/rp2_common/hardware_pll/pll.c.obj
 .debug_aranges
                0x000006b0       0x58 CMakeFiles/pico_wireless.dir/Users/jin/.pico-sdk/sdk/1.5.1/src/rp2_common/hardware_watchdog/watchdog.c.obj
 .debug_aranges
                0x00000708       0x30 CMakeFiles/pico_wireless.dir/Users/jin/.pico-sdk/sdk/1.5.1/src/rp2_common/hardware_xosc/xosc.c.obj
 .debug_aranges
                0x00000738       0x98 CMakeFiles/pico_wireless.dir/Users/jin/.pico-sdk/sdk/1.5.1/src/rp2_common/pico_runtime/runtime.c.obj
 .debug_aranges
                0x000007d0       0x90 CMakeFiles/pico_wireless.dir/Users/jin/.pico-sdk/sdk/1.5.1/src/rp2_common/pico_printf/printf.c.obj
 .debug_aranges