Archive member included to satisfy reference by file (symbol)

/Applications/ArmGNUToolchain/13.2.Rel1/arm-none-eabi/bin/../lib/gcc/arm-none-eabi/13.2.1/thumb/v6-m/nofp/libgcc.a(_dvmd_tls.o)
                              CMakeFiles/pico_rx.dir/Users/jin/.pico-sdk/sdk/1.5.1/src/rp2_common/pico_divider/divider.S.obj (__aeabi_idiv0)
/Applications/ArmGNUToolchain/13.2.Rel1/arm-none-eabi/bin/../lib/gcc/arm-none-eabi/13.2.1/../../../../arm-none-eabi/lib/thumb/v6-m/nofp/libg.a(libc_a-calloc.o)
                              CMakeFiles/pico_rx.dir/Users/jin/.pico-sdk/sdk/1.5.1/src/rp2_common/pico_malloc/pico_malloc.c.obj (calloc)
/Applications/ArmGNUToolchain/13.2.Rel1/arm-none-eabi/bin/../lib/gcc/arm-none-eabi/13.2.1/../../../../arm-none-eabi/lib/thumb/v6-m/nofp/libg.a(libc_a-callocr.o)
                              /Applications/ArmGNUToolchain/13.2.Rel1/arm-none-eabi/bin/../lib/gcc/arm-none-eabi/13.2.1/../../../../arm-none-eabi/lib/thumb/v6-m/nofp/libg.a(libc_a-calloc.o) (_calloc_r)
/Applications/ArmGNUToolchain/13.2.Rel1/arm-none-eabi/bin/../lib/gcc/arm-none-eabi/13.2.1/../../../../arm-none-eabi/lib/thumb/v6-m/nofp/libg.a(libc_a-malloc.o)
                              CMakeFiles/pico_rx.dir/Users/jin/.pico-sdk/sdk/1.5.1/src/rp2_common/pico_malloc/pico_malloc.c.obj (malloc)
/Applications/ArmGNUToolchain/13.2.Rel1/arm-none-eabi/bin/../lib/gcc/arm-none-eabi/13.2.1/../../../../arm-none-eabi/lib/thumb/v6-m/nofp/libg.a(libc_a-mallocr.o)
                              /Applications/ArmGNUToolchain/13.2.Rel1/arm-none-eabi/bin/../lib/gcc/arm-none-eabi/13.2.1/../../../../arm-none-eabi/lib/thumb/v6-m/nofp/libg.a(libc_a-callocr.o) (_malloc_r)
/Applications/ArmGNUToolchain/13.2.Rel1/arm-none-eabi/bin/../lib/gcc/arm-none-eabi/13.2.1/../../../../arm-none-eabi/lib/thumb/v6-m/nofp/libg.a(libc_a-mlock.o)
                              /Applications/ArmGNUToolchain/13.2.Rel1/arm-none-eabi/bin/../lib/gcc/arm-none-eabi/13.2.1/../../../../arm-none-eabi/lib/thumb/v6-m/nofp/libg.a(libc_a-mallocr.o) (__malloc_lock)
/Applications/ArmGNUToolchain/13.2.Rel1/arm-none-eabi/bin/../lib/gcc/arm-none-eabi/13.2.1/../../../../arm-none-eabi/lib/thumb/v6-m/nofp/libg.a(libc_a-realloc.o)
                              CMakeFiles/pico_rx.dir/Users/jin/.pico-sdk/sdk/1.5.1/src/rp2_common/pico_malloc/pico_malloc.c.obj (realloc)
/Applications/ArmGNUToolchain/13.2.Rel1/arm-none-eabi/bin/../lib/gcc/arm-none-eabi/13.2.1/../../../../arm-none-eabi/lib/thumb/v6-m/nofp/libg.a(libc_a-reallocr.o)
                              /Applications/ArmGNUToolchain/13.2.Rel1/arm-none-eabi/bin/../lib/gcc/arm-none-eabi/13.2.1/../../../../arm-none-eabi/lib/thumb/v6-m/nofp/libg.a(libc_a-realloc.o) (_realloc_r)
/Applications/ArmGNUToolchain/13.2.Rel1/arm-none-eabi/bin/../lib/gcc/arm-none-eabi/13.2.1/../../../../arm-none-eabi/lib/thumb/v6-m/nofp/libg.a(libc_a-memmove.o)
                              /Applications/ArmGNUToolchain/13.2.Rel1/arm-none-eabi/bin/../lib/gcc/arm-none-eabi/13.2.1/../../../../arm-none-eabi/lib/thumb/v6-m/nofp/libg.a(libc_a-reallocr.o) (memmove)
/Applications/ArmGNUToolchain/13.2.Rel1/arm-none-eabi/bin/../lib/gcc/arm-none-eabi/13.2.1/../../../../arm-none-eabi/lib/thumb/v6-m/nofp/libg.a(libc_a-impure.o)
                              /Applications/ArmGNUToolchain/13.2.Rel1/arm-none-eabi/bin/../lib/gcc/arm-none-eabi/13.2.1/../../../../arm-none-eabi/lib/thumb/v6-m/nofp/libg.a(libc_a-calloc.o) (_impure_ptr)
/Applications/ArmGNUToolchain/13.2.Rel1/arm-none-eabi/bin/../lib/gcc/arm-none-eabi/13.2.1/../../../../arm-none-eabi/lib/thumb/v6-m/nofp/libg.a(libc_a-sbrkr.o)
                              /Applications/ArmGNUToolchain/13.2.Rel1/arm-none-eabi/bin/../lib/gcc/arm-none-eabi/13.2.1/../../../../arm-none-eabi/lib/thumb/v6-m/nofp/libg.a(libc_a-mallocr.o) (_sbrk_r)
/Applications/ArmGNUToolchain/13.2.Rel1/arm-none-eabi/bin/../lib/gcc/arm-none-eabi/13.2.1/../../../../arm-none-eabi/lib/thumb/v6-m/nofp/libg.a(libc_a-errno.o)
                              /Applications/ArmGNUToolchain/13.2.Rel1/arm-none-eabi/bin/../lib/gcc/arm-none-eabi/13.2.1/../../../../arm-none-eabi/lib/thumb/v6-m/nofp/libg.a(libc_a-callocr.o) (__errno)
/Applications/ArmGNUToolchain/13.2.Rel1/arm-none-eabi/bin/../lib/gcc/arm-none-eabi/13.2.1/../../../../arm-none-eabi/lib/thumb/v6-m/nofp/libg.a(libc_a-sysconf.o)
                              /Applications/ArmGNUToolchain/13.2.Rel1/arm-none-eabi/bin/../lib/gcc/arm-none-eabi/13.2.1/../../../../arm-none-eabi/lib/thumb/v6-m/nofp/libg.a(libc_a-mallocr.o) (sysconf)
/Applications/ArmGNUToolchain/13.2.Rel1/arm-none-eabi/bin/../lib/gcc/arm-none-eabi/13.2.1/../../../../arm-none-eabi/lib/thumb/v6-m/nofp/libg.a(libc_a-init.o)
                              /Applications/ArmGNUToolchain/13.2.Rel1/arm-none-eabi/bin/../lib/gcc/arm-none-eabi/13.2.1/../../../../arm-none-eabi/lib/thumb/v6-m/nofp/crt0.o (__libc_init_array)
[...]
Memory Configuration

Name             Origin             Length             Attributes
FLASH            0x10000000         0x00200000         xr
RAM              0x20000000         0x00040000         xrw
SCRATCH_X        0x20040000         0x00001000         xrw
SCRATCH_Y        0x20041000         0x00001000         xrw
*default*        0x00000000         0xffffffff

Linker script and memory map

LOAD /Applications/ArmGNUToolchain/13.2.Rel1/arm-none-eabi/bin/../lib/gcc/arm-none-eabi/13.2.1/thumb/v6-m/nofp/crti.o
LOAD /Applications/ArmGNUToolchain/13.2.Rel1/arm-none-eabi/bin/../lib/gcc/arm-none-eabi/13.2.1/thumb/v6-m/nofp/crtbegin.o
LOAD /Applications/ArmGNUToolchain/13.2.Rel1/arm-none-eabi/bin/../lib/gcc/arm-none-eabi/13.2.1/../../../../arm-none-eabi/lib/thumb/v6-m/nofp/crt0.o

.flash_begin    0x10000000        0x0
                0x10000000                        __flash_binary_start = .

.boot2          0x10000000      0x100
                0x10000000                        __boot2_start__ = .
 *(.boot2)
 .boot2         0x10000000      0x100 /var/folders/dt/771_f9hs13731x0fqnqc0nk80000gn/T//ccWfRX1c.o
                0x10000100                        __boot2_end__ = .
                0x00000001                        ASSERT (((__boot2_end__ - __boot2_start__) == 0x100), ERROR: Pico second stage bootloader must be 256 bytes in size)

.text           0x10000100     0x4798
                0x10000100                        __logical_binary_start = .
 *(.vectors)
 .vectors       0x10000100       0xd4 CMakeFiles/pico_rx.dir/Users/jin/.pico-sdk/sdk/1.5.1/src/rp2_common/pico_standard_link/crt0.S.obj
                0x10000100                __VECTOR_TABLE
                0x10000100                __vectors
                0x100001c0                __default_isrs_start
                0x100001c0                isr_invalid
                0x100001c2                isr_nmi
                0x100001c4                isr_hardfault
                0x100001c6                isr_svcall
                0x100001c8                isr_pendsv
                0x100001ca                isr_systick
                0x100001cc                isr_irq28
                0x100001cc                isr_irq19
                0x100001cc                isr_irq0
                0x100001cc                isr_irq6
                0x100001cc                isr_irq22
                0x100001cc                isr_irq17
                0x100001cc                isr_irq14
                0x100001cc                isr_irq2
                0x100001cc                isr_irq10
                0x100001cc                isr_irq8
                0x100001cc                isr_irq24
                0x100001cc                isr_irq1
                0x100001cc                isr_irq7
                0x100001cc                isr_irq21
                0x100001cc                isr_irq20
                0x100001cc                isr_irq15
                0x100001cc                isr_irq25
                0x100001cc                isr_irq4
                0x100001cc                isr_irq16
                0x100001cc                isr_irq29
                0x100001cc                isr_irq26
                0x100001cc                __default_isrs_end
                0x100001cc                isr_irq3
                0x100001cc                isr_irq9
                0x100001cc                __unhandled_user_irq
                0x100001cc                isr_irq13
                0x100001cc                isr_irq27
                0x100001cc                isr_irq31
                0x100001cc                isr_irq5
                0x100001cc                isr_irq11
                0x100001cc                isr_irq23
                0x100001cc                isr_irq18
                0x100001cc                isr_irq30
                0x100001cc                isr_irq12
                0x100001d2                unhandled_user_irq_num_in_r0
 *(.binary_info_header)
 .binary_info_header
                0x100001d4       0x14 CMakeFiles/pico_rx.dir/Users/jin/.pico-sdk/sdk/1.5.1/src/rp2_common/pico_standard_link/crt0.S.obj
                0x100001e8                        __binary_info_header_end = .
 *(.reset)
 .reset         0x100001e8       0xa0 CMakeFiles/pico_rx.dir/Users/jin/.pico-sdk/sdk/1.5.1/src/rp2_common/pico_standard_link/crt0.S.obj
                0x100001e8                _entry_point
 .reset         0x10000288       0x30 CMakeFiles/pico_rx.dir/Users/jin/.pico-sdk/sdk/1.5.1/src/rp2_common/pico_standard_link/binary_info.c.obj
 *(.init)
 .init          0x100002b8        0x4 /Applications/ArmGNUToolchain/13.2.Rel1/arm-none-eabi/bin/../lib/gcc/arm-none-eabi/13.2.1/thumb/v6-m/nofp/crti.o
                0x100002b8                _init
 *(EXCLUDE_FILE(*libm.a: *libc.a:*lib_a-mem*.o *libgcc.a:) .text*)
 .text.register_tm_clones
                0x100002bc       0x28 /Applications/ArmGNUToolchain/13.2.Rel1/arm-none-eabi/bin/../lib/gcc/arm-none-eabi/13.2.1/thumb/v6-m/nofp/crtbegin.o
 .text.frame_dummy
                0x100002e4       0x24 /Applications/ArmGNUToolchain/13.2.Rel1/arm-none-eabi/bin/../lib/gcc/arm-none-eabi/13.2.1/thumb/v6-m/nofp/crtbegin.o
 .text.nrf24l01_init
                0x10000308       0x58 CMakeFiles/pico_rx.dir/pico_rx.c.obj
                0x10000308                nrf24l01_init
 .text.nrf24l01_write_register
                0x10000360       0x2c CMakeFiles/pico_rx.dir/pico_rx.c.obj
                0x10000360                nrf24l01_write_register
 .text.nrf24l01_read_payload
                0x1000038c       0x44 CMakeFiles/pico_rx.dir/pico_rx.c.obj
                0x1000038c                nrf24l01_read_payload
 .text.nrf24l01_config_rx_mode
                0x100003d0       0x40 CMakeFiles/pico_rx.dir/pico_rx.c.obj
                0x100003d0                nrf24l01_config_rx_mode
 .text.main     0x10000410       0x68 CMakeFiles/pico_rx.dir/pico_rx.c.obj
                0x10000410                main
 .text.uart_putc
                0x10000478       0x60 CMakeFiles/pico_rx.dir/pico_uart_debug.c.obj
 .text.uart_puts
                0x100004d8       0x4a CMakeFiles/pico_rx.dir/pico_uart_debug.c.obj
 *fill*         0x10000522        0x2 
 .text.pico_uart_debug_init
                0x10000524       0x34 CMakeFiles/pico_rx.dir/pico_uart_debug.c.obj
                0x10000524                pico_uart_debug_init
 .text.pico_uart_debug_printf
                0x10000558       0x10 CMakeFiles/pico_rx.dir/pico_uart_debug.c.obj
                0x10000558                pico_uart_debug_printf
 .text.gpio_set_function
                0x10000568       0x30 CMakeFiles/pico_rx.dir/Users/jin/.pico-sdk/sdk/1.5.1/src/rp2_common/hardware_gpio/gpio.c.obj
                0x10000568                gpio_set_function
 .text.gpio_init
                0x10000598       0x16 CMakeFiles/pico_rx.dir/Users/jin/.pico-sdk/sdk/1.5.1/src/rp2_common/hardware_gpio/gpio.c.obj
                0x10000598                gpio_init
 *fill*         0x100005ae        0x2 
 .text.running_on_fpga
                0x100005b0       0x14 CMakeFiles/pico_rx.dir/Users/jin/.pico-sdk/sdk/1.5.1/src/rp2_common/pico_platform/platform.c.obj
                0x100005b0                running_on_fpga
 .text.hw_claim_lock
                0x100005c4       0x18 CMakeFiles/pico_rx.dir/Users/jin/.pico-sdk/sdk/1.5.1/src/rp2_common/hardware_claim/claim.c.obj
                0x100005c4                hw_claim_lock
 .text.hw_claim_unlock
                0x100005dc       0x14 CMakeFiles/pico_rx.dir/Users/jin/.pico-sdk/sdk/1.5.1/src/rp2_common/hardware_claim/claim.c.obj
                0x100005dc                hw_claim_unlock
 .text.hw_claim_or_assert
                0x100005f0       0x32 CMakeFiles/pico_rx.dir/Users/jin/.pico-sdk/sdk/1.5.1/src/rp2_common/hardware_claim/claim.c.obj
                0x100005f0                hw_claim_or_assert
 *fill*         0x10000622        0x2 
 .text.spin_locks_reset
                0x10000624       0x20 CMakeFiles/pico_rx.dir/Users/jin/.pico-sdk/sdk/1.5.1/src/rp2_common/hardware_sync/sync.c.obj
                0x10000624                spin_locks_reset
 .text.next_striped_spin_lock_num
                0x10000644       0x1c CMakeFiles/pico_rx.dir/Users/jin/.pico-sdk/sdk/1.5.1/src/rp2_common/hardware_sync/sync.c.obj
                0x10000644                next_striped_spin_lock_num
 .text.set_raw_irq_handler_and_unlock
                0x10000660       0x28 CMakeFiles/pico_rx.dir/Users/jin/.pico-sdk/sdk/1.5.1/src/rp2_common/hardware_irq/irq.c.obj
 .text.resolve_branch
                0x10000688       0x30 CMakeFiles/pico_rx.dir/Users/jin/.pico-sdk/sdk/1.5.1/src/rp2_common/hardware_irq/irq.c.obj
 .text.make_branch
                0x100006b8       0x48 CMakeFiles/pico_rx.dir/Users/jin/.pico-sdk/sdk/1.5.1/src/rp2_common/hardware_irq/irq.c.obj
 .text.insert_branch_and_link
                0x10000700       0x40 CMakeFiles/pico_rx.dir/Users/jin/.pico-sdk/sdk/1.5.1/src/rp2_common/hardware_irq/irq.c.obj
 .text.irq_is_enabled
                0x10000740       0x18 CMakeFiles/pico_rx.dir/Users/jin/.pico-sdk/sdk/1.5.1/src/rp2_common/hardware_irq/irq.c.obj
                0x10000740                irq_is_enabled
 .text.irq_set_mask_enabled
                0x10000758       0x20 CMakeFiles/pico_rx.dir/Users/jin/.pico-sdk/sdk/1.5.1/src/rp2_common/hardware_irq/irq.c.obj
                0x10000758                irq_set_mask_enabled
 .text.irq_set_enabled
                0x10000778        0xe CMakeFiles/pico_rx.dir/Users/jin/.pico-sdk/sdk/1.5.1/src/rp2_common/hardware_irq/irq.c.obj
                0x10000778                irq_set_enabled
 *fill*         0x10000786        0x2 
 .text.irq_get_vtable_handler
                0x10000788       0x10 CMakeFiles/pico_rx.dir/Users/jin/.pico-sdk/sdk/1.5.1/src/rp2_common/hardware_irq/irq.c.obj
                0x10000788                irq_get_vtable_handler
 .text.irq_set_exclusive_handler
                0x10000798       0x54 CMakeFiles/pico_rx.dir/Users/jin/.pico-sdk/sdk/1.5.1/src/rp2_common/hardware_irq/irq.c.obj
                0x10000798                irq_set_exclusive_handler
 .text.irq_remove_handler
                0x100007ec      0x188 CMakeFiles/pico_rx.dir/Users/jin/.pico-sdk/sdk/1.5.1/src/rp2_common/hardware_irq/irq.c.obj
                0x100007ec                irq_remove_handler
 .text.irq_add_tail_to_free_list
                0x10000974       0xf0 CMakeFiles/pico_rx.dir/Users/jin/.pico-sdk/sdk/1.5.1/src/rp2_common/hardware_irq/irq.c.obj
                0x10000974                irq_add_tail_to_free_list
 .text.irq_init_priorities
                0x10000a64       0x1c CMakeFiles/pico_rx.dir/Users/jin/.pico-sdk/sdk/1.5.1/src/rp2_common/hardware_irq/irq.c.obj
                0x10000a64                irq_init_priorities
 .text.lock_init
                0x10000a80       0x10 CMakeFiles/pico_rx.dir/Users/jin/.pico-sdk/sdk/1.5.1/src/common/pico_sync/lock_core.c.obj
                0x10000a80                lock_init
 .text.mutex_init
                0x10000a90       0x1a CMakeFiles/pico_rx.dir/Users/jin/.pico-sdk/sdk/1.5.1/src/common/pico_sync/mutex.c.obj
                0x10000a90                mutex_init
 .text.recursive_mutex_init
                0x10000aaa       0x1e CMakeFiles/pico_rx.dir/Users/jin/.pico-sdk/sdk/1.5.1/src/common/pico_sync/mutex.c.obj
                0x10000aaa                recursive_mutex_init
 .text.time_reached
                0x10000ac8       0x28 CMakeFiles/pico_rx.dir/Users/jin/.pico-sdk/sdk/1.5.1/src/common/pico_time/time.c.obj
 .text.get_entry
                0x10000af0       0x38 CMakeFiles/pico_rx.dir/Users/jin/.pico-sdk/sdk/1.5.1/src/common/pico_time/time.c.obj
 .text.timer_pool_entry_comparator
                0x10000b28       0x2e CMakeFiles/pico_rx.dir/Users/jin/.pico-sdk/sdk/1.5.1/src/common/pico_time/time.c.obj
                0x10000b28                timer_pool_entry_comparator
 *fill*         0x10000b56        0x2 
 .text.update_us_since_boot
                0x10000b58       0x24 CMakeFiles/pico_rx.dir/Users/jin/.pico-sdk/sdk/1.5.1/src/common/pico_time/time.c.obj
 .text.delayed_by_us
                0x10000b7c       0x34 CMakeFiles/pico_rx.dir/Users/jin/.pico-sdk/sdk/1.5.1/src/common/pico_time/time.c.obj
 .text.ph_get_node
                0x10000bb0       0x30 CMakeFiles/pico_rx.dir/Users/jin/.pico-sdk/sdk/1.5.1/src/common/pico_time/time.c.obj
 .text.ph_contains_node
                0x10000be0       0x1e CMakeFiles/pico_rx.dir/Users/jin/.pico-sdk/sdk/1.5.1/src/common/pico_time/time.c.obj
 .text.ph_new_node
                0x10000bfe       0x28 CMakeFiles/pico_rx.dir/Users/jin/.pico-sdk/sdk/1.5.1/src/common/pico_time/time.c.obj
 *fill*         0x10000c26        0x2 
 .text.ph_add_child_node
                0x10000c28       0x6c CMakeFiles/pico_rx.dir/Users/jin/.pico-sdk/sdk/1.5.1/src/common/pico_time/time.c.obj
 .text.ph_merge_nodes
                0x10000c94       0x3e CMakeFiles/pico_rx.dir/Users/jin/.pico-sdk/sdk/1.5.1/src/common/pico_time/time.c.obj
 *fill*         0x10000cd2        0x2 
 .text.ph_insert_node
                0x10000cd4       0x3c CMakeFiles/pico_rx.dir/Users/jin/.pico-sdk/sdk/1.5.1/src/common/pico_time/time.c.obj
 .text.ph_free_node
                0x10000d10       0x5c CMakeFiles/pico_rx.dir/Users/jin/.pico-sdk/sdk/1.5.1/src/common/pico_time/time.c.obj
 .text.get_entry_id_high
                0x10000d6c       0x30 CMakeFiles/pico_rx.dir/Users/jin/.pico-sdk/sdk/1.5.1/src/common/pico_time/time.c.obj
 .text.alarm_pool_post_alloc_init
                0x10000d9c       0x40 CMakeFiles/pico_rx.dir/Users/jin/.pico-sdk/sdk/1.5.1/src/common/pico_time/time.c.obj
 .text.sleep_until_callback
                0x10000ddc       0x30 CMakeFiles/pico_rx.dir/Users/jin/.pico-sdk/sdk/1.5.1/src/common/pico_time/time.c.obj
 .text.get_absolute_time
                0x10000e0c       0x22 CMakeFiles/pico_rx.dir/Users/jin/.pico-sdk/sdk/1.5.1/src/common/pico_time/time.c.obj
 .text.make_timeout_time_us
                0x10000e2e       0x24 CMakeFiles/pico_rx.dir/Users/jin/.pico-sdk/sdk/1.5.1/src/common/pico_time/time.c.obj
 *fill*         0x10000e52        0x2 
 .text.add_alarm_under_lock
                0x10000e54       0x94 CMakeFiles/pico_rx.dir/Users/jin/.pico-sdk/sdk/1.5.1/src/common/pico_time/time.c.obj
 .text.alarm_pool_alarm_callback
                0x10000ee8      0x210 CMakeFiles/pico_rx.dir/Users/jin/.pico-sdk/sdk/1.5.1/src/common/pico_time/time.c.obj
 .text.alarm_pool_init_default
                0x100010f8       0x40 CMakeFiles/pico_rx.dir/Users/jin/.pico-sdk/sdk/1.5.1/src/common/pico_time/time.c.obj
                0x100010f8                alarm_pool_init_default
 .text.alarm_pool_get_default
                0x10001138       0x2c CMakeFiles/pico_rx.dir/Users/jin/.pico-sdk/sdk/1.5.1/src/common/pico_time/time.c.obj
                0x10001138                alarm_pool_get_default
 .text.alarm_pool_add_alarm_at
                0x10001164      0x10e CMakeFiles/pico_rx.dir/Users/jin/.pico-sdk/sdk/1.5.1/src/common/pico_time/time.c.obj
                0x10001164                alarm_pool_add_alarm_at
 .text.add_alarm_at
                0x10001272       0x2e CMakeFiles/pico_rx.dir/Users/jin/.pico-sdk/sdk/1.5.1/src/common/pico_time/time.c.obj
 .text.alarm_pool_cancel_alarm
                0x100012a0       0xa8 CMakeFiles/pico_rx.dir/Users/jin/.pico-sdk/sdk/1.5.1/src/common/pico_time/time.c.obj
                0x100012a0                alarm_pool_cancel_alarm
 .text.cancel_alarm
                0x10001348       0x10 CMakeFiles/pico_rx.dir/Users/jin/.pico-sdk/sdk/1.5.1/src/common/pico_time/time.c.obj
 .text.sleep_until
                0x10001358       0xb0 CMakeFiles/pico_rx.dir/Users/jin/.pico-sdk/sdk/1.5.1/src/common/pico_time/time.c.obj
                0x10001358                sleep_until
 .text.sleep_us
                0x10001408       0x1a CMakeFiles/pico_rx.dir/Users/jin/.pico-sdk/sdk/1.5.1/src/common/pico_time/time.c.obj
                0x10001408                sleep_us
 .text.sleep_ms
                0x10001422       0x14 CMakeFiles/pico_rx.dir/Users/jin/.pico-sdk/sdk/1.5.1/src/common/pico_time/time.c.obj
                0x10001422                sleep_ms
 *fill*         0x10001436        0x2 
 .text.best_effort_wfe_or_timeout
                0x10001438       0x44 CMakeFiles/pico_rx.dir/Users/jin/.pico-sdk/sdk/1.5.1/src/common/pico_time/time.c.obj
                0x10001438                best_effort_wfe_or_timeout
 .text.update_us_since_boot
                0x1000147c       0x24 CMakeFiles/pico_rx.dir/Users/jin/.pico-sdk/sdk/1.5.1/src/rp2_common/hardware_timer/timer.c.obj
 .text.hardware_alarm_irq_handler
                0x100014a0       0x8c CMakeFiles/pico_rx.dir/Users/jin/.pico-sdk/sdk/1.5.1/src/rp2_common/hardware_timer/timer.c.obj
 .text.hardware_alarm_claim
                0x1000152c       0x18 CMakeFiles/pico_rx.dir/Users/jin/.pico-sdk/sdk/1.5.1/src/rp2_common/hardware_timer/timer.c.obj
                0x1000152c                hardware_alarm_claim
 .text.time_us_64
                0x10001544       0x18 CMakeFiles/pico_rx.dir/Users/jin/.pico-sdk/sdk/1.5.1/src/rp2_common/hardware_timer/timer.c.obj
                0x10001544                time_us_64
 .text.busy_wait_until
                0x1000155c       0x28 CMakeFiles/pico_rx.dir/Users/jin/.pico-sdk/sdk/1.5.1/src/rp2_common/hardware_timer/timer.c.obj
                0x1000155c                busy_wait_until
 .text.busy_wait_us
                0x10001584       0x3a CMakeFiles/pico_rx.dir/Users/jin/.pico-sdk/sdk/1.5.1/src/rp2_common/hardware_timer/timer.c.obj
                0x10001584                busy_wait_us
 *fill*         0x100015be        0x2 
 .text.hardware_alarm_set_callback
                0x100015c0       0x90 CMakeFiles/pico_rx.dir/Users/jin/.pico-sdk/sdk/1.5.1/src/rp2_common/hardware_timer/timer.c.obj
                0x100015c0                hardware_alarm_set_callback
 .text.hardware_alarm_set_target
                0x10001650       0xe8 CMakeFiles/pico_rx.dir/Users/jin/.pico-sdk/sdk/1.5.1/src/rp2_common/hardware_timer/timer.c.obj
                0x10001650                hardware_alarm_set_target
 .text.hardware_alarm_cancel
                0x10001738       0x40 CMakeFiles/pico_rx.dir/Users/jin/.pico-sdk/sdk/1.5.1/src/rp2_common/hardware_timer/timer.c.obj
                0x10001738                hardware_alarm_cancel
 .text.ph_get_node
                0x10001778       0x30 CMakeFiles/pico_rx.dir/Users/jin/.pico-sdk/sdk/1.5.1/src/common/pico_util/pheap.c.obj
 .text.ph_add_child_node
                0x100017a8       0x6c CMakeFiles/pico_rx.dir/Users/jin/.pico-sdk/sdk/1.5.1/src/common/pico_util/pheap.c.obj
 .text.ph_merge_nodes
                0x10001814       0x3e CMakeFiles/pico_rx.dir/Users/jin/.pico-sdk/sdk/1.5.1/src/common/pico_util/pheap.c.obj
 .text.ph_clear
                0x10001852       0x34 CMakeFiles/pico_rx.dir/Users/jin/.pico-sdk/sdk/1.5.1/src/common/pico_util/pheap.c.obj
                0x10001852                ph_clear
 .text.ph_post_alloc_init
                0x10001886        0xe CMakeFiles/pico_rx.dir/Users/jin/.pico-sdk/sdk/1.5.1/src/common/pico_util/pheap.c.obj
                0x10001886                ph_post_alloc_init
 .text.ph_merge_two_pass
                0x10001894       0x5c CMakeFiles/pico_rx.dir/Users/jin/.pico-sdk/sdk/1.5.1/src/common/pico_util/pheap.c.obj
                0x10001894                ph_merge_two_pass
 .text.ph_remove_any_head
                0x100018f0       0xc0 CMakeFiles/pico_rx.dir/Users/jin/.pico-sdk/sdk/1.5.1/src/common/pico_util/pheap.c.obj
 .text.ph_remove_head
                0x100019b0       0x14 CMakeFiles/pico_rx.dir/Users/jin/.pico-sdk/sdk/1.5.1/src/common/pico_util/pheap.c.obj
                0x100019b0                ph_remove_head
 .text.ph_remove_and_free_node
                0x100019c4       0xa0 CMakeFiles/pico_rx.dir/Users/jin/.pico-sdk/sdk/1.5.1/src/common/pico_util/pheap.c.obj
                0x100019c4                ph_remove_and_free_node
 .text.uart_disable_before_lcr_write
                0x10001a64       0x48 CMakeFiles/pico_rx.dir/Users/jin/.pico-sdk/sdk/1.5.1/src/rp2_common/hardware_uart/uart.c.obj
 .text.uart_write_lcr_bits_masked
                0x10001aac       0x22 CMakeFiles/pico_rx.dir/Users/jin/.pico-sdk/sdk/1.5.1/src/rp2_common/hardware_uart/uart.c.obj
 *fill*         0x10001ace        0x2 
 .text.uart_set_baudrate
                0x10001ad0       0x5c CMakeFiles/pico_rx.dir/Users/jin/.pico-sdk/sdk/1.5.1/src/rp2_common/hardware_uart/uart.c.obj
                0x10001ad0                uart_set_baudrate
 .text.uart_set_format
                0x10001b2c       0x2c CMakeFiles/pico_rx.dir/Users/jin/.pico-sdk/sdk/1.5.1/src/rp2_common/hardware_uart/uart.c.obj
                0x10001b2c                uart_set_format
 .text.uart_set_translate_crlf
                0x10001b58       0x28 CMakeFiles/pico_rx.dir/Users/jin/.pico-sdk/sdk/1.5.1/src/rp2_common/hardware_uart/uart.c.obj
                0x10001b58                uart_set_translate_crlf
 .text.uart_init
                0x10001b80       0x80 CMakeFiles/pico_rx.dir/Users/jin/.pico-sdk/sdk/1.5.1/src/rp2_common/hardware_uart/uart.c.obj
                0x10001b80                uart_init
 .text.clock_configure
                0x10001c00      0x108 CMakeFiles/pico_rx.dir/Users/jin/.pico-sdk/sdk/1.5.1/src/rp2_common/hardware_clocks/clocks.c.obj
                0x10001c00                clock_configure
 .text.clocks_init
                0x10001d08      0x100 CMakeFiles/pico_rx.dir/Users/jin/.pico-sdk/sdk/1.5.1/src/rp2_common/hardware_clocks/clocks.c.obj
                0x10001d08                clocks_init
 .text.clock_get_hz
                0x10001e08        0xc CMakeFiles/pico_rx.dir/Users/jin/.pico-sdk/sdk/1.5.1/src/rp2_common/hardware_clocks/clocks.c.obj
                0x10001e08                clock_get_hz
 .text.pll_init
                0x10001e14      0x120 CMakeFiles/pico_rx.dir/Users/jin/.pico-sdk/sdk/1.5.1/src/rp2_common/hardware_pll/pll.c.obj
                0x10001e14                pll_init
 .text.watchdog_start_tick
                0x10001f34       0x10 CMakeFiles/pico_rx.dir/Users/jin/.pico-sdk/sdk/1.5.1/src/rp2_common/hardware_watchdog/watchdog.c.obj
                0x10001f34                watchdog_start_tick
 .text.xosc_init
                0x10001f44       0x28 CMakeFiles/pico_rx.dir/Users/jin/.pico-sdk/sdk/1.5.1/src/rp2_common/hardware_xosc/xosc.c.obj
                0x10001f44                xosc_init
 .text._exit    0x10001f6c        0x4 CMakeFiles/pico_rx.dir/Users/jin/.pico-sdk/sdk/1.5.1/src/rp2_common/pico_runtime/runtime.c.obj
                0x10001f6c                _exit
 .text.exit     0x10001f70        0x6 CMakeFiles/pico_rx.dir/Users/jin/.pico-sdk/sdk/1.5.1/src/rp2_common/pico_runtime/runtime.c.obj
                0x10001f70                exit
 *fill*         0x10001f76        0x2 
 .text.__assert_func
                0x10001f78       0x38 CMakeFiles/pico_rx.dir/Users/jin/.pico-sdk/sdk/1.5.1/src/rp2_common/pico_runtime/runtime.c.obj
                0x10001f78                __assert_func
 .text.runtime_init
                0x10001fb0       0xf8 CMakeFiles/pico_rx.dir/Users/jin/.pico-sdk/sdk/1.5.1/src/rp2_common/pico_runtime/runtime.c.obj
                0x10001fb0                runtime_init
 .text.panic    0x100020a8       0x30 CMakeFiles/pico_rx.dir/Users/jin/.pico-sdk/sdk/1.5.1/src/rp2_common/pico_runtime/runtime.c.obj
                0x100020a8                panic
 .text._out_null
                0x100020d8        0x2 CMakeFiles/pico_rx.dir/Users/jin/.pico-sdk/sdk/1.5.1/src/rp2_common/pico_printf/printf.c.obj
 .text._out_fct
                0x100020da        0xe CMakeFiles/pico_rx.dir/Users/jin/.pico-sdk/sdk/1.5.1/src/rp2_common/pico_printf/printf.c.obj
 .text._atoi    0x100020e8       0x24 CMakeFiles/pico_rx.dir/Users/jin/.pico-sdk/sdk/1.5.1/src/rp2_common/pico_printf/printf.c.obj
 .text._out_rev
                0x1000210c       0xae CMakeFiles/pico_rx.dir/Users/jin/.pico-sdk/sdk/1.5.1/src/rp2_common/pico_printf/printf.c.obj
 .text._ntoa_format
                0x100021ba      0x110 CMakeFiles/pico_rx.dir/Users/jin/.pico-sdk/sdk/1.5.1/src/rp2_common/pico_printf/printf.c.obj
 .text._ntoa_long
                0x100022ca       0xbc CMakeFiles/pico_rx.dir/Users/jin/.pico-sdk/sdk/1.5.1/src/rp2_common/pico_printf/printf.c.obj
 .text._ntoa_long_long
                0x10002386      0x10e CMakeFiles/pico_rx.dir/Users/jin/.pico-sdk/sdk/1.5.1/src/rp2_common/pico_printf/printf.c.obj
 .text._etoa    0x10002494      0x420 CMakeFiles/pico_rx.dir/Users/jin/.pico-sdk/sdk/1.5.1/src/rp2_common/pico_printf/printf.c.obj
 .text._ftoa    0x100028b4      0x354 CMakeFiles/pico_rx.dir/Users/jin/.pico-sdk/sdk/1.5.1/src/rp2_common/pico_printf/printf.c.obj
 .text._vsnprintf
                0x10002c08      0x668 CMakeFiles/pico_rx.dir/Users/jin/.pico-sdk/sdk/1.5.1/src/rp2_common/pico_printf/printf.c.obj
 .text.vfctprintf
                0x10003270       0x20 CMakeFiles/pico_rx.dir/Users/jin/.pico-sdk/sdk/1.5.1/src/rp2_common/pico_printf/printf.c.obj
                0x10003270                vfctprintf
 .text          0x10003290       0x10 CMakeFiles/pico_rx.dir/Users/jin/.pico-sdk/sdk/1.5.1/src/rp2_common/pico_bit_ops/bit_ops_aeabi.S.obj
 .text.rom_func_lookup
                0x100032a0       0x10 CMakeFiles/pico_rx.dir/Users/jin/.pico-sdk/sdk/1.5.1/src/rp2_common/pico_bootrom/bootrom.c.obj
                0x100032a0                rom_func_lookup
 .text.rom_data_lookup
                0x100032b0       0x10 CMakeFiles/pico_rx.dir/Users/jin/.pico-sdk/sdk/1.5.1/src/rp2_common/pico_bootrom/bootrom.c.obj
                0x100032b0                rom_data_lookup
 .text.rom_funcs_lookup
                0x100032c0       0x36 CMakeFiles/pico_rx.dir/Users/jin/.pico-sdk/sdk/1.5.1/src/rp2_common/pico_bootrom/bootrom.c.obj
                0x100032c0                rom_funcs_lookup
 *fill*         0x100032f6        0x2 
 .text.__wrap___aeabi_idiv
                0x100032f8       0x50 CMakeFiles/pico_rx.dir/Users/jin/.pico-sdk/sdk/1.5.1/src/rp2_common/pico_divider/divider.S.obj
                0x100032f8                __wrap___aeabi_idivmod
                0x100032f8                divmod_s32s32
                0x100032f8                div_s32s32
                0x100032f8                __wrap___aeabi_idiv
                0x10003300                divmod_s32s32_unsafe
                0x1000332c                divmod_s32s32_savestate
 .text.__wrap___aeabi_uidiv
                0x10003348       0x4c CMakeFiles/pico_rx.dir/Users/jin/.pico-sdk/sdk/1.5.1/src/rp2_common/pico_divider/divider.S.obj
                0x10003348                __wrap___aeabi_uidiv
                0x10003348                __wrap___aeabi_uidivmod
                0x10003348                div_u32u32
                0x10003348                divmod_u32u32
                0x10003350                divmod_u32u32_unsafe
                0x10003378                divmod_u32u32_savestate
 .text.__wrap___aeabi_ldiv
                0x10003394      0x424 CMakeFiles/pico_rx.dir/Users/jin/.pico-sdk/sdk/1.5.1/src/rp2_common/pico_divider/divider.S.obj
                0x10003394                __wrap___aeabi_ldivmod
                0x10003394                div_s64s64
                0x10003394                divmod_s64s64
                0x100033c4                divmod_u64u64
                0x100033c4                div_u64u64
                0x100033c4                __wrap___aeabi_uldivmod
                0x100033d4                divmod_u64u64_savestate
                0x100033f4                divmod_s64s64_unsafe
                0x1000347c                divmod_u64u64_unsafe
 .text.__wrap___aeabi_darithmetic
                0x100037b8       0x80 CMakeFiles/pico_rx.dir/Users/jin/.pico-sdk/sdk/1.5.1/src/rp2_common/pico_double/double_aeabi.S.obj
                0x100037b8                __wrap___aeabi_drsub
                0x100037be                __wrap___aeabi_dsub
                0x100037d0                __wrap___aeabi_dadd
                0x100037e2                __wrap___aeabi_ddiv
                0x1000381e                __wrap___aeabi_dmul
 .text.__wrap___aeabi_cdcmple
                0x10003838       0x6c CMakeFiles/pico_rx.dir/Users/jin/.pico-sdk/sdk/1.5.1/src/rp2_common/pico_double/double_aeabi.S.obj
                0x10003838                __wrap___aeabi_cdrcmple
                0x10003848                __wrap___aeabi_cdcmple
                0x10003848                __wrap___aeabi_cdcmpeq
 .text.__wrap___aeabi_dcmplt
                0x100038a4        0xc CMakeFiles/pico_rx.dir/Users/jin/.pico-sdk/sdk/1.5.1/src/rp2_common/pico_double/double_aeabi.S.obj
                0x100038a4                __wrap___aeabi_dcmplt
 .text.__wrap___aeabi_dcmple
                0x100038b0       0x10 CMakeFiles/pico_rx.dir/Users/jin/.pico-sdk/sdk/1.5.1/src/rp2_common/pico_double/double_aeabi.S.obj
                0x100038b0                __wrap___aeabi_dcmple
 .text.__wrap___aeabi_dcmpge
                0x100038c0       0x10 CMakeFiles/pico_rx.dir/Users/jin/.pico-sdk/sdk/1.5.1/src/rp2_common/pico_double/double_aeabi.S.obj
                0x100038c0                __wrap___aeabi_dcmpge
 .text.__wrap___aeabi_dcmpgt
                0x100038d0        0xa CMakeFiles/pico_rx.dir/Users/jin/.pico-sdk/sdk/1.5.1/src/rp2_common/pico_double/double_aeabi.S.obj
                0x100038d0                __wrap___aeabi_dcmpgt
 .text.__wrap___aeabi_dcmpun
                0x100038da       0x1c CMakeFiles/pico_rx.dir/Users/jin/.pico-sdk/sdk/1.5.1/src/rp2_common/pico_double/double_aeabi.S.obj
                0x100038da                __wrap___aeabi_dcmpun
 *fill*         0x100038f6        0x2 
 .text.__wrap___aeabi_i2d
                0x100038f8       0x38 CMakeFiles/pico_rx.dir/Users/jin/.pico-sdk/sdk/1.5.1/src/rp2_common/pico_double/double_aeabi.S.obj
                0x100038f8                __wrap___aeabi_ui2d
                0x10003900                __wrap___aeabi_i2d
 .text.__wrap___aeabi_d2iz
                0x10003930       0x48 CMakeFiles/pico_rx.dir/Users/jin/.pico-sdk/sdk/1.5.1/src/rp2_common/pico_double/double_aeabi.S.obj
                0x10003930                __wrap___aeabi_d2iz
                0x10003930                double2int_z
 .text.__wrap___aeabi_d2uiz
                0x10003978       0x18 CMakeFiles/pico_rx.dir/Users/jin/.pico-sdk/sdk/1.5.1/src/rp2_common/pico_double/double_aeabi.S.obj
                0x10003978                double2uint
                0x10003978                __wrap___aeabi_d2uiz
 .text.__aeabi_double_init
                0x10003990       0xcc CMakeFiles/pico_rx.dir/Users/jin/.pico-sdk/sdk/1.5.1/src/rp2_common/pico_double/double_init_rom.c.obj
                0x10003990                __aeabi_double_init
 .text.double_table_shim_on_use_helper
                0x10003a5c       0x34 CMakeFiles/pico_rx.dir/Users/jin/.pico-sdk/sdk/1.5.1/src/rp2_common/pico_double/double_v1_rom_shim.S.obj
                0x10003a5c                double_table_shim_on_use_helper
 .text.__wrap___aeabi_dsub
                0x10003a90       0x10 CMakeFiles/pico_rx.dir/Users/jin/.pico-sdk/sdk/1.5.1/src/rp2_common/pico_double/double_v1_rom_shim.S.obj
                0x10003a90                drsub_shim
                0x10003a96                dsub_shim
 .text.dadd_shim
                0x10003aa0      0x15c CMakeFiles/pico_rx.dir/Users/jin/.pico-sdk/sdk/1.5.1/src/rp2_common/pico_double/double_v1_rom_shim.S.obj
                0x10003aa0                dadd_shim
 .text.dmul_shim
                0x10003bfc      0x15c CMakeFiles/pico_rx.dir/Users/jin/.pico-sdk/sdk/1.5.1/src/rp2_common/pico_double/double_v1_rom_shim.S.obj
                0x10003bfc                dmul_shim
 .text.ddiv_shim
                0x10003d58      0x1b0 CMakeFiles/pico_rx.dir/Users/jin/.pico-sdk/sdk/1.5.1/src/rp2_common/pico_double/double_v1_rom_shim.S.obj
                0x10003d58                ddiv_shim
 .text.double2uint_shim
                0x10003f08        0xe CMakeFiles/pico_rx.dir/Users/jin/.pico-sdk/sdk/1.5.1/src/rp2_common/pico_double/double_v1_rom_shim.S.obj
                0x10003f08                double2uint_shim
                0x10003f0a                double2ufix_shim
 *fill*         0x10003f16        0x2 
 .text.double2uint64_shim
                0x10003f18       0x70 CMakeFiles/pico_rx.dir/Users/jin/.pico-sdk/sdk/1.5.1/src/rp2_common/pico_double/double_v1_rom_shim.S.obj
                0x10003f18                double2uint64_shim
                0x10003f1a                double2ufix64_shim
                0x10003f3a                d2fix_a
 .text.dunpacks
                0x10003f88       0x3c CMakeFiles/pico_rx.dir/Users/jin/.pico-sdk/sdk/1.5.1/src/rp2_common/pico_double/double_v1_rom_shim.S.obj
                0x10003f88                dunpacks
 .text.__aeabi_lmul
                0x10003fc4       0x32 CMakeFiles/pico_rx.dir/Users/jin/.pico-sdk/sdk/1.5.1/src/rp2_common/pico_int64_ops/pico_int64_ops_aeabi.S.obj
                0x10003fc4                __wrap___aeabi_lmul
 *fill*         0x10003ff6        0x2 
 .text.__aeabi_float_init
                0x10003ff8       0xfc CMakeFiles/pico_rx.dir/Users/jin/.pico-sdk/sdk/1.5.1/src/rp2_common/pico_float/float_init_rom.c.obj
                0x10003ff8                __aeabi_float_init
 .text.float_table_shim_on_use_helper
                0x100040f4       0x34 CMakeFiles/pico_rx.dir/Users/jin/.pico-sdk/sdk/1.5.1/src/rp2_common/pico_float/float_v1_rom_shim.S.obj
                0x100040f4                float_table_shim_on_use_helper
 .text          0x10004128       0x10 CMakeFiles/pico_rx.dir/Users/jin/.pico-sdk/sdk/1.5.1/src/rp2_common/pico_mem_ops/mem_ops_aeabi.S.obj
                0x10004128                __aeabi_mem_init
 .text.memcpy   0x10004138        0xc CMakeFiles/pico_rx.dir/Users/jin/.pico-sdk/sdk/1.5.1/src/rp2_common/pico_mem_ops/mem_ops_aeabi.S.obj
                0x10004138                __wrap___aeabi_memcpy
                0x10004138                __wrap_memcpy
 .text.stdio_out_chars_no_crlf
                0x10004144        0xe CMakeFiles/pico_rx.dir/Users/jin/.pico-sdk/sdk/1.5.1/src/rp2_common/pico_stdio/stdio.c.obj
 *fill*         0x10004152        0x2 
 .text.stdio_out_chars_crlf
                0x10004154       0x80 CMakeFiles/pico_rx.dir/Users/jin/.pico-sdk/sdk/1.5.1/src/rp2_common/pico_stdio/stdio.c.obj
 .text.stdio_stack_buffer_flush
                0x100041d4       0x44 CMakeFiles/pico_rx.dir/Users/jin/.pico-sdk/sdk/1.5.1/src/rp2_common/pico_stdio/stdio.c.obj
 .text.stdio_buffered_printer
                0x10004218       0x20 CMakeFiles/pico_rx.dir/Users/jin/.pico-sdk/sdk/1.5.1/src/rp2_common/pico_stdio/stdio.c.obj
 .text.update_us_since_boot
                0x10004238       0x24 CMakeFiles/pico_rx.dir/Users/jin/.pico-sdk/sdk/1.5.1/src/rp2_common/pico_stdio/stdio.c.obj
 .text.get_absolute_time
                0x1000425c       0x22 CMakeFiles/pico_rx.dir/Users/jin/.pico-sdk/sdk/1.5.1/src/rp2_common/pico_stdio/stdio.c.obj
 *fill*         0x1000427e        0x2 
 .text.delayed_by_ms
                0x10004280       0x44 CMakeFiles/pico_rx.dir/Users/jin/.pico-sdk/sdk/1.5.1/src/rp2_common/pico_stdio/stdio.c.obj
 .text.make_timeout_time_ms
                0x100042c4       0x20 CMakeFiles/pico_rx.dir/Users/jin/.pico-sdk/sdk/1.5.1/src/rp2_common/pico_stdio/stdio.c.obj
 .text.stdout_serialize_begin
                0x100042e4       0x20 CMakeFiles/pico_rx.dir/Users/jin/.pico-sdk/sdk/1.5.1/src/rp2_common/pico_stdio/stdio.c.obj
                0x100042e4                stdout_serialize_begin
 .text.stdout_serialize_end
                0x10004304       0x10 CMakeFiles/pico_rx.dir/Users/jin/.pico-sdk/sdk/1.5.1/src/rp2_common/pico_stdio/stdio.c.obj
                0x10004304                stdout_serialize_end
 .text.stdio_put_string
                0x10004314       0x98 CMakeFiles/pico_rx.dir/Users/jin/.pico-sdk/sdk/1.5.1/src/rp2_common/pico_stdio/stdio.c.obj
 .text.stdio_set_driver_enabled
                0x100043ac       0x2c CMakeFiles/pico_rx.dir/Users/jin/.pico-sdk/sdk/1.5.1/src/rp2_common/pico_stdio/stdio.c.obj
                0x100043ac                stdio_set_driver_enabled
 .text.stdio_flush
                0x100043d8       0x20 CMakeFiles/pico_rx.dir/Users/jin/.pico-sdk/sdk/1.5.1/src/rp2_common/pico_stdio/stdio.c.obj
                0x100043d8                stdio_flush
 .text.__wrap_puts
                0x100043f8       0x1e CMakeFiles/pico_rx.dir/Users/jin/.pico-sdk/sdk/1.5.1/src/rp2_common/pico_stdio/stdio.c.obj
                0x100043f8                __wrap_puts
 *fill*         0x10004416        0x2 
 .text.__wrap_vprintf
                0x10004418       0x40 CMakeFiles/pico_rx.dir/Users/jin/.pico-sdk/sdk/1.5.1/src/rp2_common/pico_stdio/stdio.c.obj
                0x10004418                __wrap_vprintf
 .text.__wrap_printf
                0x10004458       0x18 CMakeFiles/pico_rx.dir/Users/jin/.pico-sdk/sdk/1.5.1/src/rp2_common/pico_stdio/stdio.c.obj
                0x10004458                __wrap_printf
 .text.stdio_init_all
                0x10004470        0xa CMakeFiles/pico_rx.dir/Users/jin/.pico-sdk/sdk/1.5.1/src/rp2_common/pico_stdio/stdio.c.obj
                0x10004470                stdio_init_all
 *fill*         0x1000447a        0x2 
 .text.uart_putc
                0x1000447c       0x60 CMakeFiles/pico_rx.dir/Users/jin/.pico-sdk/sdk/1.5.1/src/rp2_common/pico_stdio_uart/stdio_uart.c.obj
 .text.uart_getc
                0x100044dc       0x24 CMakeFiles/pico_rx.dir/Users/jin/.pico-sdk/sdk/1.5.1/src/rp2_common/pico_stdio_uart/stdio_uart.c.obj
 .text.stdio_uart_out_chars
                0x10004500       0x20 CMakeFiles/pico_rx.dir/Users/jin/.pico-sdk/sdk/1.5.1/src/rp2_common/pico_stdio_uart/stdio_uart.c.obj
 .text.stdio_uart_in_chars
                0x10004520       0x5c CMakeFiles/pico_rx.dir/Users/jin/.pico-sdk/sdk/1.5.1/src/rp2_common/pico_stdio_uart/stdio_uart.c.obj
                0x10004520                stdio_uart_in_chars
 .text.on_uart_rx
                0x1000457c       0x28 CMakeFiles/pico_rx.dir/Users/jin/.pico-sdk/sdk/1.5.1/src/rp2_common/pico_stdio_uart/stdio_uart.c.obj
 .text.stdio_uart_set_chars_available_callback
                0x100045a4       0x8c CMakeFiles/pico_rx.dir/Users/jin/.pico-sdk/sdk/1.5.1/src/rp2_common/pico_stdio_uart/stdio_uart.c.obj
 .text.stdio_uart_init_full
                0x10004630       0x44 CMakeFiles/pico_rx.dir/Users/jin/.pico-sdk/sdk/1.5.1/src/rp2_common/pico_stdio_uart/stdio_uart.c.obj
                0x10004630                stdio_uart_init_full
 .text.stdio_uart_init
                0x10004674       0x28 CMakeFiles/pico_rx.dir/Users/jin/.pico-sdk/sdk/1.5.1/src/rp2_common/pico_stdio_uart/stdio_uart.c.obj
                0x10004674                stdio_uart_init
 .text.spi_set_baudrate
                0x1000469c       0xc2 CMakeFiles/pico_rx.dir/Users/jin/.pico-sdk/sdk/1.5.1/src/rp2_common/hardware_spi/spi.c.obj
                0x1000469c                spi_set_baudrate
 *fill*         0x1000475e        0x2 
 .text.spi_init
                0x10004760       0x74 CMakeFiles/pico_rx.dir/Users/jin/.pico-sdk/sdk/1.5.1/src/rp2_common/hardware_spi/spi.c.obj
                0x10004760                spi_init
 .text.strlen   0x100047d4       0x5c /Applications/ArmGNUToolchain/13.2.Rel1/arm-none-eabi/bin/../lib/gcc/arm-none-eabi/13.2.1/../../../../arm-none-eabi/lib/thumb/v6-m/nofp/libg.a(libc_a-strlen-stub.o)
                0x100047d4                strlen
 *(.fini)
 .fini          0x10004830        0x4 /Applications/ArmGNUToolchain/13.2.Rel1/arm-none-eabi/bin/../lib/gcc/arm-none-eabi/13.2.1/thumb/v6-m/nofp/crti.o
                0x10004830                _fini
 *fill*         0x10004834        0x4 
 .fini.__stub   0x10004838       0x60 linker stubs
 *crtbegin.o(.ctors)
 *crtbegin?.o(.ctors)
 *(EXCLUDE_FILE(*crtend.o *crtend?.o) .ctors)
 *(SORT_BY_NAME(.ctors.*))
 *(.ctors)
 *crtbegin.o(.dtors)
 *crtbegin?.o(.dtors)
 *(EXCLUDE_FILE(*crtend.o *crtend?.o) .dtors)
 *(SORT_BY_NAME(.dtors.*))
 *(.dtors)
 *(.eh_frame*)
 .eh_frame      0x10004898        0x0 /Applications/ArmGNUToolchain/13.2.Rel1/arm-none-eabi/bin/../lib/gcc/arm-none-eabi/13.2.1/thumb/v6-m/nofp/crtbegin.o
                0x10004898                        . = ALIGN (0x4)

.glue_7         0x10004898        0x0
 .glue_7        0x10004898        0x0 linker stubs

.glue_7t        0x10004898        0x0
 .glue_7t       0x10004898        0x0 linker stubs

.vfp11_veneer   0x10004898        0x0
 .vfp11_veneer  0x10004898        0x0 linker stubs

.v4_bx          0x10004898        0x0
 .v4_bx         0x10004898        0x0 linker stubs

.iplt           0x10004898        0x0
 .iplt          0x10004898        0x0 /Applications/ArmGNUToolchain/13.2.Rel1/arm-none-eabi/bin/../lib/gcc/arm-none-eabi/13.2.1/thumb/v6-m/nofp/crtbegin.o

.rodata         0x10004898      0xe78
 *(EXCLUDE_FILE(*libm.a: *libc.a:*lib_a-mem*.o *libgcc.a:) .rodata*)
 .rodata.main.str1.4
                0x10004898      0x9d8 CMakeFiles/pico_rx.dir/pico_rx.c.obj
                                 0x13 (size before relaxing)
 .rodata.resolve_branch.str1.4
                0x10005270       0x59 CMakeFiles/pico_rx.dir/Users/jin/.pico-sdk/sdk/1.5.1/src/rp2_common/hardware_irq/irq.c.obj
 .rodata.make_branch.str1.4
                0x10005270       0x30 CMakeFiles/pico_rx.dir/Users/jin/.pico-sdk/sdk/1.5.1/src/rp2_common/hardware_irq/irq.c.obj
 .rodata.insert_branch_and_link.str1.4
                0x10005270       0x10 CMakeFiles/pico_rx.dir/Users/jin/.pico-sdk/sdk/1.5.1/src/rp2_common/hardware_irq/irq.c.obj
 .rodata.irq_set_exclusive_handler.str1.4
                0x10005270       0x36 CMakeFiles/pico_rx.dir/Users/jin/.pico-sdk/sdk/1.5.1/src/rp2_common/hardware_irq/irq.c.obj
 .rodata.irq_remove_handler.str1.4
                0x10005270       0x3a CMakeFiles/pico_rx.dir/Users/jin/.pico-sdk/sdk/1.5.1/src/rp2_common/hardware_irq/irq.c.obj
 .rodata.irq_add_tail_to_free_list.str1.4
                0x10005270       0x3a CMakeFiles/pico_rx.dir/Users/jin/.pico-sdk/sdk/1.5.1/src/rp2_common/hardware_irq/irq.c.obj
 .rodata.__func__.0
                0x10005270       0x1a CMakeFiles/pico_rx.dir/Users/jin/.pico-sdk/sdk/1.5.1/src/rp2_common/hardware_irq/irq.c.obj
 *fill*         0x1000528a        0x2 
 .rodata.__func__.1
                0x1000528c       0x17 CMakeFiles/pico_rx.dir/Users/jin/.pico-sdk/sdk/1.5.1/src/rp2_common/hardware_irq/irq.c.obj
 *fill*         0x100052a3        0x1 
 .rodata.__func__.2
                0x100052a4       0x13 CMakeFiles/pico_rx.dir/Users/jin/.pico-sdk/sdk/1.5.1/src/rp2_common/hardware_irq/irq.c.obj
 *fill*         0x100052b7        0x1 
 .rodata.__func__.3
                0x100052b8        0xc CMakeFiles/pico_rx.dir/Users/jin/.pico-sdk/sdk/1.5.1/src/rp2_common/hardware_irq/irq.c.obj
 .rodata.__func__.4
                0x100052c4        0xf CMakeFiles/pico_rx.dir/Users/jin/.pico-sdk/sdk/1.5.1/src/rp2_common/hardware_irq/irq.c.obj
 *fill*         0x100052d3        0x1 
 .rodata.__func__.6
                0x100052d4       0x1a CMakeFiles/pico_rx.dir/Users/jin/.pico-sdk/sdk/1.5.1/src/rp2_common/hardware_irq/irq.c.obj
 .rodata.str1.4
                0x100052ee       0x8d CMakeFiles/pico_rx.dir/Users/jin/.pico-sdk/sdk/1.5.1/src/common/pico_sync/mutex.c.obj
 *fill*         0x100052ee        0x2 
 .rodata.__func__.1
                0x100052f0        0xb CMakeFiles/pico_rx.dir/Users/jin/.pico-sdk/sdk/1.5.1/src/common/pico_sync/mutex.c.obj
 *fill*         0x100052fb        0x1 
 .rodata.__func__.3
                0x100052fc       0x18 CMakeFiles/pico_rx.dir/Users/jin/.pico-sdk/sdk/1.5.1/src/common/pico_sync/mutex.c.obj
 .rodata.get_entry.str1.4
                0x10005314       0x5f CMakeFiles/pico_rx.dir/Users/jin/.pico-sdk/sdk/1.5.1/src/common/pico_time/time.c.obj
 .rodata.update_us_since_boot.str1.4
                0x10005314       0x65 CMakeFiles/pico_rx.dir/Users/jin/.pico-sdk/sdk/1.5.1/src/common/pico_time/time.c.obj
 .rodata.ph_get_node.str1.4
                0x10005314       0x6a CMakeFiles/pico_rx.dir/Users/jin/.pico-sdk/sdk/1.5.1/src/common/pico_time/time.c.obj
 .rodata.ph_add_child_node.str1.4
                0x10005314       0x2e CMakeFiles/pico_rx.dir/Users/jin/.pico-sdk/sdk/1.5.1/src/common/pico_time/time.c.obj
 .rodata.ph_insert_node.str1.4
                0x10005314        0x3 CMakeFiles/pico_rx.dir/Users/jin/.pico-sdk/sdk/1.5.1/src/common/pico_time/time.c.obj
 .rodata.ph_free_node.str1.4
                0x10005314       0x38 CMakeFiles/pico_rx.dir/Users/jin/.pico-sdk/sdk/1.5.1/src/common/pico_time/time.c.obj
 .rodata.add_alarm_under_lock.str1.4
                0x10005314       0x28 CMakeFiles/pico_rx.dir/Users/jin/.pico-sdk/sdk/1.5.1/src/common/pico_time/time.c.obj
 .rodata.alarm_pool_alarm_callback.str1.4
                0x10005314       0x60 CMakeFiles/pico_rx.dir/Users/jin/.pico-sdk/sdk/1.5.1/src/common/pico_time/time.c.obj
 .rodata.alarm_pool_get_default.str1.4
                0x10005314       0x21 CMakeFiles/pico_rx.dir/Users/jin/.pico-sdk/sdk/1.5.1/src/common/pico_time/time.c.obj
 .rodata.alarm_pool_cancel_alarm.str1.4
                0x10005314       0x27 CMakeFiles/pico_rx.dir/Users/jin/.pico-sdk/sdk/1.5.1/src/common/pico_time/time.c.obj
 .rodata.sleep_until.str1.4
                0x10005314       0x4d CMakeFiles/pico_rx.dir/Users/jin/.pico-sdk/sdk/1.5.1/src/common/pico_time/time.c.obj
 .rodata.__func__.1
                0x10005314       0x18 CMakeFiles/pico_rx.dir/Users/jin/.pico-sdk/sdk/1.5.1/src/common/pico_time/time.c.obj
 .rodata.__func__.3
                0x1000532c       0x17 CMakeFiles/pico_rx.dir/Users/jin/.pico-sdk/sdk/1.5.1/src/common/pico_time/time.c.obj
 *fill*         0x10005343        0x1 
 .rodata.__func__.4
                0x10005344       0x12 CMakeFiles/pico_rx.dir/Users/jin/.pico-sdk/sdk/1.5.1/src/common/pico_time/time.c.obj
 *fill*         0x10005356        0x2 
 .rodata.__func__.5
                0x10005358        0xd CMakeFiles/pico_rx.dir/Users/jin/.pico-sdk/sdk/1.5.1/src/common/pico_time/time.c.obj
 *fill*         0x10005365        0x3 
 .rodata.__func__.6
                0x10005368       0x12 CMakeFiles/pico_rx.dir/Users/jin/.pico-sdk/sdk/1.5.1/src/common/pico_time/time.c.obj
 *fill*         0x1000537a        0x2 
 .rodata.__func__.7
                0x1000537c        0xf CMakeFiles/pico_rx.dir/Users/jin/.pico-sdk/sdk/1.5.1/src/common/pico_time/time.c.obj
 *fill*         0x1000538b        0x1 
 .rodata.__func__.8
                0x1000538c        0xc CMakeFiles/pico_rx.dir/Users/jin/.pico-sdk/sdk/1.5.1/src/common/pico_time/time.c.obj
 .rodata.__func__.9
                0x10005398       0x15 CMakeFiles/pico_rx.dir/Users/jin/.pico-sdk/sdk/1.5.1/src/common/pico_time/time.c.obj
 *fill*         0x100053ad        0x3 
 .rodata.__func__.10
                0x100053b0       0x15 CMakeFiles/pico_rx.dir/Users/jin/.pico-sdk/sdk/1.5.1/src/common/pico_time/time.c.obj
 *fill*         0x100053c5        0x3 
 .rodata.__func__.11
                0x100053c8       0x1a CMakeFiles/pico_rx.dir/Users/jin/.pico-sdk/sdk/1.5.1/src/common/pico_time/time.c.obj
 *fill*         0x100053e2        0x2 
 .rodata.__func__.12
                0x100053e4        0xa CMakeFiles/pico_rx.dir/Users/jin/.pico-sdk/sdk/1.5.1/src/common/pico_time/time.c.obj
 .rodata.update_us_since_boot.str1.4
                0x100053ee       0x65 CMakeFiles/pico_rx.dir/Users/jin/.pico-sdk/sdk/1.5.1/src/rp2_common/hardware_timer/timer.c.obj
 .rodata.hardware_alarm_claim.str1.4
                0x100053ee       0x22 CMakeFiles/pico_rx.dir/Users/jin/.pico-sdk/sdk/1.5.1/src/rp2_common/hardware_timer/timer.c.obj
 .rodata.hardware_alarm_set_target.str1.4
                0x100053ee       0x69 CMakeFiles/pico_rx.dir/Users/jin/.pico-sdk/sdk/1.5.1/src/rp2_common/hardware_timer/timer.c.obj
 *fill*         0x100053ee        0x2 
 .rodata.__func__.0
                0x100053f0       0x1a CMakeFiles/pico_rx.dir/Users/jin/.pico-sdk/sdk/1.5.1/src/rp2_common/hardware_timer/timer.c.obj
 *fill*         0x1000540a        0x2 
 .rodata.__func__.1
                0x1000540c       0x15 CMakeFiles/pico_rx.dir/Users/jin/.pico-sdk/sdk/1.5.1/src/rp2_common/hardware_timer/timer.c.obj
 .rodata.ph_get_node.str1.4
                0x10005421       0x6a CMakeFiles/pico_rx.dir/Users/jin/.pico-sdk/sdk/1.5.1/src/common/pico_util/pheap.c.obj
 .rodata.ph_add_child_node.str1.4
                0x10005421       0x2e CMakeFiles/pico_rx.dir/Users/jin/.pico-sdk/sdk/1.5.1/src/common/pico_util/pheap.c.obj
 .rodata.ph_remove_any_head.str1.4
                0x10005421       0xa4 CMakeFiles/pico_rx.dir/Users/jin/.pico-sdk/sdk/1.5.1/src/common/pico_util/pheap.c.obj
 .rodata.ph_remove_and_free_node.str1.4
                0x10005421       0x26 CMakeFiles/pico_rx.dir/Users/jin/.pico-sdk/sdk/1.5.1/src/common/pico_util/pheap.c.obj
 *fill*         0x10005421        0x3 
 .rodata.__func__.0
                0x10005424       0x18 CMakeFiles/pico_rx.dir/Users/jin/.pico-sdk/sdk/1.5.1/src/common/pico_util/pheap.c.obj
 .rodata.__func__.1
                0x1000543c       0x13 CMakeFiles/pico_rx.dir/Users/jin/.pico-sdk/sdk/1.5.1/src/common/pico_util/pheap.c.obj
 *fill*         0x1000544f        0x1 
 .rodata.__func__.2
                0x10005450       0x12 CMakeFiles/pico_rx.dir/Users/jin/.pico-sdk/sdk/1.5.1/src/common/pico_util/pheap.c.obj
 *fill*         0x10005462        0x2 
 .rodata.__func__.3
                0x10005464        0xc CMakeFiles/pico_rx.dir/Users/jin/.pico-sdk/sdk/1.5.1/src/common/pico_util/pheap.c.obj
 .rodata.clock_configure.str1.4
                0x10005470       0x5b CMakeFiles/pico_rx.dir/Users/jin/.pico-sdk/sdk/1.5.1/src/rp2_common/hardware_clocks/clocks.c.obj
 .rodata.__func__.1
                0x10005470       0x10 CMakeFiles/pico_rx.dir/Users/jin/.pico-sdk/sdk/1.5.1/src/rp2_common/hardware_clocks/clocks.c.obj
 .rodata.pll_init.str1.4
                0x10005480      0x128 CMakeFiles/pico_rx.dir/Users/jin/.pico-sdk/sdk/1.5.1/src/rp2_common/hardware_pll/pll.c.obj
 .rodata.__func__.0
                0x10005480        0x9 CMakeFiles/pico_rx.dir/Users/jin/.pico-sdk/sdk/1.5.1/src/rp2_common/hardware_pll/pll.c.obj
 .rodata.__assert_func.str1.4
                0x10005489       0x43 CMakeFiles/pico_rx.dir/Users/jin/.pico-sdk/sdk/1.5.1/src/rp2_common/pico_runtime/runtime.c.obj
 .rodata.runtime_init.str1.4
                0x10005489       0x65 CMakeFiles/pico_rx.dir/Users/jin/.pico-sdk/sdk/1.5.1/src/rp2_common/pico_runtime/runtime.c.obj
 .rodata.panic.str1.4
                0x10005489       0x12 CMakeFiles/pico_rx.dir/Users/jin/.pico-sdk/sdk/1.5.1/src/rp2_common/pico_runtime/runtime.c.obj
 *fill*         0x10005489        0x3 
 .rodata.__func__.2
                0x1000548c        0xd CMakeFiles/pico_rx.dir/Users/jin/.pico-sdk/sdk/1.5.1/src/rp2_common/pico_runtime/runtime.c.obj
 .rodata._ftoa.str1.4
                0x10005499       0x15 CMakeFiles/pico_rx.dir/Users/jin/.pico-sdk/sdk/1.5.1/src/rp2_common/pico_printf/printf.c.obj
 *fill*         0x10005499        0x3 
 .rodata._vsnprintf
                0x1000549c      0x19c CMakeFiles/pico_rx.dir/Users/jin/.pico-sdk/sdk/1.5.1/src/rp2_common/pico_printf/printf.c.obj
 .rodata.pow10.0
                0x10005638       0x50 CMakeFiles/pico_rx.dir/Users/jin/.pico-sdk/sdk/1.5.1/src/rp2_common/pico_printf/printf.c.obj
 .rodata.__aeabi_double_init.str1.4
                0x10005688       0xa0 CMakeFiles/pico_rx.dir/Users/jin/.pico-sdk/sdk/1.5.1/src/rp2_common/pico_double/double_init_rom.c.obj
 .rodata.__func__.0
                0x10005688       0x14 CMakeFiles/pico_rx.dir/Users/jin/.pico-sdk/sdk/1.5.1/src/rp2_common/pico_double/double_init_rom.c.obj
 .rodata.__aeabi_float_init.str1.4
                0x1000569c       0x82 CMakeFiles/pico_rx.dir/Users/jin/.pico-sdk/sdk/1.5.1/src/rp2_common/pico_float/float_init_rom.c.obj
 .rodata.__func__.0
                0x1000569c       0x13 CMakeFiles/pico_rx.dir/Users/jin/.pico-sdk/sdk/1.5.1/src/rp2_common/pico_float/float_init_rom.c.obj
 .rodata.str1.4
                0x100056af       0x40 CMakeFiles/pico_rx.dir/Users/jin/.pico-sdk/sdk/1.5.1/src/rp2_common/pico_standard_link/binary_info.c.obj
 *fill*         0x100056af        0x1 
 .rodata.__bi_81
                0x100056b0        0xc CMakeFiles/pico_rx.dir/Users/jin/.pico-sdk/sdk/1.5.1/src/rp2_common/pico_standard_link/binary_info.c.obj
 .rodata.__bi_75
                0x100056bc        0xc CMakeFiles/pico_rx.dir/Users/jin/.pico-sdk/sdk/1.5.1/src/rp2_common/pico_standard_link/binary_info.c.obj
 .rodata.__bi_56
                0x100056c8        0xc CMakeFiles/pico_rx.dir/Users/jin/.pico-sdk/sdk/1.5.1/src/rp2_common/pico_standard_link/binary_info.c.obj
 .rodata.__bi_44
                0x100056d4        0xc CMakeFiles/pico_rx.dir/Users/jin/.pico-sdk/sdk/1.5.1/src/rp2_common/pico_standard_link/binary_info.c.obj
 .rodata.update_us_since_boot.str1.4
                0x100056e0       0x65 CMakeFiles/pico_rx.dir/Users/jin/.pico-sdk/sdk/1.5.1/src/rp2_common/pico_stdio/stdio.c.obj
 .rodata.crlf_str.2
                0x100056e0        0x2 CMakeFiles/pico_rx.dir/Users/jin/.pico-sdk/sdk/1.5.1/src/rp2_common/pico_stdio/stdio.c.obj
 *fill*         0x100056e2        0x2 
 .rodata.__func__.3
                0x100056e4       0x15 CMakeFiles/pico_rx.dir/Users/jin/.pico-sdk/sdk/1.5.1/src/rp2_common/pico_stdio/stdio.c.obj
 .rodata.str1.4
                0x100056f9       0x2c CMakeFiles/pico_rx.dir/Users/jin/.pico-sdk/sdk/1.5.1/src/rp2_common/pico_stdio_uart/stdio_uart.c.obj
 *fill*         0x100056f9        0x3 
 .rodata.__bi_33.4
                0x100056fc        0xc CMakeFiles/pico_rx.dir/Users/jin/.pico-sdk/sdk/1.5.1/src/rp2_common/pico_stdio_uart/stdio_uart.c.obj
 .rodata.__bi_34.5
                0x10005708        0x8 CMakeFiles/pico_rx.dir/Users/jin/.pico-sdk/sdk/1.5.1/src/rp2_common/pico_stdio_uart/stdio_uart.c.obj
                0x10005710                        . = ALIGN (0x4)
 *(SORT_BY_ALIGNMENT(SORT_BY_NAME(.flashdata*)))
                0x10005710                        . = ALIGN (0x4)

.ARM.extab
 *(.ARM.extab* .gnu.linkonce.armextab.*)
                0x10005710                        __exidx_start = .

.ARM.exidx
 *(.ARM.exidx* .gnu.linkonce.armexidx.*)
                0x10005710                        __exidx_end = .
                0x10005710                        . = ALIGN (0x4)
                0x10005710                        __binary_info_start = .

.binary_info    0x10005710       0x28
 *(.binary_info.keep.*)
 .binary_info.keep.__bi_ptr81
                0x10005710        0x4 CMakeFiles/pico_rx.dir/Users/jin/.pico-sdk/sdk/1.5.1/src/rp2_common/pico_standard_link/binary_info.c.obj
 .binary_info.keep.__bi_ptr75
                0x10005714        0x4 CMakeFiles/pico_rx.dir/Users/jin/.pico-sdk/sdk/1.5.1/src/rp2_common/pico_standard_link/binary_info.c.obj
 .binary_info.keep.__bi_ptr56
                0x10005718        0x4 CMakeFiles/pico_rx.dir/Users/jin/.pico-sdk/sdk/1.5.1/src/rp2_common/pico_standard_link/binary_info.c.obj
 .binary_info.keep.__bi_ptr50
                0x1000571c        0x4 CMakeFiles/pico_rx.dir/Users/jin/.pico-sdk/sdk/1.5.1/src/rp2_common/pico_standard_link/binary_info.c.obj
 .binary_info.keep.__bi_ptr44
                0x10005720        0x4 CMakeFiles/pico_rx.dir/Users/jin/.pico-sdk/sdk/1.5.1/src/rp2_common/pico_standard_link/binary_info.c.obj
 .binary_info.keep.__bi_ptr38
                0x10005724        0x4 CMakeFiles/pico_rx.dir/Users/jin/.pico-sdk/sdk/1.5.1/src/rp2_common/pico_standard_link/binary_info.c.obj
 .binary_info.keep.__bi_ptr30
                0x10005728        0x4 CMakeFiles/pico_rx.dir/Users/jin/.pico-sdk/sdk/1.5.1/src/rp2_common/pico_standard_link/binary_info.c.obj
 .binary_info.keep.__bi_ptr22
                0x1000572c        0x4 CMakeFiles/pico_rx.dir/Users/jin/.pico-sdk/sdk/1.5.1/src/rp2_common/pico_standard_link/binary_info.c.obj
 *(.binary_info.*)
 .binary_info.__bi_ptr34
                0x10005730        0x4 CMakeFiles/pico_rx.dir/Users/jin/.pico-sdk/sdk/1.5.1/src/rp2_common/pico_stdio_uart/stdio_uart.c.obj
 .binary_info.__bi_ptr33
                0x10005734        0x4 CMakeFiles/pico_rx.dir/Users/jin/.pico-sdk/sdk/1.5.1/src/rp2_common/pico_stdio_uart/stdio_uart.c.obj
                0x10005738                        __binary_info_end = .

.rel.dyn        0x10005738        0x0
 .rel.iplt      0x10005738        0x0 /Applications/ArmGNUToolchain/13.2.Rel1/arm-none-eabi/bin/../lib/gcc/arm-none-eabi/13.2.1/thumb/v6-m/nofp/crtbegin.o
                0x10005738                        . = ALIGN (0x4)

.ram_vector_table
                0x20000000       0xc0
 *(.ram_vector_table)
 .ram_vector_table
                0x20000000       0xc0 CMakeFiles/pico_rx.dir/Users/jin/.pico-sdk/sdk/1.5.1/src/rp2_common/pico_runtime/runtime.c.obj
                0x20000000                ram_vector_table

.data           0x200000c0      0x2c4 load address 0x10005738
                0x200000c0                        __data_start__ = .
 *(vtable)
 *(.time_critical*)
 .time_critical.mutex_try_enter
                0x200000c0       0x46 CMakeFiles/pico_rx.dir/Users/jin/.pico-sdk/sdk/1.5.1/src/common/pico_sync/mutex.c.obj
                0x200000c0                mutex_try_enter
 *fill*         0x20000106        0x2 
 .time_critical.mutex_enter_block_until
                0x20000108       0x8c CMakeFiles/pico_rx.dir/Users/jin/.pico-sdk/sdk/1.5.1/src/common/pico_sync/mutex.c.obj
                0x20000108                mutex_enter_block_until
 .time_critical.mutex_try_enter_block_until
                0x20000194       0x34 CMakeFiles/pico_rx.dir/Users/jin/.pico-sdk/sdk/1.5.1/src/common/pico_sync/mutex.c.obj
                0x20000194                mutex_try_enter_block_until
 .time_critical.mutex_exit
                0x200001c8       0x4c CMakeFiles/pico_rx.dir/Users/jin/.pico-sdk/sdk/1.5.1/src/common/pico_sync/mutex.c.obj
                0x200001c8                mutex_exit
 .time_critical.spi_write_blocking
                0x20000214       0x3a CMakeFiles/pico_rx.dir/Users/jin/.pico-sdk/sdk/1.5.1/src/rp2_common/hardware_spi/spi.c.obj
                0x20000214                spi_write_blocking
 .time_critical.spi_read_blocking
                0x2000024e       0x3e CMakeFiles/pico_rx.dir/Users/jin/.pico-sdk/sdk/1.5.1/src/rp2_common/hardware_spi/spi.c.obj
                0x2000024e                spi_read_blocking
 *(.text*)
 .text          0x2000028c        0x4 /Applications/ArmGNUToolchain/13.2.Rel1/arm-none-eabi/bin/../lib/gcc/arm-none-eabi/13.2.1/thumb/v6-m/nofp/libgcc.a(_dvmd_tls.o)
                0x2000028c                __aeabi_ldiv0
                0x2000028c                __aeabi_idiv0
 .text.__stub   0x20000290       0x20 linker stubs
                0x200002b0                        . = ALIGN (0x4)
 *(.rodata*)
                0x200002b0                        . = ALIGN (0x4)
 *(.data*)
 .data.striped_spin_lock_num
                0x200002b0        0x1 CMakeFiles/pico_rx.dir/Users/jin/.pico-sdk/sdk/1.5.1/src/rp2_common/hardware_sync/sync.c.obj
 *fill*         0x200002b1        0x3 
 .data          0x200002b4       0x48 CMakeFiles/pico_rx.dir/Users/jin/.pico-sdk/sdk/1.5.1/src/rp2_common/hardware_irq/irq_handler_chain.S.obj
                0x200002b4                irq_handler_chain_slots
                0x200002e4                irq_handler_chain_first_slot
                0x200002ee                irq_handler_chain_remove_tail
 .data.default_alarm_pool
                0x200002fc       0x18 CMakeFiles/pico_rx.dir/Users/jin/.pico-sdk/sdk/1.5.1/src/common/pico_time/time.c.obj
 .data.default_alarm_pool_heap
                0x20000314       0x10 CMakeFiles/pico_rx.dir/Users/jin/.pico-sdk/sdk/1.5.1/src/common/pico_time/time.c.obj
 *fill*         0x20000324        0xc 
 .data.aeabi_bits_funcs
                0x20000330       0x10 CMakeFiles/pico_rx.dir/Users/jin/.pico-sdk/sdk/1.5.1/src/rp2_common/pico_bit_ops/bit_ops_aeabi.S.obj
                0x20000330                aeabi_bits_funcs
                0x20000340                aeabi_bits_funcs_end
 .data.aeabi_mem_funcs
                0x20000340       0x10 CMakeFiles/pico_rx.dir/Users/jin/.pico-sdk/sdk/1.5.1/src/rp2_common/pico_mem_ops/mem_ops_aeabi.S.obj
                0x20000340                aeabi_mem_funcs
                0x20000350                aeabi_mem_funcs_end
 .data.stdio_uart
                0x20000350       0x18 CMakeFiles/pico_rx.dir/Users/jin/.pico-sdk/sdk/1.5.1/src/rp2_common/pico_stdio_uart/stdio_uart.c.obj
                0x20000350                stdio_uart
                0x20000368                        . = ALIGN (0x4)
 *(.after_data.*)
                0x20000368                        . = ALIGN (0x4)
                0x20000368                        PROVIDE (__mutex_array_start = .)
 *(SORT_BY_NAME(.mutex_array.*))
 *(.mutex_array)
 .mutex_array   0x20000368        0x8 CMakeFiles/pico_rx.dir/Users/jin/.pico-sdk/sdk/1.5.1/src/rp2_common/pico_stdio/stdio.c.obj
                0x20000370                        PROVIDE (__mutex_array_end = .)
                0x20000370                        . = ALIGN (0x4)
                0x20000370                        PROVIDE (__preinit_array_start = .)
 *(SORT_BY_NAME(.preinit_array.*))
 .preinit_array.00001
                0x20000370        0x4 CMakeFiles/pico_rx.dir/Users/jin/.pico-sdk/sdk/1.5.1/src/rp2_common/pico_mem_ops/mem_ops_aeabi.S.obj
 .preinit_array.00010
                0x20000374        0x4 CMakeFiles/pico_rx.dir/Users/jin/.pico-sdk/sdk/1.5.1/src/rp2_common/pico_bit_ops/bit_ops_aeabi.S.obj
 .preinit_array.00020
                0x20000378        0x4 CMakeFiles/pico_rx.dir/Users/jin/.pico-sdk/sdk/1.5.1/src/rp2_common/pico_double/double_aeabi.S.obj
 .preinit_array.00020
                0x2000037c        0x4 CMakeFiles/pico_rx.dir/Users/jin/.pico-sdk/sdk/1.5.1/src/rp2_common/pico_float/float_aeabi.S.obj
 *(.preinit_array)
                0x20000380                        PROVIDE (__preinit_array_end = .)
                0x20000380                        . = ALIGN (0x4)
                0x20000380                        PROVIDE (__init_array_start = .)
 *(SORT_BY_NAME(.init_array.*))
 *(.init_array)
 .init_array    0x20000380        0x4 /Applications/ArmGNUToolchain/13.2.Rel1/arm-none-eabi/bin/../lib/gcc/arm-none-eabi/13.2.1/thumb/v6-m/nofp/crtbegin.o
                0x20000384                        PROVIDE (__init_array_end = .)
                0x20000384                        . = ALIGN (0x4)
                [!provide]                        PROVIDE (__fini_array_start = .)
 *(SORT_BY_NAME(.fini_array.*))
 *(.fini_array)
                [!provide]                        PROVIDE (__fini_array_end = .)
 *(.jcr)
                0x20000384                        . = ALIGN (0x4)
                0x20000384                        __data_end__ = .
                0x10005738                        __etext = LOADADDR (.data)

.tm_clone_table
                0x20000384        0x0 load address 0x100059fc
 .tm_clone_table
                0x20000384        0x0 /Applications/ArmGNUToolchain/13.2.Rel1/arm-none-eabi/bin/../lib/gcc/arm-none-eabi/13.2.1/thumb/v6-m/nofp/crtbegin.o
 .tm_clone_table
                0x20000384        0x0 /Applications/ArmGNUToolchain/13.2.Rel1/arm-none-eabi/bin/../lib/gcc/arm-none-eabi/13.2.1/thumb/v6-m/nofp/crtend.o

.igot.plt       0x20000384        0x0 load address 0x100059fc
 .igot.plt      0x20000384        0x0 /Applications/ArmGNUToolchain/13.2.Rel1/arm-none-eabi/bin/../lib/gcc/arm-none-eabi/13.2.1/thumb/v6-m/nofp/crtbegin.o

.uninitialized_data
                0x20000384        0x0 load address 0x100059fc
                0x20000384                        . = ALIGN (0x4)
 *(.uninitialized_data*)

.scratch_x      0x20040000        0x0 load address 0x100059fc
                0x20040000                        __scratch_x_start__ = .
 *(.scratch_x.*)
                0x20040000                        . = ALIGN (0x4)
                0x20040000                        __scratch_x_end__ = .
                0x100059fc                        __scratch_x_source__ = LOADADDR (.scratch_x)

.scratch_y      0x20041000        0x0 load address 0x100059fc
                0x20041000                        __scratch_y_start__ = .
 *(.scratch_y.*)
                0x20041000                        . = ALIGN (0x4)
                0x20041000                        __scratch_y_end__ = .
                0x100059fc                        __scratch_y_source__ = LOADADDR (.scratch_y)

.bss            0x20000388      0x3d4
                0x20000388                        . = ALIGN (0x4)
                0x20000388                        __bss_start__ = .
 *(SORT_BY_ALIGNMENT(SORT_BY_NAME(.bss*)))
 .bss.default_alarm_pool_entries
                0x20000388      0x100 CMakeFiles/pico_rx.dir/Users/jin/.pico-sdk/sdk/1.5.1/src/common/pico_time/time.c.obj
 .bss.alarm_callbacks
                0x20000488       0x10 CMakeFiles/pico_rx.dir/Users/jin/.pico-sdk/sdk/1.5.1/src/rp2_common/hardware_timer/timer.c.obj
 .bss.chars_available_callback
                0x20000498        0x4 CMakeFiles/pico_rx.dir/Users/jin/.pico-sdk/sdk/1.5.1/src/rp2_common/pico_stdio_uart/stdio_uart.c.obj
 .bss.chars_available_param
                0x2000049c        0x4 CMakeFiles/pico_rx.dir/Users/jin/.pico-sdk/sdk/1.5.1/src/rp2_common/pico_stdio_uart/stdio_uart.c.obj
 .bss.configured_freq
                0x200004a0       0x28 CMakeFiles/pico_rx.dir/Users/jin/.pico-sdk/sdk/1.5.1/src/rp2_common/hardware_clocks/clocks.c.obj
 .bss.default_alarm_pool_entry_ids_high
                0x200004c8       0x10 CMakeFiles/pico_rx.dir/Users/jin/.pico-sdk/sdk/1.5.1/src/common/pico_time/time.c.obj
 .bss.default_alarm_pool_heap_nodes
                0x200004d8       0x30 CMakeFiles/pico_rx.dir/Users/jin/.pico-sdk/sdk/1.5.1/src/common/pico_time/time.c.obj
 .bss.drivers   0x20000508        0x4 CMakeFiles/pico_rx.dir/Users/jin/.pico-sdk/sdk/1.5.1/src/rp2_common/pico_stdio/stdio.c.obj
 .bss.filter    0x2000050c        0x4 CMakeFiles/pico_rx.dir/Users/jin/.pico-sdk/sdk/1.5.1/src/rp2_common/pico_stdio/stdio.c.obj
 .bss.object.0  0x20000510       0x18 /Applications/ArmGNUToolchain/13.2.Rel1/arm-none-eabi/bin/../lib/gcc/arm-none-eabi/13.2.1/thumb/v6-m/nofp/crtbegin.o
 .bss.pools     0x20000528       0x10 CMakeFiles/pico_rx.dir/Users/jin/.pico-sdk/sdk/1.5.1/src/common/pico_time/time.c.obj
 .bss.sd_table  0x20000538      0x100 CMakeFiles/pico_rx.dir/Users/jin/.pico-sdk/sdk/1.5.1/src/rp2_common/pico_double/double_init_rom.c.obj
                0x20000538                sd_table
 .bss.sf_clz_func
                0x20000638        0x4 CMakeFiles/pico_rx.dir/Users/jin/.pico-sdk/sdk/1.5.1/src/rp2_common/pico_double/double_init_rom.c.obj
                0x20000638                sf_clz_func
 .bss.sf_table  0x2000063c      0x100 CMakeFiles/pico_rx.dir/Users/jin/.pico-sdk/sdk/1.5.1/src/rp2_common/pico_float/float_init_rom.c.obj
                0x2000063c                sf_table
 .bss.sleep_notifier
                0x2000073c        0x4 CMakeFiles/pico_rx.dir/Users/jin/.pico-sdk/sdk/1.5.1/src/common/pico_time/time.c.obj
 .bss.target_hi
                0x20000740       0x10 CMakeFiles/pico_rx.dir/Users/jin/.pico-sdk/sdk/1.5.1/src/rp2_common/hardware_timer/timer.c.obj
 .bss.uart_char_to_line_feed
                0x20000750        0x4 CMakeFiles/pico_rx.dir/Users/jin/.pico-sdk/sdk/1.5.1/src/rp2_common/hardware_uart/uart.c.obj
                0x20000750                uart_char_to_line_feed
 .bss.uart_instance
                0x20000754        0x4 CMakeFiles/pico_rx.dir/Users/jin/.pico-sdk/sdk/1.5.1/src/rp2_common/pico_stdio_uart/stdio_uart.c.obj
 .bss.claimed   0x20000758        0x1 CMakeFiles/pico_rx.dir/Users/jin/.pico-sdk/sdk/1.5.1/src/rp2_common/hardware_timer/timer.c.obj
 .bss.irq_hander_chain_free_slot_head
                0x20000759        0x1 CMakeFiles/pico_rx.dir/Users/jin/.pico-sdk/sdk/1.5.1/src/rp2_common/hardware_irq/irq.c.obj
 .bss.timer_callbacks_pending
                0x2000075a        0x1 CMakeFiles/pico_rx.dir/Users/jin/.pico-sdk/sdk/1.5.1/src/rp2_common/hardware_timer/timer.c.obj
 *(COMMON)
                0x2000075c                        . = ALIGN (0x4)
 *fill*         0x2000075b        0x1 
                0x2000075c                        __bss_end__ = .

.heap           0x2000075c      0x800
                0x2000075c                        __end__ = .
                0x2000075c                        end = __end__
 *(.heap*)
 .heap          0x2000075c      0x800 CMakeFiles/pico_rx.dir/Users/jin/.pico-sdk/sdk/1.5.1/src/rp2_common/pico_standard_link/crt0.S.obj
                0x20000f5c                        __HeapLimit = .

.stack1_dummy
 *(.stack1*)

.stack_dummy    0x20041000      0x800
 *(.stack*)
 .stack         0x20041000      0x800 CMakeFiles/pico_rx.dir/Users/jin/.pico-sdk/sdk/1.5.1/src/rp2_common/pico_standard_link/crt0.S.obj

.flash_end      0x100059fc        0x0
                0x100059fc                        PROVIDE (__flash_binary_end = .)
                0x20040000                        __StackLimit = (ORIGIN (RAM) + LENGTH (RAM))
                0x20041000                        __StackOneTop = (ORIGIN (SCRATCH_X) + LENGTH (SCRATCH_X))
                0x20042000                        __StackTop = (ORIGIN (SCRATCH_Y) + LENGTH (SCRATCH_Y))
                0x20041000                        __StackOneBottom = (__StackOneTop - SIZEOF (.stack1_dummy))
                0x20041800                        __StackBottom = (__StackTop - SIZEOF (.stack_dummy))
                0x20042000                        PROVIDE (__stack = __StackTop)
                0x00000001                        ASSERT ((__StackLimit >= __HeapLimit), region RAM overflowed)
                0x00000001                        ASSERT (((__binary_info_header_end - __logical_binary_start) <= 0x100), Binary info must be in first 256 bytes of the binary)
LOAD CMakeFiles/pico_rx.dir/pico_rx.c.obj
LOAD CMakeFiles/pico_rx.dir/pico_uart_debug.c.obj
LOAD CMakeFiles/pico_rx.dir/Users/jin/.pico-sdk/sdk/1.5.1/src/rp2_common/pico_stdlib/stdlib.c.obj
LOAD CMakeFiles/pico_rx.dir/Users/jin/.pico-sdk/sdk/1.5.1/src/rp2_common/hardware_gpio/gpio.c.obj
LOAD CMakeFiles/pico_rx.dir/Users/jin/.pico-sdk/sdk/1.5.1/src/rp2_common/pico_platform/platform.c.obj
LOAD CMakeFiles/pico_rx.dir/Users/jin/.pico-sdk/sdk/1.5.1/src/rp2_common/hardware_claim/claim.c.obj
LOAD CMakeFiles/pico_rx.dir/Users/jin/.pico-sdk/sdk/1.5.1/src/rp2_common/hardware_sync/sync.c.obj
LOAD CMakeFiles/pico_rx.dir/Users/jin/.pico-sdk/sdk/1.5.1/src/rp2_common/hardware_irq/irq.c.obj
LOAD CMakeFiles/pico_rx.dir/Users/jin/.pico-sdk/sdk/1.5.1/src/rp2_common/hardware_irq/irq_handler_chain.S.obj
LOAD CMakeFiles/pico_rx.dir/Users/jin/.pico-sdk/sdk/1.5.1/src/common/pico_sync/sem.c.obj
LOAD CMakeFiles/pico_rx.dir/Users/jin/.pico-sdk/sdk/1.5.1/src/common/pico_sync/lock_core.c.obj
LOAD CMakeFiles/pico_rx.dir/Users/jin/.pico-sdk/sdk/1.5.1/src/common/pico_sync/mutex.c.obj
LOAD CMakeFiles/pico_rx.dir/Users/jin/.pico-sdk/sdk/1.5.1/src/common/pico_sync/critical_section.c.obj
LOAD CMakeFiles/pico_rx.dir/Users/jin/.pico-sdk/sdk/1.5.1/src/common/pico_time/time.c.obj
LOAD CMakeFiles/pico_rx.dir/Users/jin/.pico-sdk/sdk/1.5.1/src/common/pico_time/timeout_helper.c.obj
LOAD CMakeFiles/pico_rx.dir/Users/jin/.pico-sdk/sdk/1.5.1/src/rp2_common/hardware_timer/timer.c.obj
LOAD CMakeFiles/pico_rx.dir/Users/jin/.pico-sdk/sdk/1.5.1/src/common/pico_util/datetime.c.obj
LOAD CMakeFiles/pico_rx.dir/Users/jin/.pico-sdk/sdk/1.5.1/src/common/pico_util/pheap.c.obj
LOAD CMakeFiles/pico_rx.dir/Users/jin/.pico-sdk/sdk/1.5.1/src/common/pico_util/queue.c.obj
LOAD CMakeFiles/pico_rx.dir/Users/jin/.pico-sdk/sdk/1.5.1/src/rp2_common/hardware_uart/uart.c.obj
LOAD CMakeFiles/pico_rx.dir/Users/jin/.pico-sdk/sdk/1.5.1/src/rp2_common/hardware_clocks/clocks.c.obj
LOAD CMakeFiles/pico_rx.dir/Users/jin/.pico-sdk/sdk/1.5.1/src/rp2_common/hardware_pll/pll.c.obj
LOAD CMakeFiles/pico_rx.dir/Users/jin/.pico-sdk/sdk/1.5.1/src/rp2_common/hardware_vreg/vreg.c.obj
LOAD CMakeFiles/pico_rx.dir/Users/jin/.pico-sdk/sdk/1.5.1/src/rp2_common/hardware_watchdog/watchdog.c.obj
LOAD CMakeFiles/pico_rx.dir/Users/jin/.pico-sdk/sdk/1.5.1/src/rp2_common/hardware_xosc/xosc.c.obj
LOAD CMakeFiles/pico_rx.dir/Users/jin/.pico-sdk/sdk/1.5.1/src/rp2_common/hardware_divider/divider.S.obj
LOAD CMakeFiles/pico_rx.dir/Users/jin/.pico-sdk/sdk/1.5.1/src/rp2_common/pico_runtime/runtime.c.obj
LOAD CMakeFiles/pico_rx.dir/Users/jin/.pico-sdk/sdk/1.5.1/src/rp2_common/pico_printf/printf.c.obj
LOAD CMakeFiles/pico_rx.dir/Users/jin/.pico-sdk/sdk/1.5.1/src/rp2_common/pico_bit_ops/bit_ops_aeabi.S.obj
LOAD CMakeFiles/pico_rx.dir/Users/jin/.pico-sdk/sdk/1.5.1/src/rp2_common/pico_bootrom/bootrom.c.obj
LOAD CMakeFiles/pico_rx.dir/Users/jin/.pico-sdk/sdk/1.5.1/src/rp2_common/pico_divider/divider.S.obj
LOAD CMakeFiles/pico_rx.dir/Users/jin/.pico-sdk/sdk/1.5.1/src/rp2_common/pico_double/double_aeabi.S.obj
LOAD CMakeFiles/pico_rx.dir/Users/jin/.pico-sdk/sdk/1.5.1/src/rp2_common/pico_double/double_init_rom.c.obj
LOAD CMakeFiles/pico_rx.dir/Users/jin/.pico-sdk/sdk/1.5.1/src/rp2_common/pico_double/double_math.c.obj
LOAD CMakeFiles/pico_rx.dir/Users/jin/.pico-sdk/sdk/1.5.1/src/rp2_common/pico_double/double_v1_rom_shim.S.obj
LOAD CMakeFiles/pico_rx.dir/Users/jin/.pico-sdk/sdk/1.5.1/src/rp2_common/pico_int64_ops/pico_int64_ops_aeabi.S.obj
LOAD CMakeFiles/pico_rx.dir/Users/jin/.pico-sdk/sdk/1.5.1/src/rp2_common/pico_float/float_aeabi.S.obj
LOAD CMakeFiles/pico_rx.dir/Users/jin/.pico-sdk/sdk/1.5.1/src/rp2_common/pico_float/float_init_rom.c.obj
LOAD CMakeFiles/pico_rx.dir/Users/jin/.pico-sdk/sdk/1.5.1/src/rp2_common/pico_float/float_math.c.obj
LOAD CMakeFiles/pico_rx.dir/Users/jin/.pico-sdk/sdk/1.5.1/src/rp2_common/pico_float/float_v1_rom_shim.S.obj
LOAD CMakeFiles/pico_rx.dir/Users/jin/.pico-sdk/sdk/1.5.1/src/rp2_common/pico_malloc/pico_malloc.c.obj
LOAD CMakeFiles/pico_rx.dir/Users/jin/.pico-sdk/sdk/1.5.1/src/rp2_common/pico_mem_ops/mem_ops_aeabi.S.obj
LOAD CMakeFiles/pico_rx.dir/Users/jin/.pico-sdk/sdk/1.5.1/src/rp2_common/pico_standard_link/crt0.S.obj
LOAD CMakeFiles/pico_rx.dir/Users/jin/.pico-sdk/sdk/1.5.1/src/rp2_common/pico_standard_link/new_delete.cpp.obj
LOAD CMakeFiles/pico_rx.dir/Users/jin/.pico-sdk/sdk/1.5.1/src/rp2_common/pico_standard_link/binary_info.c.obj
LOAD CMakeFiles/pico_rx.dir/Users/jin/.pico-sdk/sdk/1.5.1/src/rp2_common/pico_stdio/stdio.c.obj
LOAD CMakeFiles/pico_rx.dir/Users/jin/.pico-sdk/sdk/1.5.1/src/rp2_common/pico_stdio_uart/stdio_uart.c.obj
LOAD CMakeFiles/pico_rx.dir/Users/jin/.pico-sdk/sdk/1.5.1/src/rp2_common/hardware_spi/spi.c.obj
LOAD /var/folders/dt/771_f9hs13731x0fqnqc0nk80000gn/T//ccWfRX1c.o
LOAD /Applications/ArmGNUToolchain/13.2.Rel1/arm-none-eabi/bin/../lib/gcc/arm-none-eabi/13.2.1/../../../../arm-none-eabi/lib/thumb/v6-m/nofp/libstdc++.a
LOAD /Applications/ArmGNUToolchain/13.2.Rel1/arm-none-eabi/bin/../lib/gcc/arm-none-eabi/13.2.1/../../../../arm-none-eabi/lib/thumb/v6-m/nofp/libm.a
START GROUP
LOAD /Applications/ArmGNUToolchain/13.2.Rel1/arm-none-eabi/bin/../lib/gcc/arm-none-eabi/13.2.1/thumb/v6-m/nofp/libgcc.a
LOAD /Applications/ArmGNUToolchain/13.2.Rel1/arm-none-eabi/bin/../lib/gcc/arm-none-eabi/13.2.1/../../../../arm-none-eabi/lib/thumb/v6-m/nofp/libg.a
LOAD /Applications/ArmGNUToolchain/13.2.Rel1/arm-none-eabi/bin/../lib/gcc/arm-none-eabi/13.2.1/../../../../arm-none-eabi/lib/thumb/v6-m/nofp/libc.a
END GROUP
START GROUP
LOAD /Applications/ArmGNUToolchain/13.2.Rel1/arm-none-eabi/bin/../lib/gcc/arm-none-eabi/13.2.1/thumb/v6-m/nofp/libgcc.a
LOAD /Applications/ArmGNUToolchain/13.2.Rel1/arm-none-eabi/bin/../lib/gcc/arm-none-eabi/13.2.1/../../../../arm-none-eabi/lib/thumb/v6-m/nofp/libc.a
LOAD /Applications/ArmGNUToolchain/13.2.Rel1/arm-none-eabi/bin/../lib/gcc/arm-none-eabi/13.2.1/../../../../arm-none-eabi/lib/thumb/v6-m/nofp/libnosys.a
END GROUP
LOAD /Applications/ArmGNUToolchain/13.2.Rel1/arm-none-eabi/bin/../lib/gcc/arm-none-eabi/13.2.1/thumb/v6-m/nofp/crtend.o
LOAD /Applications/ArmGNUToolchain/13.2.Rel1/arm-none-eabi/bin/../lib/gcc/arm-none-eabi/13.2.1/thumb/v6-m/nofp/crtn.o
OUTPUT(pico_rx.elf elf32-littlearm)
LOAD linker stubs

.ARM.attributes
                0x00000000       0x28
 .ARM.attributes
                0x00000000       0x1e /Applications/ArmGNUToolchain/13.2.Rel1/arm-none-eabi/bin/../lib/gcc/arm-none-eabi/13.2.1/thumb/v6-m/nofp/crti.o
 .ARM.attributes
                0x0000001e       0x2c /Applications/ArmGNUToolchain/13.2.Rel1/arm-none-eabi/bin/../lib/gcc/arm-none-eabi/13.2.1/thumb/v6-m/nofp/crtbegin.o
 .ARM.attributes
                0x0000004a       0x2c CMakeFiles/pico_rx.dir/pico_rx.c.obj
 .ARM.attributes
                0x00000076       0x2c CMakeFiles/pico_rx.dir/pico_uart_debug.c.obj
 .ARM.attributes
                0x000000a2       0x2c CMakeFiles/pico_rx.dir/Users/jin/.pico-sdk/sdk/1.5.1/src/rp2_common/hardware_gpio/gpio.c.obj
 .ARM.attributes
                0x000000ce       0x2c CMakeFiles/pico_rx.dir/Users/jin/.pico-sdk/sdk/1.5.1/src/rp2_common/pico_platform/platform.c.obj
 .ARM.attributes
                0x000000fa       0x2c CMakeFiles/pico_rx.dir/Users/jin/.pico-sdk/sdk/1.5.1/src/rp2_common/hardware_claim/claim.c.obj
 .ARM.attributes
                0x00000126       0x2c CMakeFiles/pico_rx.dir/Users/jin/.pico-sdk/sdk/1.5.1/src/rp2_common/hardware_sync/sync.c.obj
 .ARM.attributes
                0x00000152       0x2c CMakeFiles/pico_rx.dir/Users/jin/.pico-sdk/sdk/1.5.1/src/rp2_common/hardware_irq/irq.c.obj
 .ARM.attributes
                0x0000017e       0x22 CMakeFiles/pico_rx.dir/Users/jin/.pico-sdk/sdk/1.5.1/src/rp2_common/hardware_irq/irq_handler_chain.S.obj
 .ARM.attributes
                0x000001a0       0x2c CMakeFiles/pico_rx.dir/Users/jin/.pico-sdk/sdk/1.5.1/src/common/pico_sync/lock_core.c.obj
 .ARM.attributes
                0x000001cc       0x2c CMakeFiles/pico_rx.dir/Users/jin/.pico-sdk/sdk/1.5.1/src/common/pico_sync/mutex.c.obj
 .ARM.attributes
                0x000001f8       0x2c CMakeFiles/pico_rx.dir/Users/jin/.pico-sdk/sdk/1.5.1/src/common/pico_time/time.c.obj
 .ARM.attributes
                0x00000224       0x2c CMakeFiles/pico_rx.dir/Users/jin/.pico-sdk/sdk/1.5.1/src/rp2_common/hardware_timer/timer.c.obj
 .ARM.attributes
                0x00000250       0x2c CMakeFiles/pico_rx.dir/Users/jin/.pico-sdk/sdk/1.5.1/src/common/pico_util/pheap.c.obj
 .ARM.attributes
                0x0000027c       0x2c CMakeFiles/pico_rx.dir/Users/jin/.pico-sdk/sdk/1.5.1/src/rp2_common/hardware_uart/uart.c.obj
 .ARM.attributes
                0x000002a8       0x2c CMakeFiles/pico_rx.dir/Users/jin/.pico-sdk/sdk/1.5.1/src/rp2_common/hardware_clocks/clocks.c.obj
 .ARM.attributes
                0x000002d4       0x2c CMakeFiles/pico_rx.dir/Users/jin/.pico-sdk/sdk/1.5.1/src/rp2_common/hardware_pll/pll.c.obj
 .ARM.attributes
                0x00000300       0x2c CMakeFiles/pico_rx.dir/Users/jin/.pico-sdk/sdk/1.5.1/src/rp2_common/hardware_watchdog/watchdog.c.obj
 .ARM.attributes
                0x0000032c       0x2c CMakeFiles/pico_rx.dir/Users/jin/.pico-sdk/sdk/1.5.1/src/rp2_common/hardware_xosc/xosc.c.obj
 .ARM.attributes
                0x00000358       0x2c CMakeFiles/pico_rx.dir/Users/jin/.pico-sdk/sdk/1.5.1/src/rp2_common/pico_runtime/runtime.c.obj
 .ARM.attributes
                0x00000384       0x2c CMakeFiles/pico_rx.dir/Users/jin/.pico-sdk/sdk/1.5.1/src/rp2_common/pico_printf/printf.c.obj
 .ARM.attributes
                0x000003b0       0x22 CMakeFiles/pico_rx.dir/Users/jin/.pico-sdk/sdk/1.5.1/src/rp2_common/pico_bit_ops/bit_ops_aeabi.S.obj
 .ARM.attributes
                0x000003d2       0x2c CMakeFiles/pico_rx.dir/Users/jin/.pico-sdk/sdk/1.5.1/src/rp2_common/pico_bootrom/bootrom.c.obj
 .ARM.attributes
                0x000003fe       0x22 CMakeFiles/pico_rx.dir/Users/jin/.pico-sdk/sdk/1.5.1/src/rp2_common/pico_divider/divider.S.obj
 .ARM.attributes
                0x00000420       0x22 CMakeFiles/pico_rx.dir/Users/jin/.pico-sdk/sdk/1.5.1/src/rp2_common/pico_double/double_aeabi.S.obj
 .ARM.attributes
                0x00000442       0x2c CMakeFiles/pico_rx.dir/Users/jin/.pico-sdk/sdk/1.5.1/src/rp2_common/pico_double/double_init_rom.c.obj
 .ARM.attributes
                0x0000046e       0x22 CMakeFiles/pico_rx.dir/Users/jin/.pico-sdk/sdk/1.5.1/src/rp2_common/pico_double/double_v1_rom_shim.S.obj
 .ARM.attributes
                0x00000490       0x22 CMakeFiles/pico_rx.dir/Users/jin/.pico-sdk/sdk/1.5.1/src/rp2_common/pico_int64_ops/pico_int64_ops_aeabi.S.obj
 .ARM.attributes
                0x000004b2       0x22 CMakeFiles/pico_rx.dir/Users/jin/.pico-sdk/sdk/1.5.1/src/rp2_common/pico_float/float_aeabi.S.obj
 .ARM.attributes
                0x000004d4       0x2c CMakeFiles/pico_rx.dir/Users/jin/.pico-sdk/sdk/1.5.1/src/rp2_common/pico_float/float_init_rom.c.obj
 .ARM.attributes
                0x00000500       0x22 CMakeFiles/pico_rx.dir/Users/jin/.pico-sdk/sdk/1.5.1/src/rp2_common/pico_float/float_v1_rom_shim.S.obj
 .ARM.attributes
                0x00000522       0x22 CMakeFiles/pico_rx.dir/Users/jin/.pico-sdk/sdk/1.5.1/src/rp2_common/pico_mem_ops/mem_ops_aeabi.S.obj
 .ARM.attributes
                0x00000544       0x22 CMakeFiles/pico_rx.dir/Users/jin/.pico-sdk/sdk/1.5.1/src/rp2_common/pico_standard_link/crt0.S.obj
 .ARM.attributes
                0x00000566       0x2c CMakeFiles/pico_rx.dir/Users/jin/.pico-sdk/sdk/1.5.1/src/rp2_common/pico_standard_link/binary_info.c.obj
 .ARM.attributes
                0x00000592       0x2c CMakeFiles/pico_rx.dir/Users/jin/.pico-sdk/sdk/1.5.1/src/rp2_common/pico_stdio/stdio.c.obj
 .ARM.attributes
                0x000005be       0x2c CMakeFiles/pico_rx.dir/Users/jin/.pico-sdk/sdk/1.5.1/src/rp2_common/pico_stdio_uart/stdio_uart.c.obj
 .ARM.attributes
                0x000005ea       0x2c CMakeFiles/pico_rx.dir/Users/jin/.pico-sdk/sdk/1.5.1/src/rp2_common/hardware_spi/spi.c.obj
 .ARM.attributes
                0x00000616       0x22 /var/folders/dt/771_f9hs13731x0fqnqc0nk80000gn/T//ccWfRX1c.o
 .ARM.attributes
                0x00000638       0x1e /Applications/ArmGNUToolchain/13.2.Rel1/arm-none-eabi/bin/../lib/gcc/arm-none-eabi/13.2.1/thumb/v6-m/nofp/libgcc.a(_dvmd_tls.o)
 .ARM.attributes
                0x00000656       0x2c /Applications/ArmGNUToolchain/13.2.Rel1/arm-none-eabi/bin/../lib/gcc/arm-none-eabi/13.2.1/../../../../arm-none-eabi/lib/thumb/v6-m/nofp/libg.a(libc_a-strlen-stub.o)
 .ARM.attributes
                0x00000682       0x2c /Applications/ArmGNUToolchain/13.2.Rel1/arm-none-eabi/bin/../lib/gcc/arm-none-eabi/13.2.1/thumb/v6-m/nofp/crtend.o

.comment        0x00000000       0x44
 .comment       0x00000000       0x44 CMakeFiles/pico_rx.dir/pico_rx.c.obj
                                 0x45 (size before relaxing)
 .comment       0x00000044       0x45 CMakeFiles/pico_rx.dir/pico_uart_debug.c.obj
 .comment       0x00000044       0x45 CMakeFiles/pico_rx.dir/Users/jin/.pico-sdk/sdk/1.5.1/src/rp2_common/hardware_gpio/gpio.c.obj
 .comment       0x00000044       0x45 CMakeFiles/pico_rx.dir/Users/jin/.pico-sdk/sdk/1.5.1/src/rp2_common/pico_platform/platform.c.obj
 .comment       0x00000044       0x45 CMakeFiles/pico_rx.dir/Users/jin/.pico-sdk/sdk/1.5.1/src/rp2_common/hardware_claim/claim.c.obj
 .comment       0x00000044       0x45 CMakeFiles/pico_rx.dir/Users/jin/.pico-sdk/sdk/1.5.1/src/rp2_common/hardware_sync/sync.c.obj
 .comment       0x00000044       0x45 CMakeFiles/pico_rx.dir/Users/jin/.pico-sdk/sdk/1.5.1/src/rp2_common/hardware_irq/irq.c.obj
 .comment       0x00000044       0x45 CMakeFiles/pico_rx.dir/Users/jin/.pico-sdk/sdk/1.5.1/src/common/pico_sync/lock_core.c.obj
 .comment       0x00000044       0x45 CMakeFiles/pico_rx.dir/Users/jin/.pico-sdk/sdk/1.5.1/src/common/pico_sync/mutex.c.obj
 .comment       0x00000044       0x45 CMakeFiles/pico_rx.dir/Users/jin/.pico-sdk/sdk/1.5.1/src/common/pico_time/time.c.obj
 .comment       0x00000044       0x45 CMakeFiles/pico_rx.dir/Users/jin/.pico-sdk/sdk/1.5.1/src/rp2_common/hardware_timer/timer.c.obj
 .comment       0x00000044       0x45 CMakeFiles/pico_rx.dir/Users/jin/.pico-sdk/sdk/1.5.1/src/common/pico_util/pheap.c.obj
 .comment       0x00000044       0x45 CMakeFiles/pico_rx.dir/Users/jin/.pico-sdk/sdk/1.5.1/src/rp2_common/hardware_uart/uart.c.obj
 .comment       0x00000044       0x45 CMakeFiles/pico_rx.dir/Users/jin/.pico-sdk/sdk/1.5.1/src/rp2_common/hardware_clocks/clocks.c.obj
 .comment       0x00000044       0x45 CMakeFiles/pico_rx.dir/Users/jin/.pico-sdk/sdk/1.5.1/src/rp2_common/hardware_pll/pll.c.obj
 .comment       0x00000044       0x45 CMakeFiles/pico_rx.dir/Users/jin/.pico-sdk/sdk/1.5.1/src/rp2_common/hardware_watchdog/watchdog.c.obj
 .comment       0x00000044       0x45 CMakeFiles/pico_rx.dir/Users/jin/.pico-sdk/sdk/1.5.1/src/rp2_common/hardware_xosc/xosc.c.obj
 .comment       0x00000044       0x45 CMakeFiles/pico_rx.dir/Users/jin/.pico-sdk/sdk/1.5.1/src/rp2_common/pico_runtime/runtime.c.obj
 .comment       0x00000044       0x45 CMakeFiles/pico_rx.dir/Users/jin/.pico-sdk/sdk/1.5.1/src/rp2_common/pico_printf/printf.c.obj
 .comment       0x00000044       0x45 CMakeFiles/pico_rx.dir/Users/jin/.pico-sdk/sdk/1.5.1/src/rp2_common/pico_bootrom/bootrom.c.obj
 .comment       0x00000044       0x45 CMakeFiles/pico_rx.dir/Users/jin/.pico-sdk/sdk/1.5.1/src/rp2_common/pico_double/double_init_rom.c.obj
 .comment       0x00000044       0x45 CMakeFiles/pico_rx.dir/Users/jin/.pico-sdk/sdk/1.5.1/src/rp2_common/pico_float/float_init_rom.c.obj
 .comment       0x00000044       0x45 CMakeFiles/pico_rx.dir/Users/jin/.pico-sdk/sdk/1.5.1/src/rp2_common/pico_standard_link/binary_info.c.obj
 .comment       0x00000044       0x45 CMakeFiles/pico_rx.dir/Users/jin/.pico-sdk/sdk/1.5.1/src/rp2_common/pico_stdio/stdio.c.obj
 .comment       0x00000044       0x45 CMakeFiles/pico_rx.dir/Users/jin/.pico-sdk/sdk/1.5.1/src/rp2_common/pico_stdio_uart/stdio_uart.c.obj
 .comment       0x00000044       0x45 CMakeFiles/pico_rx.dir/Users/jin/.pico-sdk/sdk/1.5.1/src/rp2_common/hardware_spi/spi.c.obj

.debug_info     0x00000000    0x16d2f
 .debug_info    0x00000000      0xf5a CMakeFiles/pico_rx.dir/pico_rx.c.obj
 .debug_info    0x00000f5a      0xc10 CMakeFiles/pico_rx.dir/pico_uart_debug.c.obj
 .debug_info    0x00001b6a     0x184b CMakeFiles/pico_rx.dir/Users/jin/.pico-sdk/sdk/1.5.1/src/rp2_common/hardware_gpio/gpio.c.obj
 .debug_info    0x000033b5      0x1fb CMakeFiles/pico_rx.dir/Users/jin/.pico-sdk/sdk/1.5.1/src/rp2_common/pico_platform/platform.c.obj
 .debug_info    0x000035b0      0x69a CMakeFiles/pico_rx.dir/Users/jin/.pico-sdk/sdk/1.5.1/src/rp2_common/hardware_claim/claim.c.obj
 .debug_info    0x00003c4a      0x5fa CMakeFiles/pico_rx.dir/Users/jin/.pico-sdk/sdk/1.5.1/src/rp2_common/hardware_sync/sync.c.obj
 .debug_info    0x00004244     0x1c43 CMakeFiles/pico_rx.dir/Users/jin/.pico-sdk/sdk/1.5.1/src/rp2_common/hardware_irq/irq.c.obj
 .debug_info    0x00005e87      0x1a3 CMakeFiles/pico_rx.dir/Users/jin/.pico-sdk/sdk/1.5.1/src/common/pico_sync/lock_core.c.obj
 .debug_info    0x0000602a     0x1d29 CMakeFiles/pico_rx.dir/Users/jin/.pico-sdk/sdk/1.5.1/src/common/pico_sync/mutex.c.obj
 .debug_info    0x00007d53     0x33f9 CMakeFiles/pico_rx.dir/Users/jin/.pico-sdk/sdk/1.5.1/src/common/pico_time/time.c.obj
 .debug_info    0x0000b14c     0x145b CMakeFiles/pico_rx.dir/Users/jin/.pico-sdk/sdk/1.5.1/src/rp2_common/hardware_timer/timer.c.obj
 .debug_info    0x0000c5a7      0xe82 CMakeFiles/pico_rx.dir/Users/jin/.pico-sdk/sdk/1.5.1/src/common/pico_util/pheap.c.obj
 .debug_info    0x0000d429      0xd98 CMakeFiles/pico_rx.dir/Users/jin/.pico-sdk/sdk/1.5.1/src/rp2_common/hardware_uart/uart.c.obj
 .debug_info    0x0000e1c1      0xfe7 CMakeFiles/pico_rx.dir/Users/jin/.pico-sdk/sdk/1.5.1/src/rp2_common/hardware_clocks/clocks.c.obj
 .debug_info    0x0000f1a8      0x505 CMakeFiles/pico_rx.dir/Users/jin/.pico-sdk/sdk/1.5.1/src/rp2_common/hardware_pll/pll.c.obj
 .debug_info    0x0000f6ad      0x4d8 CMakeFiles/pico_rx.dir/Users/jin/.pico-sdk/sdk/1.5.1/src/rp2_common/hardware_watchdog/watchdog.c.obj
 .debug_info    0x0000fb85      0x1c7 CMakeFiles/pico_rx.dir/Users/jin/.pico-sdk/sdk/1.5.1/src/rp2_common/hardware_xosc/xosc.c.obj
 .debug_info    0x0000fd4c      0xf23 CMakeFiles/pico_rx.dir/Users/jin/.pico-sdk/sdk/1.5.1/src/rp2_common/pico_runtime/runtime.c.obj
 .debug_info    0x00010c6f     0x19db CMakeFiles/pico_rx.dir/Users/jin/.pico-sdk/sdk/1.5.1/src/rp2_common/pico_printf/printf.c.obj
 .debug_info    0x0001264a       0x23 CMakeFiles/pico_rx.dir/Users/jin/.pico-sdk/sdk/1.5.1/src/rp2_common/pico_bit_ops/bit_ops_aeabi.S.obj
 .debug_info    0x0001266d      0x331 CMakeFiles/pico_rx.dir/Users/jin/.pico-sdk/sdk/1.5.1/src/rp2_common/pico_bootrom/bootrom.c.obj
 .debug_info    0x0001299e       0x23 CMakeFiles/pico_rx.dir/Users/jin/.pico-sdk/sdk/1.5.1/src/rp2_common/pico_divider/divider.S.obj
 .debug_info    0x000129c1       0x23 CMakeFiles/pico_rx.dir/Users/jin/.pico-sdk/sdk/1.5.1/src/rp2_common/pico_double/double_aeabi.S.obj
 .debug_info    0x000129e4      0x33b CMakeFiles/pico_rx.dir/Users/jin/.pico-sdk/sdk/1.5.1/src/rp2_common/pico_double/double_init_rom.c.obj
 .debug_info    0x00012d1f       0x23 CMakeFiles/pico_rx.dir/Users/jin/.pico-sdk/sdk/1.5.1/src/rp2_common/pico_double/double_v1_rom_shim.S.obj
 .debug_info    0x00012d42       0x24 CMakeFiles/pico_rx.dir/Users/jin/.pico-sdk/sdk/1.5.1/src/rp2_common/pico_int64_ops/pico_int64_ops_aeabi.S.obj
 .debug_info    0x00012d66       0x23 CMakeFiles/pico_rx.dir/Users/jin/.pico-sdk/sdk/1.5.1/src/rp2_common/pico_float/float_aeabi.S.obj
 .debug_info    0x00012d89      0x34f CMakeFiles/pico_rx.dir/Users/jin/.pico-sdk/sdk/1.5.1/src/rp2_common/pico_float/float_init_rom.c.obj
 .debug_info    0x000130d8       0x23 CMakeFiles/pico_rx.dir/Users/jin/.pico-sdk/sdk/1.5.1/src/rp2_common/pico_float/float_v1_rom_shim.S.obj
 .debug_info    0x000130fb       0x23 CMakeFiles/pico_rx.dir/Users/jin/.pico-sdk/sdk/1.5.1/src/rp2_common/pico_mem_ops/mem_ops_aeabi.S.obj
 .debug_info    0x0001311e       0x23 CMakeFiles/pico_rx.dir/Users/jin/.pico-sdk/sdk/1.5.1/src/rp2_common/pico_standard_link/crt0.S.obj
 .debug_info    0x00013141      0x2e2 CMakeFiles/pico_rx.dir/Users/jin/.pico-sdk/sdk/1.5.1/src/rp2_common/pico_standard_link/binary_info.c.obj
 .debug_info    0x00013423     0x1743 CMakeFiles/pico_rx.dir/Users/jin/.pico-sdk/sdk/1.5.1/src/rp2_common/pico_stdio/stdio.c.obj
 .debug_info    0x00014b66     0x1035 CMakeFiles/pico_rx.dir/Users/jin/.pico-sdk/sdk/1.5.1/src/rp2_common/pico_stdio_uart/stdio_uart.c.obj
 .debug_info    0x00015b9b     0x1194 CMakeFiles/pico_rx.dir/Users/jin/.pico-sdk/sdk/1.5.1/src/rp2_common/hardware_spi/spi.c.obj

.debug_abbrev   0x00000000     0x4d11
 .debug_abbrev  0x00000000      0x2ea CMakeFiles/pico_rx.dir/pico_rx.c.obj
 .debug_abbrev  0x000002ea      0x348 CMakeFiles/pico_rx.dir/pico_uart_debug.c.obj
 .debug_abbrev  0x00000632      0x3a6 CMakeFiles/pico_rx.dir/Users/jin/.pico-sdk/sdk/1.5.1/src/rp2_common/hardware_gpio/gpio.c.obj
 .debug_abbrev  0x000009d8       0xf8 CMakeFiles/pico_rx.dir/Users/jin/.pico-sdk/sdk/1.5.1/src/rp2_common/pico_platform/platform.c.obj
 .debug_abbrev  0x00000ad0      0x2ce CMakeFiles/pico_rx.dir/Users/jin/.pico-sdk/sdk/1.5.1/src/rp2_common/hardware_claim/claim.c.obj
 .debug_abbrev  0x00000d9e      0x249 CMakeFiles/pico_rx.dir/Users/jin/.pico-sdk/sdk/1.5.1/src/rp2_common/hardware_sync/sync.c.obj
 .debug_abbrev  0x00000fe7      0x500 CMakeFiles/pico_rx.dir/Users/jin/.pico-sdk/sdk/1.5.1/src/rp2_common/hardware_irq/irq.c.obj
 .debug_abbrev  0x000014e7      0x116 CMakeFiles/pico_rx.dir/Users/jin/.pico-sdk/sdk/1.5.1/src/common/pico_sync/lock_core.c.obj
 .debug_abbrev  0x000015fd      0x3f1 CMakeFiles/pico_rx.dir/Users/jin/.pico-sdk/sdk/1.5.1/src/common/pico_sync/mutex.c.obj
 .debug_abbrev  0x000019ee      0x5c3 CMakeFiles/pico_rx.dir/Users/jin/.pico-sdk/sdk/1.5.1/src/common/pico_time/time.c.obj
 .debug_abbrev  0x00001fb1      0x3d5 CMakeFiles/pico_rx.dir/Users/jin/.pico-sdk/sdk/1.5.1/src/rp2_common/hardware_timer/timer.c.obj
 .debug_abbrev  0x00002386      0x290 CMakeFiles/pico_rx.dir/Users/jin/.pico-sdk/sdk/1.5.1/src/common/pico_util/pheap.c.obj
 .debug_abbrev  0x00002616      0x349 CMakeFiles/pico_rx.dir/Users/jin/.pico-sdk/sdk/1.5.1/src/rp2_common/hardware_uart/uart.c.obj
 .debug_abbrev  0x0000295f      0x434 CMakeFiles/pico_rx.dir/Users/jin/.pico-sdk/sdk/1.5.1/src/rp2_common/hardware_clocks/clocks.c.obj
 .debug_abbrev  0x00002d93      0x1e7 CMakeFiles/pico_rx.dir/Users/jin/.pico-sdk/sdk/1.5.1/src/rp2_common/hardware_pll/pll.c.obj
 .debug_abbrev  0x00002f7a      0x1a8 CMakeFiles/pico_rx.dir/Users/jin/.pico-sdk/sdk/1.5.1/src/rp2_common/hardware_watchdog/watchdog.c.obj
 .debug_abbrev  0x00003122      0x10c CMakeFiles/pico_rx.dir/Users/jin/.pico-sdk/sdk/1.5.1/src/rp2_common/hardware_xosc/xosc.c.obj
 .debug_abbrev  0x0000322e      0x530 CMakeFiles/pico_rx.dir/Users/jin/.pico-sdk/sdk/1.5.1/src/rp2_common/pico_runtime/runtime.c.obj
 .debug_abbrev  0x0000375e      0x371 CMakeFiles/pico_rx.dir/Users/jin/.pico-sdk/sdk/1.5.1/src/rp2_common/pico_printf/printf.c.obj
 .debug_abbrev  0x00003acf       0x12 CMakeFiles/pico_rx.dir/Users/jin/.pico-sdk/sdk/1.5.1/src/rp2_common/pico_bit_ops/bit_ops_aeabi.S.obj
 .debug_abbrev  0x00003ae1      0x167 CMakeFiles/pico_rx.dir/Users/jin/.pico-sdk/sdk/1.5.1/src/rp2_common/pico_bootrom/bootrom.c.obj
 .debug_abbrev  0x00003c48       0x12 CMakeFiles/pico_rx.dir/Users/jin/.pico-sdk/sdk/1.5.1/src/rp2_common/pico_divider/divider.S.obj
 .debug_abbrev  0x00003c5a       0x12 CMakeFiles/pico_rx.dir/Users/jin/.pico-sdk/sdk/1.5.1/src/rp2_common/pico_double/double_aeabi.S.obj
 .debug_abbrev  0x00003c6c      0x1c3 CMakeFiles/pico_rx.dir/Users/jin/.pico-sdk/sdk/1.5.1/src/rp2_common/pico_double/double_init_rom.c.obj
 .debug_abbrev  0x00003e2f       0x12 CMakeFiles/pico_rx.dir/Users/jin/.pico-sdk/sdk/1.5.1/src/rp2_common/pico_double/double_v1_rom_shim.S.obj
 .debug_abbrev  0x00003e41       0x14 CMakeFiles/pico_rx.dir/Users/jin/.pico-sdk/sdk/1.5.1/src/rp2_common/pico_int64_ops/pico_int64_ops_aeabi.S.obj
 .debug_abbrev  0x00003e55       0x12 CMakeFiles/pico_rx.dir/Users/jin/.pico-sdk/sdk/1.5.1/src/rp2_common/pico_float/float_aeabi.S.obj
 .debug_abbrev  0x00003e67      0x1c6 CMakeFiles/pico_rx.dir/Users/jin/.pico-sdk/sdk/1.5.1/src/rp2_common/pico_float/float_init_rom.c.obj
 .debug_abbrev  0x0000402d       0x12 CMakeFiles/pico_rx.dir/Users/jin/.pico-sdk/sdk/1.5.1/src/rp2_common/pico_float/float_v1_rom_shim.S.obj
 .debug_abbrev  0x0000403f       0x12 CMakeFiles/pico_rx.dir/Users/jin/.pico-sdk/sdk/1.5.1/src/rp2_common/pico_mem_ops/mem_ops_aeabi.S.obj
 .debug_abbrev  0x00004051       0x12 CMakeFiles/pico_rx.dir/Users/jin/.pico-sdk/sdk/1.5.1/src/rp2_common/pico_standard_link/crt0.S.obj
 .debug_abbrev  0x00004063       0xb8 CMakeFiles/pico_rx.dir/Users/jin/.pico-sdk/sdk/1.5.1/src/rp2_common/pico_standard_link/binary_info.c.obj
 .debug_abbrev  0x0000411b      0x47a CMakeFiles/pico_rx.dir/Users/jin/.pico-sdk/sdk/1.5.1/src/rp2_common/pico_stdio/stdio.c.obj